[*] mode: BASELINE
[*] dataset: all_filtered (./dataset_all_filtered)
[*] save_path: ./results/experiments\all_filtered/transunet_pretrained_20260622\0623_1028
[*] device: cuda
[*] seed: 42
[*] seg_loss: bce_dice
[*] pretrained: model\vit_checkpoint\imagenet21k\R50+ViT-B_16.npz
load_pretrained: grid-size from 14 to 16
[*] 已加载预训练权重: model\vit_checkpoint\imagenet21k\R50+ViT-B_16.npz
Ep 001 | Loss: 0.9091 | Dice: 0.7627 | HD95: 26.93
[*] Update best model: Dice = 0.7627
Ep 002 | Loss: 0.5785 | Dice: 0.7547 | HD95: 22.77
Ep 003 | Loss: 0.5044 | Dice: 0.7742 | HD95: 19.73
[*] Update best model: Dice = 0.7742
Ep 004 | Loss: 0.4831 | Dice: 0.7765 | HD95: 21.92
[*] Update best model: Dice = 0.7765
Ep 005 | Loss: 0.4644 | Dice: 0.7614 | HD95: 27.16
Ep 006 | Loss: 0.4554 | Dice: 0.7800 | HD95: 22.61
[*] Update best model: Dice = 0.7800
Ep 007 | Loss: 0.4417 | Dice: 0.7706 | HD95: 21.09
Ep 008 | Loss: 0.4331 | Dice: 0.7885 | HD95: 19.92
[*] Update best model: Dice = 0.7885
Ep 009 | Loss: 0.4224 | Dice: 0.7798 | HD95: 22.20
Ep 010 | Loss: 0.4161 | Dice: 0.7883 | HD95: 19.85
Ep 011 | Loss: 0.4077 | Dice: 0.7917 | HD95: 19.53
[*] Update best model: Dice = 0.7917
Ep 012 | Loss: 0.4046 | Dice: 0.7866 | HD95: 19.27
Ep 013 | Loss: 0.3938 | Dice: 0.7827 | HD95: 19.11
Ep 014 | Loss: 0.3896 | Dice: 0.7869 | HD95: 19.23
Ep 015 | Loss: 0.3827 | Dice: 0.7842 | HD95: 20.02
Ep 016 | Loss: 0.3758 | Dice: 0.7854 | HD95: 19.28
Ep 017 | Loss: 0.3701 | Dice: 0.7902 | HD95: 19.77
Ep 018 | Loss: 0.3646 | Dice: 0.7844 | HD95: 19.90
Ep 019 | Loss: 0.3606 | Dice: 0.7891 | HD95: 19.95
Ep 020 | Loss: 0.3544 | Dice: 0.7924 | HD95: 19.03
[*] Update best model: Dice = 0.7924
Ep 021 | Loss: 0.3466 | Dice: 0.7888 | HD95: 18.19
Ep 022 | Loss: 0.3385 | Dice: 0.7879 | HD95: 18.78
Ep 023 | Loss: 0.3357 | Dice: 0.7846 | HD95: 19.02
Ep 024 | Loss: 0.3290 | Dice: 0.7893 | HD95: 18.63
Ep 025 | Loss: 0.3245 | Dice: 0.7888 | HD95: 18.78
Ep 026 | Loss: 0.3197 | Dice: 0.7840 | HD95: 19.08
Ep 027 | Loss: 0.3131 | Dice: 0.7838 | HD95: 18.72
Ep 028 | Loss: 0.3051 | Dice: 0.7844 | HD95: 20.54
Ep 029 | Loss: 0.3017 | Dice: 0.7870 | HD95: 18.71
Ep 030 | Loss: 0.2972 | Dice: 0.7861 | HD95: 18.21
Ep 031 | Loss: 0.2892 | Dice: 0.7859 | HD95: 18.12
Ep 032 | Loss: 0.2863 | Dice: 0.7864 | HD95: 18.63
Ep 033 | Loss: 0.2822 | Dice: 0.7787 | HD95: 18.72
Ep 034 | Loss: 0.2784 | Dice: 0.7824 | HD95: 18.83
Ep 035 | Loss: 0.2720 | Dice: 0.7795 | HD95: 19.40
Ep 036 | Loss: 0.2667 | Dice: 0.7746 | HD95: 19.01
Ep 037 | Loss: 0.2637 | Dice: 0.7821 | HD95: 18.87
Ep 038 | Loss: 0.2607 | Dice: 0.7786 | HD95: 18.81
Ep 039 | Loss: 0.2561 | Dice: 0.7763 | HD95: 19.41
Ep 040 | Loss: 0.2545 | Dice: 0.7788 | HD95: 18.18
[*] Early stopping after 20 epochs without improvement

==================================================
[*] Load best model for test evaluation...

[FINAL TEST RESULTS] BASELINE
--------------------------------------------------
Dice:  0.7567
IoU:   0.6188
HD95:  22.69
Sens:  0.8016
Spec:  0.9643
Acc:   0.9477
Prec:  0.7331
--------------------------------------------------

[*] Training complete. Results saved to: ./results/experiments\all_filtered/transunet_pretrained_20260622\0623_1028
