[*] mode: PRIOR_FUSION
[*] dataset: all_filtered (./dataset_all_filtered)
[*] save_path: ./results/experiments\all_filtered/f3_directional_green_multiscale_scratch_seed42_20260715\0715_1556
[*] device: cuda
[*] seed: 42
[*] seg_loss: bce_dice
[*] prior_fusion_variant: directional_multiscale
[*] 未加载预训练权重，从头训练
Ep 001 | Loss: 0.8377 | Dice: 0.7451 | HD95: 26.37 | Prior(direction_weight_horizontal21:0.312 direction_weight_horizontal7:0.403 direction_weight_local3:0.062 direction_weight_vertical21:0.101 direction_weight_vertical7:0.121 fusion_1_alpha:-0.015 fusion_1_gate_mean:0.888 fusion_2_alpha:-0.031 fusion_2_gate_mean:0.982 fusion_3_alpha:0.064 fusion_3_gate_mean:0.839)
[*] Update best model: Dice = 0.7451
Ep 002 | Loss: 0.5278 | Dice: 0.7554 | HD95: 21.79 | Prior(direction_weight_horizontal21:0.300 direction_weight_horizontal7:0.444 direction_weight_local3:0.055 direction_weight_vertical21:0.089 direction_weight_vertical7:0.112 fusion_1_alpha:-0.015 fusion_1_gate_mean:0.926 fusion_2_alpha:-0.031 fusion_2_gate_mean:0.982 fusion_3_alpha:0.067 fusion_3_gate_mean:0.853)
[*] Update best model: Dice = 0.7554
Ep 003 | Loss: 0.5048 | Dice: 0.7638 | HD95: 22.05 | Prior(direction_weight_horizontal21:0.265 direction_weight_horizontal7:0.495 direction_weight_local3:0.053 direction_weight_vertical21:0.077 direction_weight_vertical7:0.110 fusion_1_alpha:-0.015 fusion_1_gate_mean:0.968 fusion_2_alpha:-0.031 fusion_2_gate_mean:0.982 fusion_3_alpha:0.068 fusion_3_gate_mean:0.852)
[*] Update best model: Dice = 0.7638
Ep 004 | Loss: 0.4907 | Dice: 0.7632 | HD95: 20.16 | Prior(direction_weight_horizontal21:0.256 direction_weight_horizontal7:0.511 direction_weight_local3:0.051 direction_weight_vertical21:0.073 direction_weight_vertical7:0.108 fusion_1_alpha:-0.016 fusion_1_gate_mean:0.967 fusion_2_alpha:-0.032 fusion_2_gate_mean:0.980 fusion_3_alpha:0.069 fusion_3_gate_mean:0.853)
Ep 005 | Loss: 0.4851 | Dice: 0.7746 | HD95: 20.73 | Prior(direction_weight_horizontal21:0.237 direction_weight_horizontal7:0.538 direction_weight_local3:0.050 direction_weight_vertical21:0.067 direction_weight_vertical7:0.108 fusion_1_alpha:-0.016 fusion_1_gate_mean:0.972 fusion_2_alpha:-0.032 fusion_2_gate_mean:0.979 fusion_3_alpha:0.069 fusion_3_gate_mean:0.852)
[*] Update best model: Dice = 0.7746
Ep 006 | Loss: 0.4750 | Dice: 0.7678 | HD95: 21.43 | Prior(direction_weight_horizontal21:0.220 direction_weight_horizontal7:0.567 direction_weight_local3:0.048 direction_weight_vertical21:0.061 direction_weight_vertical7:0.105 fusion_1_alpha:-0.015 fusion_1_gate_mean:0.972 fusion_2_alpha:-0.032 fusion_2_gate_mean:0.979 fusion_3_alpha:0.069 fusion_3_gate_mean:0.855)
Ep 007 | Loss: 0.4675 | Dice: 0.7755 | HD95: 19.89 | Prior(direction_weight_horizontal21:0.209 direction_weight_horizontal7:0.584 direction_weight_local3:0.046 direction_weight_vertical21:0.058 direction_weight_vertical7:0.104 fusion_1_alpha:-0.015 fusion_1_gate_mean:0.973 fusion_2_alpha:-0.032 fusion_2_gate_mean:0.980 fusion_3_alpha:0.069 fusion_3_gate_mean:0.855)
[*] Update best model: Dice = 0.7755
Ep 008 | Loss: 0.4635 | Dice: 0.7747 | HD95: 20.34 | Prior(direction_weight_horizontal21:0.197 direction_weight_horizontal7:0.605 direction_weight_local3:0.044 direction_weight_vertical21:0.054 direction_weight_vertical7:0.100 fusion_1_alpha:-0.015 fusion_1_gate_mean:0.973 fusion_2_alpha:-0.033 fusion_2_gate_mean:0.978 fusion_3_alpha:0.070 fusion_3_gate_mean:0.853)
Ep 009 | Loss: 0.4589 | Dice: 0.7805 | HD95: 22.69 | Prior(direction_weight_horizontal21:0.185 direction_weight_horizontal7:0.624 direction_weight_local3:0.042 direction_weight_vertical21:0.050 direction_weight_vertical7:0.099 fusion_1_alpha:-0.016 fusion_1_gate_mean:0.971 fusion_2_alpha:-0.033 fusion_2_gate_mean:0.979 fusion_3_alpha:0.070 fusion_3_gate_mean:0.852)
[*] Update best model: Dice = 0.7805
Ep 010 | Loss: 0.4535 | Dice: 0.7765 | HD95: 21.79 | Prior(direction_weight_horizontal21:0.177 direction_weight_horizontal7:0.638 direction_weight_local3:0.041 direction_weight_vertical21:0.048 direction_weight_vertical7:0.097 fusion_1_alpha:-0.015 fusion_1_gate_mean:0.965 fusion_2_alpha:-0.034 fusion_2_gate_mean:0.976 fusion_3_alpha:0.070 fusion_3_gate_mean:0.850)
Ep 011 | Loss: 0.4494 | Dice: 0.7844 | HD95: 18.89 | Prior(direction_weight_horizontal21:0.167 direction_weight_horizontal7:0.658 direction_weight_local3:0.038 direction_weight_vertical21:0.045 direction_weight_vertical7:0.093 fusion_1_alpha:-0.016 fusion_1_gate_mean:0.977 fusion_2_alpha:-0.035 fusion_2_gate_mean:0.981 fusion_3_alpha:0.070 fusion_3_gate_mean:0.846)
[*] Update best model: Dice = 0.7844
Ep 012 | Loss: 0.4419 | Dice: 0.7827 | HD95: 19.42 | Prior(direction_weight_horizontal21:0.161 direction_weight_horizontal7:0.667 direction_weight_local3:0.037 direction_weight_vertical21:0.043 direction_weight_vertical7:0.093 fusion_1_alpha:-0.016 fusion_1_gate_mean:0.972 fusion_2_alpha:-0.034 fusion_2_gate_mean:0.979 fusion_3_alpha:0.070 fusion_3_gate_mean:0.852)
Ep 013 | Loss: 0.4348 | Dice: 0.7874 | HD95: 20.57 | Prior(direction_weight_horizontal21:0.157 direction_weight_horizontal7:0.673 direction_weight_local3:0.036 direction_weight_vertical21:0.042 direction_weight_vertical7:0.091 fusion_1_alpha:-0.017 fusion_1_gate_mean:0.982 fusion_2_alpha:-0.035 fusion_2_gate_mean:0.983 fusion_3_alpha:0.070 fusion_3_gate_mean:0.844)
[*] Update best model: Dice = 0.7874
Ep 014 | Loss: 0.4374 | Dice: 0.7759 | HD95: 23.80 | Prior(direction_weight_horizontal21:0.148 direction_weight_horizontal7:0.690 direction_weight_local3:0.033 direction_weight_vertical21:0.040 direction_weight_vertical7:0.088 fusion_1_alpha:-0.016 fusion_1_gate_mean:0.979 fusion_2_alpha:-0.035 fusion_2_gate_mean:0.981 fusion_3_alpha:0.070 fusion_3_gate_mean:0.849)
Ep 015 | Loss: 0.4320 | Dice: 0.7843 | HD95: 20.56 | Prior(direction_weight_horizontal21:0.142 direction_weight_horizontal7:0.701 direction_weight_local3:0.032 direction_weight_vertical21:0.038 direction_weight_vertical7:0.086 fusion_1_alpha:-0.017 fusion_1_gate_mean:0.982 fusion_2_alpha:-0.036 fusion_2_gate_mean:0.984 fusion_3_alpha:0.070 fusion_3_gate_mean:0.841)
Ep 016 | Loss: 0.4273 | Dice: 0.7850 | HD95: 21.45 | Prior(direction_weight_horizontal21:0.137 direction_weight_horizontal7:0.711 direction_weight_local3:0.030 direction_weight_vertical21:0.037 direction_weight_vertical7:0.084 fusion_1_alpha:-0.018 fusion_1_gate_mean:0.986 fusion_2_alpha:-0.037 fusion_2_gate_mean:0.985 fusion_3_alpha:0.070 fusion_3_gate_mean:0.847)
Ep 017 | Loss: 0.4198 | Dice: 0.7774 | HD95: 19.58 | Prior(direction_weight_horizontal21:0.136 direction_weight_horizontal7:0.716 direction_weight_local3:0.029 direction_weight_vertical21:0.036 direction_weight_vertical7:0.083 fusion_1_alpha:-0.018 fusion_1_gate_mean:0.976 fusion_2_alpha:-0.036 fusion_2_gate_mean:0.982 fusion_3_alpha:0.071 fusion_3_gate_mean:0.850)
Ep 018 | Loss: 0.4163 | Dice: 0.7803 | HD95: 22.19 | Prior(direction_weight_horizontal21:0.131 direction_weight_horizontal7:0.724 direction_weight_local3:0.028 direction_weight_vertical21:0.035 direction_weight_vertical7:0.081 fusion_1_alpha:-0.019 fusion_1_gate_mean:0.984 fusion_2_alpha:-0.037 fusion_2_gate_mean:0.982 fusion_3_alpha:0.071 fusion_3_gate_mean:0.848)
Ep 019 | Loss: 0.4153 | Dice: 0.7855 | HD95: 20.38 | Prior(direction_weight_horizontal21:0.127 direction_weight_horizontal7:0.734 direction_weight_local3:0.026 direction_weight_vertical21:0.034 direction_weight_vertical7:0.079 fusion_1_alpha:-0.019 fusion_1_gate_mean:0.977 fusion_2_alpha:-0.037 fusion_2_gate_mean:0.981 fusion_3_alpha:0.071 fusion_3_gate_mean:0.854)
Ep 020 | Loss: 0.4097 | Dice: 0.7881 | HD95: 19.91 | Prior(direction_weight_horizontal21:0.124 direction_weight_horizontal7:0.741 direction_weight_local3:0.025 direction_weight_vertical21:0.033 direction_weight_vertical7:0.078 fusion_1_alpha:-0.019 fusion_1_gate_mean:0.982 fusion_2_alpha:-0.037 fusion_2_gate_mean:0.984 fusion_3_alpha:0.071 fusion_3_gate_mean:0.849)
[*] Update best model: Dice = 0.7881
Ep 021 | Loss: 0.4045 | Dice: 0.7849 | HD95: 19.37 | Prior(direction_weight_horizontal21:0.120 direction_weight_horizontal7:0.748 direction_weight_local3:0.024 direction_weight_vertical21:0.032 direction_weight_vertical7:0.076 fusion_1_alpha:-0.020 fusion_1_gate_mean:0.978 fusion_2_alpha:-0.038 fusion_2_gate_mean:0.981 fusion_3_alpha:0.071 fusion_3_gate_mean:0.848)
Ep 022 | Loss: 0.3998 | Dice: 0.7875 | HD95: 19.62 | Prior(direction_weight_horizontal21:0.117 direction_weight_horizontal7:0.755 direction_weight_local3:0.023 direction_weight_vertical21:0.031 direction_weight_vertical7:0.075 fusion_1_alpha:-0.021 fusion_1_gate_mean:0.985 fusion_2_alpha:-0.039 fusion_2_gate_mean:0.985 fusion_3_alpha:0.071 fusion_3_gate_mean:0.842)
Ep 023 | Loss: 0.3945 | Dice: 0.7897 | HD95: 19.10 | Prior(direction_weight_horizontal21:0.114 direction_weight_horizontal7:0.761 direction_weight_local3:0.022 direction_weight_vertical21:0.030 direction_weight_vertical7:0.073 fusion_1_alpha:-0.022 fusion_1_gate_mean:0.989 fusion_2_alpha:-0.039 fusion_2_gate_mean:0.986 fusion_3_alpha:0.071 fusion_3_gate_mean:0.845)
[*] Update best model: Dice = 0.7897
Ep 024 | Loss: 0.3899 | Dice: 0.7906 | HD95: 19.33 | Prior(direction_weight_horizontal21:0.113 direction_weight_horizontal7:0.763 direction_weight_local3:0.022 direction_weight_vertical21:0.030 direction_weight_vertical7:0.073 fusion_1_alpha:-0.023 fusion_1_gate_mean:0.989 fusion_2_alpha:-0.040 fusion_2_gate_mean:0.986 fusion_3_alpha:0.072 fusion_3_gate_mean:0.850)
[*] Update best model: Dice = 0.7906
Ep 025 | Loss: 0.3852 | Dice: 0.7891 | HD95: 19.57 | Prior(direction_weight_horizontal21:0.111 direction_weight_horizontal7:0.766 direction_weight_local3:0.021 direction_weight_vertical21:0.029 direction_weight_vertical7:0.072 fusion_1_alpha:-0.024 fusion_1_gate_mean:0.992 fusion_2_alpha:-0.040 fusion_2_gate_mean:0.988 fusion_3_alpha:0.072 fusion_3_gate_mean:0.848)
Ep 026 | Loss: 0.3810 | Dice: 0.7902 | HD95: 18.37 | Prior(direction_weight_horizontal21:0.109 direction_weight_horizontal7:0.771 direction_weight_local3:0.021 direction_weight_vertical21:0.029 direction_weight_vertical7:0.071 fusion_1_alpha:-0.025 fusion_1_gate_mean:0.992 fusion_2_alpha:-0.040 fusion_2_gate_mean:0.986 fusion_3_alpha:0.072 fusion_3_gate_mean:0.853)
Ep 027 | Loss: 0.3777 | Dice: 0.7820 | HD95: 18.65 | Prior(direction_weight_horizontal21:0.108 direction_weight_horizontal7:0.773 direction_weight_local3:0.020 direction_weight_vertical21:0.029 direction_weight_vertical7:0.070 fusion_1_alpha:-0.025 fusion_1_gate_mean:0.993 fusion_2_alpha:-0.040 fusion_2_gate_mean:0.988 fusion_3_alpha:0.072 fusion_3_gate_mean:0.842)
Ep 028 | Loss: 0.3715 | Dice: 0.7938 | HD95: 18.76 | Prior(direction_weight_horizontal21:0.105 direction_weight_horizontal7:0.778 direction_weight_local3:0.020 direction_weight_vertical21:0.028 direction_weight_vertical7:0.069 fusion_1_alpha:-0.026 fusion_1_gate_mean:0.992 fusion_2_alpha:-0.041 fusion_2_gate_mean:0.987 fusion_3_alpha:0.072 fusion_3_gate_mean:0.835)
[*] Update best model: Dice = 0.7938
Ep 029 | Loss: 0.3681 | Dice: 0.7847 | HD95: 18.71 | Prior(direction_weight_horizontal21:0.104 direction_weight_horizontal7:0.781 direction_weight_local3:0.019 direction_weight_vertical21:0.027 direction_weight_vertical7:0.068 fusion_1_alpha:-0.027 fusion_1_gate_mean:0.994 fusion_2_alpha:-0.041 fusion_2_gate_mean:0.988 fusion_3_alpha:0.072 fusion_3_gate_mean:0.850)
Ep 030 | Loss: 0.3639 | Dice: 0.7884 | HD95: 18.80 | Prior(direction_weight_horizontal21:0.103 direction_weight_horizontal7:0.784 direction_weight_local3:0.019 direction_weight_vertical21:0.027 direction_weight_vertical7:0.067 fusion_1_alpha:-0.027 fusion_1_gate_mean:0.991 fusion_2_alpha:-0.041 fusion_2_gate_mean:0.987 fusion_3_alpha:0.073 fusion_3_gate_mean:0.844)
Ep 031 | Loss: 0.3596 | Dice: 0.7818 | HD95: 19.83 | Prior(direction_weight_horizontal21:0.102 direction_weight_horizontal7:0.786 direction_weight_local3:0.019 direction_weight_vertical21:0.027 direction_weight_vertical7:0.066 fusion_1_alpha:-0.028 fusion_1_gate_mean:0.995 fusion_2_alpha:-0.042 fusion_2_gate_mean:0.988 fusion_3_alpha:0.073 fusion_3_gate_mean:0.861)
Ep 032 | Loss: 0.3547 | Dice: 0.7849 | HD95: 19.82 | Prior(direction_weight_horizontal21:0.102 direction_weight_horizontal7:0.786 direction_weight_local3:0.019 direction_weight_vertical21:0.027 direction_weight_vertical7:0.066 fusion_1_alpha:-0.028 fusion_1_gate_mean:0.994 fusion_2_alpha:-0.042 fusion_2_gate_mean:0.988 fusion_3_alpha:0.073 fusion_3_gate_mean:0.855)
Ep 033 | Loss: 0.3531 | Dice: 0.7804 | HD95: 19.83 | Prior(direction_weight_horizontal21:0.102 direction_weight_horizontal7:0.786 direction_weight_local3:0.019 direction_weight_vertical21:0.027 direction_weight_vertical7:0.067 fusion_1_alpha:-0.029 fusion_1_gate_mean:0.994 fusion_2_alpha:-0.042 fusion_2_gate_mean:0.989 fusion_3_alpha:0.073 fusion_3_gate_mean:0.848)
Ep 034 | Loss: 0.3507 | Dice: 0.7793 | HD95: 19.06 | Prior(direction_weight_horizontal21:0.101 direction_weight_horizontal7:0.788 direction_weight_local3:0.018 direction_weight_vertical21:0.027 direction_weight_vertical7:0.066 fusion_1_alpha:-0.030 fusion_1_gate_mean:0.993 fusion_2_alpha:-0.042 fusion_2_gate_mean:0.989 fusion_3_alpha:0.073 fusion_3_gate_mean:0.856)
Ep 035 | Loss: 0.3446 | Dice: 0.7853 | HD95: 19.35 | Prior(direction_weight_horizontal21:0.100 direction_weight_horizontal7:0.789 direction_weight_local3:0.018 direction_weight_vertical21:0.026 direction_weight_vertical7:0.066 fusion_1_alpha:-0.030 fusion_1_gate_mean:0.993 fusion_2_alpha:-0.043 fusion_2_gate_mean:0.989 fusion_3_alpha:0.073 fusion_3_gate_mean:0.859)
Ep 036 | Loss: 0.3423 | Dice: 0.7871 | HD95: 18.97 | Prior(direction_weight_horizontal21:0.100 direction_weight_horizontal7:0.791 direction_weight_local3:0.018 direction_weight_vertical21:0.026 direction_weight_vertical7:0.065 fusion_1_alpha:-0.031 fusion_1_gate_mean:0.995 fusion_2_alpha:-0.043 fusion_2_gate_mean:0.990 fusion_3_alpha:0.073 fusion_3_gate_mean:0.853)
Ep 037 | Loss: 0.3369 | Dice: 0.7854 | HD95: 18.71 | Prior(direction_weight_horizontal21:0.099 direction_weight_horizontal7:0.792 direction_weight_local3:0.018 direction_weight_vertical21:0.026 direction_weight_vertical7:0.064 fusion_1_alpha:-0.032 fusion_1_gate_mean:0.995 fusion_2_alpha:-0.043 fusion_2_gate_mean:0.990 fusion_3_alpha:0.073 fusion_3_gate_mean:0.853)
Ep 038 | Loss: 0.3363 | Dice: 0.7889 | HD95: 18.60 | Prior(direction_weight_horizontal21:0.099 direction_weight_horizontal7:0.793 direction_weight_local3:0.018 direction_weight_vertical21:0.026 direction_weight_vertical7:0.064 fusion_1_alpha:-0.032 fusion_1_gate_mean:0.995 fusion_2_alpha:-0.043 fusion_2_gate_mean:0.990 fusion_3_alpha:0.073 fusion_3_gate_mean:0.857)
Ep 039 | Loss: 0.3341 | Dice: 0.7874 | HD95: 18.60 | Prior(direction_weight_horizontal21:0.099 direction_weight_horizontal7:0.794 direction_weight_local3:0.018 direction_weight_vertical21:0.026 direction_weight_vertical7:0.064 fusion_1_alpha:-0.033 fusion_1_gate_mean:0.995 fusion_2_alpha:-0.044 fusion_2_gate_mean:0.990 fusion_3_alpha:0.074 fusion_3_gate_mean:0.850)
Ep 040 | Loss: 0.3313 | Dice: 0.7850 | HD95: 19.25 | Prior(direction_weight_horizontal21:0.098 direction_weight_horizontal7:0.796 direction_weight_local3:0.018 direction_weight_vertical21:0.026 direction_weight_vertical7:0.063 fusion_1_alpha:-0.033 fusion_1_gate_mean:0.995 fusion_2_alpha:-0.044 fusion_2_gate_mean:0.990 fusion_3_alpha:0.074 fusion_3_gate_mean:0.857)
Ep 041 | Loss: 0.3309 | Dice: 0.7880 | HD95: 19.19 | Prior(direction_weight_horizontal21:0.097 direction_weight_horizontal7:0.797 direction_weight_local3:0.018 direction_weight_vertical21:0.026 direction_weight_vertical7:0.063 fusion_1_alpha:-0.034 fusion_1_gate_mean:0.995 fusion_2_alpha:-0.044 fusion_2_gate_mean:0.990 fusion_3_alpha:0.074 fusion_3_gate_mean:0.850)
Ep 042 | Loss: 0.3267 | Dice: 0.7857 | HD95: 19.07 | Prior(direction_weight_horizontal21:0.097 direction_weight_horizontal7:0.797 direction_weight_local3:0.017 direction_weight_vertical21:0.025 direction_weight_vertical7:0.063 fusion_1_alpha:-0.034 fusion_1_gate_mean:0.995 fusion_2_alpha:-0.044 fusion_2_gate_mean:0.990 fusion_3_alpha:0.074 fusion_3_gate_mean:0.849)
Ep 043 | Loss: 0.3253 | Dice: 0.7855 | HD95: 19.13 | Prior(direction_weight_horizontal21:0.097 direction_weight_horizontal7:0.798 direction_weight_local3:0.017 direction_weight_vertical21:0.025 direction_weight_vertical7:0.062 fusion_1_alpha:-0.034 fusion_1_gate_mean:0.995 fusion_2_alpha:-0.044 fusion_2_gate_mean:0.990 fusion_3_alpha:0.074 fusion_3_gate_mean:0.852)
Ep 044 | Loss: 0.3239 | Dice: 0.7851 | HD95: 19.23 | Prior(direction_weight_horizontal21:0.097 direction_weight_horizontal7:0.798 direction_weight_local3:0.017 direction_weight_vertical21:0.025 direction_weight_vertical7:0.062 fusion_1_alpha:-0.034 fusion_1_gate_mean:0.996 fusion_2_alpha:-0.044 fusion_2_gate_mean:0.991 fusion_3_alpha:0.074 fusion_3_gate_mean:0.851)
Ep 045 | Loss: 0.3222 | Dice: 0.7856 | HD95: 18.92 | Prior(direction_weight_horizontal21:0.097 direction_weight_horizontal7:0.799 direction_weight_local3:0.017 direction_weight_vertical21:0.025 direction_weight_vertical7:0.062 fusion_1_alpha:-0.034 fusion_1_gate_mean:0.995 fusion_2_alpha:-0.044 fusion_2_gate_mean:0.991 fusion_3_alpha:0.074 fusion_3_gate_mean:0.852)
Ep 046 | Loss: 0.3202 | Dice: 0.7829 | HD95: 19.34 | Prior(direction_weight_horizontal21:0.096 direction_weight_horizontal7:0.799 direction_weight_local3:0.017 direction_weight_vertical21:0.025 direction_weight_vertical7:0.062 fusion_1_alpha:-0.035 fusion_1_gate_mean:0.995 fusion_2_alpha:-0.044 fusion_2_gate_mean:0.990 fusion_3_alpha:0.074 fusion_3_gate_mean:0.857)
Ep 047 | Loss: 0.3222 | Dice: 0.7851 | HD95: 19.31 | Prior(direction_weight_horizontal21:0.096 direction_weight_horizontal7:0.799 direction_weight_local3:0.017 direction_weight_vertical21:0.025 direction_weight_vertical7:0.062 fusion_1_alpha:-0.035 fusion_1_gate_mean:0.996 fusion_2_alpha:-0.044 fusion_2_gate_mean:0.991 fusion_3_alpha:0.074 fusion_3_gate_mean:0.851)
Ep 048 | Loss: 0.3196 | Dice: 0.7838 | HD95: 19.31 | Prior(direction_weight_horizontal21:0.096 direction_weight_horizontal7:0.799 direction_weight_local3:0.017 direction_weight_vertical21:0.025 direction_weight_vertical7:0.062 fusion_1_alpha:-0.035 fusion_1_gate_mean:0.996 fusion_2_alpha:-0.044 fusion_2_gate_mean:0.991 fusion_3_alpha:0.074 fusion_3_gate_mean:0.852)
[*] Early stopping after 20 epochs without improvement

[*] Training complete. Results saved to: ./results/experiments\all_filtered/f3_directional_green_multiscale_scratch_seed42_20260715\0715_1556
