[K2 reference evaluation step] 01_evaluate_reference_k2
[Exit code] 0

[stdout]
[*] 未加载预训练权重，从头训练
[K2 evaluation complete]
Reference_K2_seed42: Dice=0.7977, IoU=0.6706, Recall=0.8196, Precision=0.7936, HD95=18.30, clDice=0.8927, BoundaryF1=0.6971
Output: D:\Projects_\JiaBi_new\K2_model\outputs\smoke reference script fixed 20260809\20260809_000357

[stderr]

Evaluate Reference_K2_seed42:   0%|          | 0/113 [00:00<?, ?it/s]
Evaluate Reference_K2_seed42:   1%|          | 1/113 [00:00<01:10,  1.58it/s]
Evaluate Reference_K2_seed42:   2%|▏         | 2/113 [00:00<00:40,  2.76it/s]
Evaluate Reference_K2_seed42:   3%|▎         | 3/113 [00:01<00:31,  3.50it/s]
Evaluate Reference_K2_seed42:   4%|▎         | 4/113 [00:01<00:25,  4.32it/s]
Evaluate Reference_K2_seed42:   4%|▍         | 5/113 [00:01<00:24,  4.37it/s]
Evaluate Reference_K2_seed42:   5%|▌         | 6/113 [00:01<00:23,  4.62it/s]
Evaluate Reference_K2_seed42:   6%|▌         | 7/113 [00:01<00:21,  5.03it/s]
Evaluate Reference_K2_seed42:   7%|▋         | 8/113 [00:01<00:19,  5.51it/s]
Evaluate Reference_K2_seed42:   8%|▊         | 9/113 [00:02<00:20,  5.16it/s]
Evaluate Reference_K2_seed42:   9%|▉         | 10/113 [00:02<00:19,  5.41it/s]
Evaluate Reference_K2_seed42:  10%|▉         | 11/113 [00:02<00:18,  5.53it/s]
Evaluate Reference_K2_seed42:  11%|█         | 12/113 [00:02<00:16,  6.00it/s]
Evaluate Reference_K2_seed42:  12%|█▏        | 13/113 [00:02<00:16,  6.14it/s]
Evaluate Reference_K2_seed42:  12%|█▏        | 14/113 [00:02<00:16,  5.94it/s]
Evaluate Reference_K2_seed42:  13%|█▎        | 15/113 [00:03<00:17,  5.74it/s]
Evaluate Reference_K2_seed42:  14%|█▍        | 16/113 [00:03<00:17,  5.57it/s]
Evaluate Reference_K2_seed42:  15%|█▌        | 17/113 [00:03<00:17,  5.64it/s]
Evaluate Reference_K2_seed42:  16%|█▌        | 18/113 [00:03<00:16,  5.64it/s]
Evaluate Reference_K2_seed42:  17%|█▋        | 19/113 [00:03<00:17,  5.47it/s]
Evaluate Reference_K2_seed42:  18%|█▊        | 20/113 [00:04<00:17,  5.25it/s]
Evaluate Reference_K2_seed42:  19%|█▊        | 21/113 [00:04<00:17,  5.31it/s]
Evaluate Reference_K2_seed42:  19%|█▉        | 22/113 [00:04<00:17,  5.29it/s]
Evaluate Reference_K2_seed42:  20%|██        | 23/113 [00:04<00:16,  5.39it/s]
Evaluate Reference_K2_seed42:  21%|██        | 24/113 [00:04<00:16,  5.49it/s]
Evaluate Reference_K2_seed42:  22%|██▏       | 25/113 [00:04<00:15,  5.76it/s]
Evaluate Reference_K2_seed42:  23%|██▎       | 26/113 [00:05<00:14,  5.82it/s]
Evaluate Reference_K2_seed42:  24%|██▍       | 27/113 [00:05<00:15,  5.64it/s]
Evaluate Reference_K2_seed42:  25%|██▍       | 28/113 [00:05<00:14,  5.77it/s]
Evaluate Reference_K2_seed42:  26%|██▌       | 29/113 [00:05<00:14,  5.73it/s]
Evaluate Reference_K2_seed42:  27%|██▋       | 30/113 [00:05<00:12,  6.53it/s]
Evaluate Reference_K2_seed42:  27%|██▋       | 31/113 [00:05<00:11,  6.94it/s]
Evaluate Reference_K2_seed42:  28%|██▊       | 32/113 [00:06<00:12,  6.59it/s]
Evaluate Reference_K2_seed42:  29%|██▉       | 33/113 [00:06<00:12,  6.35it/s]
Evaluate Reference_K2_seed42:  30%|███       | 34/113 [00:06<00:11,  7.04it/s]
Evaluate Reference_K2_seed42:  31%|███       | 35/113 [00:06<00:11,  6.50it/s]
Evaluate Reference_K2_seed42:  32%|███▏      | 36/113 [00:06<00:12,  6.21it/s]
Evaluate Reference_K2_seed42:  33%|███▎      | 37/113 [00:06<00:12,  6.03it/s]
Evaluate Reference_K2_seed42:  34%|███▎      | 38/113 [00:06<00:12,  5.95it/s]
Evaluate Reference_K2_seed42:  35%|███▍      | 39/113 [00:07<00:12,  5.90it/s]
Evaluate Reference_K2_seed42:  35%|███▌      | 40/113 [00:07<00:12,  5.96it/s]
Evaluate Reference_K2_seed42:  36%|███▋      | 41/113 [00:07<00:11,  6.18it/s]
Evaluate Reference_K2_seed42:  37%|███▋      | 42/113 [00:07<00:11,  5.97it/s]
Evaluate Reference_K2_seed42:  38%|███▊      | 43/113 [00:07<00:11,  6.06it/s]
Evaluate Reference_K2_seed42:  39%|███▉      | 44/113 [00:08<00:11,  5.75it/s]
Evaluate Reference_K2_seed42:  40%|███▉      | 45/113 [00:08<00:10,  6.36it/s]
Evaluate Reference_K2_seed42:  41%|████      | 46/113 [00:08<00:10,  6.56it/s]
Evaluate Reference_K2_seed42:  42%|████▏     | 47/113 [00:08<00:10,  6.27it/s]
Evaluate Reference_K2_seed42:  42%|████▏     | 48/113 [00:08<00:10,  5.95it/s]
Evaluate Reference_K2_seed42:  43%|████▎     | 49/113 [00:08<00:10,  6.12it/s]
Evaluate Reference_K2_seed42:  44%|████▍     | 50/113 [00:08<00:10,  6.17it/s]
Evaluate Reference_K2_seed42:  45%|████▌     | 51/113 [00:09<00:09,  6.57it/s]
Evaluate Reference_K2_seed42:  46%|████▌     | 52/113 [00:09<00:09,  6.45it/s]
Evaluate Reference_K2_seed42:  47%|████▋     | 53/113 [00:09<00:09,  6.29it/s]
Evaluate Reference_K2_seed42:  48%|████▊     | 54/113 [00:09<00:09,  6.16it/s]
Evaluate Reference_K2_seed42:  49%|████▊     | 55/113 [00:09<00:10,  5.77it/s]
Evaluate Reference_K2_seed42:  50%|████▉     | 56/113 [00:09<00:09,  5.96it/s]
Evaluate Reference_K2_seed42:  50%|█████     | 57/113 [00:10<00:09,  6.07it/s]
Evaluate Reference_K2_seed42:  51%|█████▏    | 58/113 [00:10<00:09,  6.07it/s]
Evaluate Reference_K2_seed42:  52%|█████▏    | 59/113 [00:10<00:08,  6.19it/s]
Evaluate Reference_K2_seed42:  53%|█████▎    | 60/113 [00:10<00:08,  6.23it/s]
Evaluate Reference_K2_seed42:  54%|█████▍    | 61/113 [00:10<00:08,  6.27it/s]
Evaluate Reference_K2_seed42:  55%|█████▍    | 62/113 [00:10<00:08,  6.19it/s]
Evaluate Reference_K2_seed42:  56%|█████▌    | 63/113 [00:11<00:08,  5.81it/s]
Evaluate Reference_K2_seed42:  57%|█████▋    | 64/113 [00:11<00:08,  5.74it/s]
Evaluate Reference_K2_seed42:  58%|█████▊    | 65/113 [00:11<00:08,  5.59it/s]
Evaluate Reference_K2_seed42:  58%|█████▊    | 66/113 [00:11<00:08,  5.54it/s]
Evaluate Reference_K2_seed42:  59%|█████▉    | 67/113 [00:11<00:08,  5.44it/s]
Evaluate Reference_K2_seed42:  60%|██████    | 68/113 [00:12<00:08,  5.50it/s]
Evaluate Reference_K2_seed42:  61%|██████    | 69/113 [00:12<00:08,  5.48it/s]
Evaluate Reference_K2_seed42:  62%|██████▏   | 70/113 [00:12<00:07,  5.59it/s]
Evaluate Reference_K2_seed42:  63%|██████▎   | 71/113 [00:12<00:07,  5.69it/s]
Evaluate Reference_K2_seed42:  64%|██████▎   | 72/113 [00:12<00:07,  5.77it/s]
Evaluate Reference_K2_seed42:  65%|██████▍   | 73/113 [00:12<00:06,  5.79it/s]
Evaluate Reference_K2_seed42:  65%|██████▌   | 74/113 [00:13<00:06,  5.65it/s]
Evaluate Reference_K2_seed42:  66%|██████▋   | 75/113 [00:13<00:06,  5.68it/s]
Evaluate Reference_K2_seed42:  67%|██████▋   | 76/113 [00:13<00:06,  5.54it/s]
Evaluate Reference_K2_seed42:  68%|██████▊   | 77/113 [00:13<00:06,  5.57it/s]
Evaluate Reference_K2_seed42:  69%|██████▉   | 78/113 [00:13<00:06,  5.66it/s]
Evaluate Reference_K2_seed42:  70%|██████▉   | 79/113 [00:13<00:05,  5.68it/s]
Evaluate Reference_K2_seed42:  71%|███████   | 80/113 [00:14<00:05,  5.64it/s]
Evaluate Reference_K2_seed42:  72%|███████▏  | 81/113 [00:14<00:05,  6.04it/s]
Evaluate Reference_K2_seed42:  73%|███████▎  | 82/113 [00:14<00:05,  5.99it/s]
Evaluate Reference_K2_seed42:  73%|███████▎  | 83/113 [00:14<00:05,  5.94it/s]
Evaluate Reference_K2_seed42:  74%|███████▍  | 84/113 [00:14<00:04,  5.99it/s]
Evaluate Reference_K2_seed42:  75%|███████▌  | 85/113 [00:14<00:04,  6.07it/s]
Evaluate Reference_K2_seed42:  76%|███████▌  | 86/113 [00:15<00:04,  5.94it/s]
Evaluate Reference_K2_seed42:  77%|███████▋  | 87/113 [00:15<00:04,  5.98it/s]
Evaluate Reference_K2_seed42:  78%|███████▊  | 88/113 [00:15<00:04,  5.97it/s]
Evaluate Reference_K2_seed42:  79%|███████▉  | 89/113 [00:15<00:03,  6.02it/s]
Evaluate Reference_K2_seed42:  80%|███████▉  | 90/113 [00:15<00:03,  6.08it/s]
Evaluate Reference_K2_seed42:  81%|████████  | 91/113 [00:15<00:03,  6.21it/s]
Evaluate Reference_K2_seed42:  81%|████████▏ | 92/113 [00:16<00:03,  6.27it/s]
Evaluate Reference_K2_seed42:  82%|████████▏ | 93/113 [00:16<00:03,  6.15it/s]
Evaluate Reference_K2_seed42:  83%|████████▎ | 94/113 [00:16<00:03,  5.97it/s]
Evaluate Reference_K2_seed42:  84%|████████▍ | 95/113 [00:16<00:03,  5.92it/s]
Evaluate Reference_K2_seed42:  85%|████████▍ | 96/113 [00:16<00:02,  5.90it/s]
Evaluate Reference_K2_seed42:  86%|████████▌ | 97/113 [00:16<00:02,  6.19it/s]
Evaluate Reference_K2_seed42:  87%|████████▋ | 98/113 [00:17<00:02,  6.55it/s]
Evaluate Reference_K2_seed42:  88%|████████▊ | 99/113 [00:17<00:02,  6.14it/s]
Evaluate Reference_K2_seed42:  88%|████████▊ | 100/113 [00:17<00:02,  5.96it/s]
Evaluate Reference_K2_seed42:  89%|████████▉ | 101/113 [00:17<00:02,  5.79it/s]
Evaluate Reference_K2_seed42:  90%|█████████ | 102/113 [00:17<00:01,  5.76it/s]
Evaluate Reference_K2_seed42:  91%|█████████ | 103/113 [00:17<00:01,  5.82it/s]
Evaluate Reference_K2_seed42:  93%|█████████▎| 105/113 [00:18<00:01,  7.29it/s]
Evaluate Reference_K2_seed42:  94%|█████████▍| 106/113 [00:18<00:00,  7.31it/s]
Evaluate Reference_K2_seed42:  95%|█████████▍| 107/113 [00:18<00:00,  6.84it/s]
Evaluate Reference_K2_seed42:  96%|█████████▌| 108/113 [00:18<00:00,  6.71it/s]
Evaluate Reference_K2_seed42:  96%|█████████▋| 109/113 [00:18<00:00,  6.68it/s]
Evaluate Reference_K2_seed42:  97%|█████████▋| 110/113 [00:18<00:00,  6.57it/s]
Evaluate Reference_K2_seed42:  98%|█████████▊| 111/113 [00:18<00:00,  7.23it/s]
Evaluate Reference_K2_seed42:  99%|█████████▉| 112/113 [00:19<00:00,  7.26it/s]
Evaluate Reference_K2_seed42: 100%|██████████| 113/113 [00:19<00:00,  7.60it/s]
Evaluate Reference_K2_seed42: 100%|██████████| 113/113 [00:19<00:00,  5.87it/s]
