[*] mode: SOFT_KD
[*] dataset: all_filtered (./dataset_all_filtered)
[*] save_path: ./results/experiments\all_filtered/K0_finetune_control_20260717\0717_0108
[*] device: cuda
[*] seed: 42
[*] seg_loss: bce_dice
[*] pretrained: model\vit_checkpoint\imagenet21k\R50+ViT-B_16.npz
[*] init_weight: results\experiments\all_filtered\f0_transunet_corrected_pretrained_seed42_20260715\0715_1907\best_model.pth
[*] soft_target_dir: results\dual_teacher_kd_20260717\soft_targets\train\ensemble_probabilities
[*] kd: mode=uniform, lambda=0.0
load_pretrained: grid-size from 14 to 16
[*] 已加载预训练权重: model\vit_checkpoint\imagenet21k\R50+ViT-B_16.npz
[*] loaded student initialization weight: results\experiments\all_filtered\f0_transunet_corrected_pretrained_seed42_20260715\0715_1907\best_model.pth
Ep 001 | Loss(Tot:0.346 Seg:0.346 KD:0.098) | W(KD:0.00) | Dice: 0.7875 | HD95: 18.42
[*] Update best model: Dice = 0.7875
Ep 002 | Loss(Tot:0.337 Seg:0.337 KD:0.100) | W(KD:0.00) | Dice: 0.7834 | HD95: 19.58
Ep 003 | Loss(Tot:0.332 Seg:0.332 KD:0.102) | W(KD:0.00) | Dice: 0.7861 | HD95: 18.94
Ep 004 | Loss(Tot:0.326 Seg:0.326 KD:0.103) | W(KD:0.00) | Dice: 0.7909 | HD95: 17.83
[*] Update best model: Dice = 0.7909
Ep 005 | Loss(Tot:0.324 Seg:0.324 KD:0.105) | W(KD:0.00) | Dice: 0.7919 | HD95: 18.69
[*] Update best model: Dice = 0.7919
Ep 006 | Loss(Tot:0.318 Seg:0.318 KD:0.106) | W(KD:0.00) | Dice: 0.7893 | HD95: 18.15
Ep 007 | Loss(Tot:0.313 Seg:0.313 KD:0.108) | W(KD:0.00) | Dice: 0.7870 | HD95: 18.42
Ep 008 | Loss(Tot:0.310 Seg:0.310 KD:0.110) | W(KD:0.00) | Dice: 0.7924 | HD95: 17.87
[*] Update best model: Dice = 0.7924
Ep 009 | Loss(Tot:0.304 Seg:0.304 KD:0.112) | W(KD:0.00) | Dice: 0.7876 | HD95: 18.74
Ep 010 | Loss(Tot:0.300 Seg:0.300 KD:0.113) | W(KD:0.00) | Dice: 0.7875 | HD95: 18.71
Ep 011 | Loss(Tot:0.295 Seg:0.295 KD:0.115) | W(KD:0.00) | Dice: 0.7829 | HD95: 18.98
Ep 012 | Loss(Tot:0.290 Seg:0.290 KD:0.118) | W(KD:0.00) | Dice: 0.7881 | HD95: 18.10
Ep 013 | Loss(Tot:0.286 Seg:0.286 KD:0.120) | W(KD:0.00) | Dice: 0.7850 | HD95: 18.45
Ep 014 | Loss(Tot:0.283 Seg:0.283 KD:0.122) | W(KD:0.00) | Dice: 0.7870 | HD95: 18.53
Ep 015 | Loss(Tot:0.279 Seg:0.279 KD:0.124) | W(KD:0.00) | Dice: 0.7838 | HD95: 19.00
Ep 016 | Loss(Tot:0.274 Seg:0.274 KD:0.126) | W(KD:0.00) | Dice: 0.7847 | HD95: 18.97
Ep 017 | Loss(Tot:0.270 Seg:0.270 KD:0.128) | W(KD:0.00) | Dice: 0.7808 | HD95: 19.18
Ep 018 | Loss(Tot:0.276 Seg:0.276 KD:0.127) | W(KD:0.00) | Dice: 0.7817 | HD95: 19.54
[*] Early stopping after 10 epochs without improvement

[*] Training complete. Results saved to: ./results/experiments\all_filtered/K0_finetune_control_20260717\0717_0108
