[*] mode: SOFT_KD
[*] dataset: all_filtered (./dataset_all_filtered)
[*] save_path: ./results/experiments\all_filtered/K4_uniform_lambda0p1_20260717\0718_0059
[*] device: cuda
[*] seed: 42
[*] seg_loss: bce_dice
[*] pretrained: model\vit_checkpoint\imagenet21k\R50+ViT-B_16.npz
[*] init_weight: results\experiments\all_filtered\f0_transunet_corrected_pretrained_seed42_20260715\0715_1907\best_model.pth
[*] soft_target_dir: results\dual_teacher_kd_20260717\soft_targets\train\ensemble_probabilities
[*] kd: mode=uniform, lambda=0.1
load_pretrained: grid-size from 14 to 16
[*] 已加载预训练权重: model\vit_checkpoint\imagenet21k\R50+ViT-B_16.npz
[*] loaded student initialization weight: results\experiments\all_filtered\f0_transunet_corrected_pretrained_seed42_20260715\0715_1907\best_model.pth
Ep 001 | Loss(Tot:0.355 Seg:0.346 KD:0.096) | W(KD:0.10) | Dice: 0.7888 | HD95: 18.38
[*] Update best model: Dice = 0.7888
Ep 002 | Loss(Tot:0.347 Seg:0.337 KD:0.098) | W(KD:0.10) | Dice: 0.7843 | HD95: 19.44
Ep 003 | Loss(Tot:0.342 Seg:0.332 KD:0.099) | W(KD:0.10) | Dice: 0.7878 | HD95: 18.84
Ep 004 | Loss(Tot:0.336 Seg:0.326 KD:0.100) | W(KD:0.10) | Dice: 0.7922 | HD95: 17.92
[*] Update best model: Dice = 0.7922
Ep 005 | Loss(Tot:0.334 Seg:0.324 KD:0.102) | W(KD:0.10) | Dice: 0.7927 | HD95: 18.92
[*] Update best model: Dice = 0.7927
Ep 006 | Loss(Tot:0.329 Seg:0.318 KD:0.103) | W(KD:0.10) | Dice: 0.7910 | HD95: 18.60
Ep 007 | Loss(Tot:0.323 Seg:0.313 KD:0.104) | W(KD:0.10) | Dice: 0.7886 | HD95: 18.15
Ep 008 | Loss(Tot:0.321 Seg:0.310 KD:0.106) | W(KD:0.10) | Dice: 0.7914 | HD95: 17.96
Ep 009 | Loss(Tot:0.315 Seg:0.304 KD:0.107) | W(KD:0.10) | Dice: 0.7887 | HD95: 18.27
Ep 010 | Loss(Tot:0.311 Seg:0.300 KD:0.108) | W(KD:0.10) | Dice: 0.7881 | HD95: 18.77
Ep 011 | Loss(Tot:0.306 Seg:0.295 KD:0.110) | W(KD:0.10) | Dice: 0.7840 | HD95: 18.60
Ep 012 | Loss(Tot:0.301 Seg:0.290 KD:0.112) | W(KD:0.10) | Dice: 0.7890 | HD95: 18.39
Ep 013 | Loss(Tot:0.298 Seg:0.286 KD:0.114) | W(KD:0.10) | Dice: 0.7870 | HD95: 18.20
Ep 014 | Loss(Tot:0.295 Seg:0.283 KD:0.115) | W(KD:0.10) | Dice: 0.7879 | HD95: 18.12
Ep 015 | Loss(Tot:0.291 Seg:0.279 KD:0.117) | W(KD:0.10) | Dice: 0.7855 | HD95: 18.59
[*] Early stopping after 10 epochs without improvement

[*] Training complete. Results saved to: ./results/experiments\all_filtered/K4_uniform_lambda0p1_20260717\0718_0059
