[*] 训练模式: BASELINE
[*] 数据集: all_filtered (.\dataset_all_filtered_direct_clahe)
[*] 保存路径: ./results/experiments\all_filtered/direct_clahe_baseline_20260620\0620_0358
[*] 设备: cuda
[*] 未加载预训练权重，从头训练
Ep 001 | Loss: 0.9175 | Dice: 0.7470 | HD95: 32.80
[*] 更新最优模型: Dice = 0.7470
Ep 002 | Loss: 0.6062 | Dice: 0.7551 | HD95: 23.20
[*] 更新最优模型: Dice = 0.7551
Ep 003 | Loss: 0.5402 | Dice: 0.7535 | HD95: 32.01
Ep 004 | Loss: 0.5211 | Dice: 0.7472 | HD95: 24.09
Ep 005 | Loss: 0.5074 | Dice: 0.7581 | HD95: 30.32
[*] 更新最优模型: Dice = 0.7581
Ep 006 | Loss: 0.5007 | Dice: 0.7668 | HD95: 25.99
[*] 更新最优模型: Dice = 0.7668
Ep 007 | Loss: 0.4917 | Dice: 0.7736 | HD95: 25.85
[*] 更新最优模型: Dice = 0.7736
Ep 008 | Loss: 0.4847 | Dice: 0.7723 | HD95: 22.75
Ep 009 | Loss: 0.4820 | Dice: 0.7690 | HD95: 24.15
Ep 010 | Loss: 0.4732 | Dice: 0.7585 | HD95: 21.43
Ep 011 | Loss: 0.4744 | Dice: 0.7776 | HD95: 21.33
[*] 更新最优模型: Dice = 0.7776
Ep 012 | Loss: 0.4660 | Dice: 0.7734 | HD95: 21.44
Ep 013 | Loss: 0.4626 | Dice: 0.7778 | HD95: 21.57
[*] 更新最优模型: Dice = 0.7778
Ep 014 | Loss: 0.4601 | Dice: 0.7820 | HD95: 20.20
[*] 更新最优模型: Dice = 0.7820
Ep 015 | Loss: 0.4563 | Dice: 0.7711 | HD95: 21.79
Ep 016 | Loss: 0.4511 | Dice: 0.7802 | HD95: 21.38
Ep 017 | Loss: 0.4469 | Dice: 0.7686 | HD95: 21.83
Ep 018 | Loss: 0.4414 | Dice: 0.7723 | HD95: 21.40
Ep 019 | Loss: 0.4394 | Dice: 0.7768 | HD95: 21.55
Ep 020 | Loss: 0.4354 | Dice: 0.7802 | HD95: 23.25
Ep 021 | Loss: 0.4320 | Dice: 0.7775 | HD95: 23.83
Ep 022 | Loss: 0.4304 | Dice: 0.7728 | HD95: 21.84
Ep 023 | Loss: 0.4210 | Dice: 0.7827 | HD95: 21.72
[*] 更新最优模型: Dice = 0.7827
Ep 024 | Loss: 0.4200 | Dice: 0.7811 | HD95: 21.52
Ep 025 | Loss: 0.4146 | Dice: 0.7692 | HD95: 21.74
Ep 026 | Loss: 0.4132 | Dice: 0.7744 | HD95: 20.61
Ep 027 | Loss: 0.4077 | Dice: 0.7821 | HD95: 21.32
Ep 028 | Loss: 0.4021 | Dice: 0.7802 | HD95: 21.56
Ep 029 | Loss: 0.3980 | Dice: 0.7759 | HD95: 21.17
Ep 030 | Loss: 0.3950 | Dice: 0.7757 | HD95: 21.30
Ep 031 | Loss: 0.3896 | Dice: 0.7744 | HD95: 20.79
Ep 032 | Loss: 0.3885 | Dice: 0.7808 | HD95: 21.85
Ep 033 | Loss: 0.3858 | Dice: 0.7748 | HD95: 21.30
Ep 034 | Loss: 0.3840 | Dice: 0.7734 | HD95: 21.62
Ep 035 | Loss: 0.3788 | Dice: 0.7738 | HD95: 21.45
Ep 036 | Loss: 0.3769 | Dice: 0.7775 | HD95: 20.97
Ep 037 | Loss: 0.3734 | Dice: 0.7787 | HD95: 21.37
Ep 038 | Loss: 0.3698 | Dice: 0.7796 | HD95: 20.80
Ep 039 | Loss: 0.3677 | Dice: 0.7791 | HD95: 20.74
Ep 040 | Loss: 0.3664 | Dice: 0.7770 | HD95: 21.06
Ep 041 | Loss: 0.3660 | Dice: 0.7756 | HD95: 20.99
Ep 042 | Loss: 0.3601 | Dice: 0.7780 | HD95: 20.62
Ep 043 | Loss: 0.3588 | Dice: 0.7763 | HD95: 21.13
[*] 早停触发，连续 20 个 epoch 无提升

==================================================
[*] 加载最佳模型进行测试...

[FINAL TEST RESULTS] BASELINE
--------------------------------------------------
Dice:  0.7425
IoU:   0.6019
HD95:  26.60
Sens:  0.8032
Spec:  0.9601
Acc:   0.9437
Prec:  0.7121
--------------------------------------------------

[*] 训练完成！结果保存至: ./results/experiments\all_filtered/direct_clahe_baseline_20260620\0620_0358
