[*] 训练模式: BASELINE
[*] 数据集: all_filtered (.\dataset_all_filtered_direct_green)
[*] 保存路径: ./results/experiments\all_filtered/direct_green_baseline_20260620\0620_0244
[*] 设备: cuda
[*] 未加载预训练权重，从头训练
Ep 001 | Loss: 0.9087 | Dice: 0.7651 | HD95: 27.09
[*] 更新最优模型: Dice = 0.7651
Ep 002 | Loss: 0.5838 | Dice: 0.7634 | HD95: 25.95
Ep 003 | Loss: 0.5189 | Dice: 0.7720 | HD95: 24.02
[*] 更新最优模型: Dice = 0.7720
Ep 004 | Loss: 0.5017 | Dice: 0.7551 | HD95: 22.23
Ep 005 | Loss: 0.4884 | Dice: 0.7738 | HD95: 24.63
[*] 更新最优模型: Dice = 0.7738
Ep 006 | Loss: 0.4802 | Dice: 0.7722 | HD95: 24.57
Ep 007 | Loss: 0.4726 | Dice: 0.7773 | HD95: 21.37
[*] 更新最优模型: Dice = 0.7773
Ep 008 | Loss: 0.4664 | Dice: 0.7828 | HD95: 21.27
[*] 更新最优模型: Dice = 0.7828
Ep 009 | Loss: 0.4635 | Dice: 0.7790 | HD95: 19.99
Ep 010 | Loss: 0.4551 | Dice: 0.7802 | HD95: 19.90
Ep 011 | Loss: 0.4535 | Dice: 0.7824 | HD95: 19.38
Ep 012 | Loss: 0.4471 | Dice: 0.7780 | HD95: 21.13
Ep 013 | Loss: 0.4445 | Dice: 0.7838 | HD95: 19.85
[*] 更新最优模型: Dice = 0.7838
Ep 014 | Loss: 0.4418 | Dice: 0.7819 | HD95: 22.79
Ep 015 | Loss: 0.4399 | Dice: 0.7794 | HD95: 20.48
Ep 016 | Loss: 0.4330 | Dice: 0.7835 | HD95: 19.65
Ep 017 | Loss: 0.4313 | Dice: 0.7733 | HD95: 20.21
Ep 018 | Loss: 0.4255 | Dice: 0.7762 | HD95: 19.42
Ep 019 | Loss: 0.4239 | Dice: 0.7807 | HD95: 21.97
Ep 020 | Loss: 0.4197 | Dice: 0.7897 | HD95: 20.11
[*] 更新最优模型: Dice = 0.7897
Ep 021 | Loss: 0.4146 | Dice: 0.7828 | HD95: 22.96
Ep 022 | Loss: 0.4158 | Dice: 0.7828 | HD95: 19.69
Ep 023 | Loss: 0.4038 | Dice: 0.7877 | HD95: 19.40
Ep 024 | Loss: 0.4037 | Dice: 0.7884 | HD95: 18.70
Ep 025 | Loss: 0.4014 | Dice: 0.7780 | HD95: 19.27
Ep 026 | Loss: 0.4007 | Dice: 0.7792 | HD95: 18.94
Ep 027 | Loss: 0.3946 | Dice: 0.7861 | HD95: 19.10
Ep 028 | Loss: 0.3870 | Dice: 0.7801 | HD95: 20.46
Ep 029 | Loss: 0.3848 | Dice: 0.7829 | HD95: 20.21
Ep 030 | Loss: 0.3815 | Dice: 0.7845 | HD95: 19.38
Ep 031 | Loss: 0.3766 | Dice: 0.7844 | HD95: 18.75
Ep 032 | Loss: 0.3742 | Dice: 0.7860 | HD95: 20.48
Ep 033 | Loss: 0.3745 | Dice: 0.7865 | HD95: 19.61
Ep 034 | Loss: 0.3688 | Dice: 0.7837 | HD95: 19.93
Ep 035 | Loss: 0.3646 | Dice: 0.7855 | HD95: 18.77
Ep 036 | Loss: 0.3623 | Dice: 0.7841 | HD95: 19.60
Ep 037 | Loss: 0.3604 | Dice: 0.7858 | HD95: 19.66
Ep 038 | Loss: 0.3568 | Dice: 0.7843 | HD95: 20.00
Ep 039 | Loss: 0.3531 | Dice: 0.7837 | HD95: 20.25
Ep 040 | Loss: 0.3525 | Dice: 0.7807 | HD95: 20.03
[*] 早停触发，连续 20 个 epoch 无提升

==================================================
[*] 加载最佳模型进行测试...

[FINAL TEST RESULTS] BASELINE
--------------------------------------------------
Dice:  0.7479
IoU:   0.6086
HD95:  25.13
Sens:  0.8132
Spec:  0.9600
Acc:   0.9447
Prec:  0.7128
--------------------------------------------------

[*] 训练完成！结果保存至: ./results/experiments\all_filtered/direct_green_baseline_20260620\0620_0244
