2026/07/31 01:42:44 - mmengine - INFO - 
------------------------------------------------------------
System environment:
    sys.platform: win32
    Python: 3.10.20 | packaged by Anaconda, Inc. | (main, Jun 11 2026, 15:13:20) [MSC v.1942 64 bit (AMD64)]
    CUDA available: True
    MUSA available: False
    numpy_random_seed: 42
    GPU 0: NVIDIA GeForce RTX 4060
    CUDA_HOME: C:\Program Files\NVIDIA GPU Computing Toolkit\CUDA\v11.8
    NVCC: Cuda compilation tools, release 11.8, V11.8.89
    MSVC: 用于 x64 的 Microsoft (R) C/C++ 优化编译器 19.41.34123 版
    GCC: n/a
    PyTorch: 2.1.2+cu118
    PyTorch compiling details: PyTorch built with:
  - C++ Version: 199711
  - MSVC 192930151
  - Intel(R) Math Kernel Library Version 2020.0.2 Product Build 20200624 for Intel(R) 64 architecture applications
  - Intel(R) MKL-DNN v3.1.1 (Git Hash 64f6bcbcbab628e96f33a62c3e975f8535a7bde4)
  - OpenMP 2019
  - LAPACK is enabled (usually provided by MKL)
  - CPU capability usage: AVX2
  - CUDA Runtime 11.8
  - NVCC architecture flags: -gencode;arch=compute_37,code=sm_37;-gencode;arch=compute_50,code=sm_50;-gencode;arch=compute_60,code=sm_60;-gencode;arch=compute_61,code=sm_61;-gencode;arch=compute_70,code=sm_70;-gencode;arch=compute_75,code=sm_75;-gencode;arch=compute_80,code=sm_80;-gencode;arch=compute_86,code=sm_86;-gencode;arch=compute_90,code=sm_90;-gencode;arch=compute_37,code=compute_37
  - CuDNN 8.7
  - Magma 2.5.4
  - Build settings: BLAS_INFO=mkl, BUILD_TYPE=Release, CUDA_VERSION=11.8, CUDNN_VERSION=8.7.0, CXX_COMPILER=C:/actions-runner/_work/pytorch/pytorch/builder/windows/tmp_bin/sccache-cl.exe, CXX_FLAGS=/DWIN32 /D_WINDOWS /GR /EHsc /bigobj /FS -DUSE_PTHREADPOOL -DNDEBUG -DUSE_KINETO -DLIBKINETO_NOCUPTI -DLIBKINETO_NOROCTRACER -DUSE_FBGEMM -DUSE_XNNPACK -DSYMBOLICATE_MOBILE_DEBUG_HANDLE /utf-8 /wd4624 /wd4068 /wd4067 /wd4267 /wd4661 /wd4717 /wd4244 /wd4804 /wd4273, LAPACK_INFO=mkl, PERF_WITH_AVX=1, PERF_WITH_AVX2=1, PERF_WITH_AVX512=1, TORCH_DISABLE_GPU_ASSERTS=OFF, TORCH_VERSION=2.1.2, USE_CUDA=ON, USE_CUDNN=ON, USE_EXCEPTION_PTR=1, USE_GFLAGS=OFF, USE_GLOG=OFF, USE_MKL=ON, USE_MKLDNN=ON, USE_MPI=OFF, USE_NCCL=OFF, USE_NNPACK=OFF, USE_OPENMP=ON, USE_ROCM=OFF, 

    TorchVision: 0.16.2+cu118
    OpenCV: 4.11.0
    MMEngine: 0.10.7

Runtime environment:
    cudnn_benchmark: False
    mp_cfg: {'mp_start_method': 'fork', 'opencv_num_threads': 0}
    dist_cfg: {'backend': 'nccl'}
    seed: 42
    deterministic: True
    Distributed launcher: none
    Distributed training: False
    GPU number: 1
------------------------------------------------------------

2026/07/31 01:42:44 - mmengine - INFO - Config:
crop_size = (
    256,
    256,
)
data_preprocessor = dict(
    bgr_to_rgb=True,
    mean=[
        123.675,
        116.28,
        103.53,
    ],
    pad_val=0,
    seg_pad_val=255,
    size=(
        256,
        256,
    ),
    size_divisor=None,
    std=[
        58.395,
        57.12,
        57.375,
    ],
    type='SegDataPreProcessor')
data_root = 'D:\\Projects_\\JiaBi_new\\dataset_all_filtered_mmseg'
dataset_common = dict(
    data_root='D:\\Projects_\\JiaBi_new\\dataset_all_filtered_mmseg',
    img_suffix='.png',
    metainfo=dict(
        classes=(
            'background',
            'vessel',
        ),
        palette=[
            [
                0,
                0,
                0,
            ],
            [
                255,
                255,
                255,
            ],
        ]),
    seg_map_suffix='.png',
    type='BaseSegDataset')
dataset_meta = dict(
    classes=(
        'background',
        'vessel',
    ),
    palette=[
        [
            0,
            0,
            0,
        ],
        [
            255,
            255,
            255,
        ],
    ])
default_hooks = dict(
    checkpoint=dict(
        by_epoch=False,
        interval=1000,
        max_keep_ckpts=2,
        rule='greater',
        save_best='mDice',
        type='CheckpointHook'),
    logger=dict(interval=100, type='LoggerHook'),
    param_scheduler=dict(type='ParamSchedulerHook'),
    sampler_seed=dict(type='DistSamplerSeedHook'),
    timer=dict(type='IterTimerHook'),
    visualization=dict(draw=False, type='SegVisualizationHook'))
default_scope = 'mmseg'
env_cfg = dict(
    cudnn_benchmark=False,
    dist_cfg=dict(backend='nccl'),
    mp_cfg=dict(mp_start_method='fork', opencv_num_threads=0))
launcher = 'none'
load_from = None
log_level = 'INFO'
log_processor = dict(by_epoch=False)
max_iters = 10000
model = dict(
    auxiliary_head=None,
    backbone=dict(
        dilations=(
            1,
            1,
            1,
            2,
            2,
            4,
            4,
        ),
        norm_cfg=dict(requires_grad=True, type='BN'),
        out_indices=(
            1,
            4,
            6,
        ),
        strides=(
            1,
            2,
            2,
            1,
            1,
            1,
            1,
        ),
        type='MobileNetV2',
        widen_factor=1.0),
    data_preprocessor=dict(
        bgr_to_rgb=True,
        mean=[
            123.675,
            116.28,
            103.53,
        ],
        pad_val=0,
        seg_pad_val=255,
        size=(
            256,
            256,
        ),
        size_divisor=None,
        std=[
            58.395,
            57.12,
            57.375,
        ],
        type='SegDataPreProcessor'),
    decode_head=dict(
        align_corners=False,
        c1_channels=12,
        c1_in_channels=24,
        channels=512,
        dilations=(
            1,
            12,
            24,
            36,
        ),
        in_channels=320,
        in_index=2,
        loss_decode=[
            dict(
                avg_non_ignore=True,
                loss_weight=1.0,
                type='CrossEntropyLoss',
                use_sigmoid=False),
            dict(ignore_index=255, loss_weight=2.0, type='DiceLoss'),
        ],
        norm_cfg=dict(requires_grad=True, type='BN'),
        num_classes=2,
        type='DepthwiseSeparableASPPHead'),
    pretrained=None,
    test_cfg=dict(mode='whole'),
    train_cfg=dict(),
    type='EncoderDecoder')
optim_wrapper = dict(
    optimizer=dict(lr=0.001, type='AdamW', weight_decay=0.0001),
    type='OptimWrapper')
param_scheduler = [
    dict(
        T_max=10000,
        begin=0,
        by_epoch=False,
        end=10000,
        eta_min=1e-05,
        type='CosineAnnealingLR'),
]
randomness = dict(deterministic=True, seed=42)
resume = False
test_cfg = dict(type='TestLoop')
test_dataloader = dict(
    batch_size=1,
    dataset=dict(
        data_prefix=dict(img_path='test/images', seg_map_path='test/masks'),
        data_root='D:\\Projects_\\JiaBi_new\\dataset_all_filtered_mmseg',
        img_suffix='.png',
        metainfo=dict(
            classes=(
                'background',
                'vessel',
            ),
            palette=[
                [
                    0,
                    0,
                    0,
                ],
                [
                    255,
                    255,
                    255,
                ],
            ]),
        pipeline=[
            dict(type='LoadImageFromFile'),
            dict(keep_ratio=False, scale=(
                256,
                256,
            ), type='Resize'),
            dict(type='LoadAnnotations'),
            dict(type='PackSegInputs'),
        ],
        seg_map_suffix='.png',
        type='BaseSegDataset'),
    num_workers=0,
    persistent_workers=False,
    sampler=dict(shuffle=False, type='DefaultSampler'))
test_evaluator = dict(
    iou_metrics=[
        'mIoU',
        'mDice',
    ], type='IoUMetric')
test_pipeline = [
    dict(type='LoadImageFromFile'),
    dict(keep_ratio=False, scale=(
        256,
        256,
    ), type='Resize'),
    dict(type='LoadAnnotations'),
    dict(type='PackSegInputs'),
]
train_cfg = dict(max_iters=10000, type='IterBasedTrainLoop', val_interval=1000)
train_dataloader = dict(
    batch_size=4,
    dataset=dict(
        data_prefix=dict(img_path='train/images', seg_map_path='train/masks'),
        data_root='D:\\Projects_\\JiaBi_new\\dataset_all_filtered_mmseg',
        img_suffix='.png',
        metainfo=dict(
            classes=(
                'background',
                'vessel',
            ),
            palette=[
                [
                    0,
                    0,
                    0,
                ],
                [
                    255,
                    255,
                    255,
                ],
            ]),
        pipeline=[
            dict(type='LoadImageFromFile'),
            dict(type='LoadAnnotations'),
            dict(keep_ratio=False, scale=(
                256,
                256,
            ), type='Resize'),
            dict(direction='horizontal', prob=0.5, type='RandomFlip'),
            dict(direction='vertical', prob=0.5, type='RandomFlip'),
            dict(
                degree=(
                    -45,
                    45,
                ),
                pad_val=0,
                prob=0.5,
                seg_pad_val=255,
                type='RandomRotate'),
            dict(type='PhotoMetricDistortion'),
            dict(type='PackSegInputs'),
        ],
        seg_map_suffix='.png',
        type='BaseSegDataset'),
    num_workers=0,
    persistent_workers=False,
    sampler=dict(shuffle=True, type='InfiniteSampler'))
train_pipeline = [
    dict(type='LoadImageFromFile'),
    dict(type='LoadAnnotations'),
    dict(keep_ratio=False, scale=(
        256,
        256,
    ), type='Resize'),
    dict(direction='horizontal', prob=0.5, type='RandomFlip'),
    dict(direction='vertical', prob=0.5, type='RandomFlip'),
    dict(
        degree=(
            -45,
            45,
        ),
        pad_val=0,
        prob=0.5,
        seg_pad_val=255,
        type='RandomRotate'),
    dict(type='PhotoMetricDistortion'),
    dict(type='PackSegInputs'),
]
val_cfg = dict(type='ValLoop')
val_dataloader = dict(
    batch_size=1,
    dataset=dict(
        data_prefix=dict(img_path='val/images', seg_map_path='val/masks'),
        data_root='D:\\Projects_\\JiaBi_new\\dataset_all_filtered_mmseg',
        img_suffix='.png',
        metainfo=dict(
            classes=(
                'background',
                'vessel',
            ),
            palette=[
                [
                    0,
                    0,
                    0,
                ],
                [
                    255,
                    255,
                    255,
                ],
            ]),
        pipeline=[
            dict(type='LoadImageFromFile'),
            dict(keep_ratio=False, scale=(
                256,
                256,
            ), type='Resize'),
            dict(type='LoadAnnotations'),
            dict(type='PackSegInputs'),
        ],
        seg_map_suffix='.png',
        type='BaseSegDataset'),
    num_workers=0,
    persistent_workers=False,
    sampler=dict(shuffle=False, type='DefaultSampler'))
val_evaluator = dict(
    iou_metrics=[
        'mIoU',
        'mDice',
    ], type='IoUMetric')
val_interval = 1000
work_dir = 'D:\\Projects_\\JiaBi_new\\results\\official_deeplabv3plus_20260730\\work_dirs\\seed42_scratch_10k'

2026/07/31 01:42:47 - mmengine - INFO - Distributed training is not used, all SyncBatchNorm (SyncBN) layers in the model will be automatically reverted to BatchNormXd layers if they are used.
2026/07/31 01:42:47 - mmengine - INFO - Hooks will be executed in the following order:
before_run:
(VERY_HIGH   ) RuntimeInfoHook                    
(BELOW_NORMAL) LoggerHook                         
 -------------------- 
before_train:
(VERY_HIGH   ) RuntimeInfoHook                    
(NORMAL      ) IterTimerHook                      
(VERY_LOW    ) CheckpointHook                     
 -------------------- 
before_train_epoch:
(VERY_HIGH   ) RuntimeInfoHook                    
(NORMAL      ) IterTimerHook                      
(NORMAL      ) DistSamplerSeedHook                
 -------------------- 
before_train_iter:
(VERY_HIGH   ) RuntimeInfoHook                    
(NORMAL      ) IterTimerHook                      
 -------------------- 
after_train_iter:
(VERY_HIGH   ) RuntimeInfoHook                    
(NORMAL      ) IterTimerHook                      
(BELOW_NORMAL) LoggerHook                         
(LOW         ) ParamSchedulerHook                 
(VERY_LOW    ) CheckpointHook                     
 -------------------- 
after_train_epoch:
(NORMAL      ) IterTimerHook                      
(LOW         ) ParamSchedulerHook                 
(VERY_LOW    ) CheckpointHook                     
 -------------------- 
before_val:
(VERY_HIGH   ) RuntimeInfoHook                    
 -------------------- 
before_val_epoch:
(NORMAL      ) IterTimerHook                      
 -------------------- 
before_val_iter:
(NORMAL      ) IterTimerHook                      
 -------------------- 
after_val_iter:
(NORMAL      ) IterTimerHook                      
(NORMAL      ) SegVisualizationHook               
(BELOW_NORMAL) LoggerHook                         
 -------------------- 
after_val_epoch:
(VERY_HIGH   ) RuntimeInfoHook                    
(NORMAL      ) IterTimerHook                      
(BELOW_NORMAL) LoggerHook                         
(LOW         ) ParamSchedulerHook                 
(VERY_LOW    ) CheckpointHook                     
 -------------------- 
after_val:
(VERY_HIGH   ) RuntimeInfoHook                    
 -------------------- 
after_train:
(VERY_HIGH   ) RuntimeInfoHook                    
(VERY_LOW    ) CheckpointHook                     
 -------------------- 
before_test:
(VERY_HIGH   ) RuntimeInfoHook                    
 -------------------- 
before_test_epoch:
(NORMAL      ) IterTimerHook                      
 -------------------- 
before_test_iter:
(NORMAL      ) IterTimerHook                      
 -------------------- 
after_test_iter:
(NORMAL      ) IterTimerHook                      
(NORMAL      ) SegVisualizationHook               
(BELOW_NORMAL) LoggerHook                         
 -------------------- 
after_test_epoch:
(VERY_HIGH   ) RuntimeInfoHook                    
(NORMAL      ) IterTimerHook                      
(BELOW_NORMAL) LoggerHook                         
 -------------------- 
after_test:
(VERY_HIGH   ) RuntimeInfoHook                    
 -------------------- 
after_run:
(BELOW_NORMAL) LoggerHook                         
 -------------------- 
2026/07/31 01:42:48 - mmengine - WARNING - The prefix is not set in metric class IoUMetric.
Name of parameter - Initialization information

backbone.conv1.conv.weight - torch.Size([32, 3, 3, 3]): 
Initialized by user-defined `init_weights` in ConvModule  

backbone.conv1.bn.weight - torch.Size([32]): 
The value is the same before and after calling `init_weights` of EncoderDecoder  

backbone.conv1.bn.bias - torch.Size([32]): 
The value is the same before and after calling `init_weights` of EncoderDecoder  

backbone.layer1.0.conv.0.conv.weight - torch.Size([32, 1, 3, 3]): 
KaimingInit: a=0, mode=fan_out, nonlinearity=relu, distribution =normal, bias=0 

backbone.layer1.0.conv.0.bn.weight - torch.Size([32]): 
The value is the same before and after calling `init_weights` of EncoderDecoder  

backbone.layer1.0.conv.0.bn.bias - torch.Size([32]): 
The value is the same before and after calling `init_weights` of EncoderDecoder  

backbone.layer1.0.conv.1.conv.weight - torch.Size([16, 32, 1, 1]): 
KaimingInit: a=0, mode=fan_out, nonlinearity=relu, distribution =normal, bias=0 

backbone.layer1.0.conv.1.bn.weight - torch.Size([16]): 
The value is the same before and after calling `init_weights` of EncoderDecoder  

backbone.layer1.0.conv.1.bn.bias - torch.Size([16]): 
The value is the same before and after calling `init_weights` of EncoderDecoder  

backbone.layer2.0.conv.0.conv.weight - torch.Size([96, 16, 1, 1]): 
KaimingInit: a=0, mode=fan_out, nonlinearity=relu, distribution =normal, bias=0 

backbone.layer2.0.conv.0.bn.weight - torch.Size([96]): 
The value is the same before and after calling `init_weights` of EncoderDecoder  

backbone.layer2.0.conv.0.bn.bias - torch.Size([96]): 
The value is the same before and after calling `init_weights` of EncoderDecoder  

backbone.layer2.0.conv.1.conv.weight - torch.Size([96, 1, 3, 3]): 
KaimingInit: a=0, mode=fan_out, nonlinearity=relu, distribution =normal, bias=0 

backbone.layer2.0.conv.1.bn.weight - torch.Size([96]): 
The value is the same before and after calling `init_weights` of EncoderDecoder  

backbone.layer2.0.conv.1.bn.bias - torch.Size([96]): 
The value is the same before and after calling `init_weights` of EncoderDecoder  

backbone.layer2.0.conv.2.conv.weight - torch.Size([24, 96, 1, 1]): 
KaimingInit: a=0, mode=fan_out, nonlinearity=relu, distribution =normal, bias=0 

backbone.layer2.0.conv.2.bn.weight - torch.Size([24]): 
The value is the same before and after calling `init_weights` of EncoderDecoder  

backbone.layer2.0.conv.2.bn.bias - torch.Size([24]): 
The value is the same before and after calling `init_weights` of EncoderDecoder  

backbone.layer2.1.conv.0.conv.weight - torch.Size([144, 24, 1, 1]): 
KaimingInit: a=0, mode=fan_out, nonlinearity=relu, distribution =normal, bias=0 

backbone.layer2.1.conv.0.bn.weight - torch.Size([144]): 
The value is the same before and after calling `init_weights` of EncoderDecoder  

backbone.layer2.1.conv.0.bn.bias - torch.Size([144]): 
The value is the same before and after calling `init_weights` of EncoderDecoder  

backbone.layer2.1.conv.1.conv.weight - torch.Size([144, 1, 3, 3]): 
KaimingInit: a=0, mode=fan_out, nonlinearity=relu, distribution =normal, bias=0 

backbone.layer2.1.conv.1.bn.weight - torch.Size([144]): 
The value is the same before and after calling `init_weights` of EncoderDecoder  

backbone.layer2.1.conv.1.bn.bias - torch.Size([144]): 
The value is the same before and after calling `init_weights` of EncoderDecoder  

backbone.layer2.1.conv.2.conv.weight - torch.Size([24, 144, 1, 1]): 
KaimingInit: a=0, mode=fan_out, nonlinearity=relu, distribution =normal, bias=0 

backbone.layer2.1.conv.2.bn.weight - torch.Size([24]): 
The value is the same before and after calling `init_weights` of EncoderDecoder  

backbone.layer2.1.conv.2.bn.bias - torch.Size([24]): 
The value is the same before and after calling `init_weights` of EncoderDecoder  

backbone.layer3.0.conv.0.conv.weight - torch.Size([144, 24, 1, 1]): 
KaimingInit: a=0, mode=fan_out, nonlinearity=relu, distribution =normal, bias=0 

backbone.layer3.0.conv.0.bn.weight - torch.Size([144]): 
The value is the same before and after calling `init_weights` of EncoderDecoder  

backbone.layer3.0.conv.0.bn.bias - torch.Size([144]): 
The value is the same before and after calling `init_weights` of EncoderDecoder  

backbone.layer3.0.conv.1.conv.weight - torch.Size([144, 1, 3, 3]): 
KaimingInit: a=0, mode=fan_out, nonlinearity=relu, distribution =normal, bias=0 

backbone.layer3.0.conv.1.bn.weight - torch.Size([144]): 
The value is the same before and after calling `init_weights` of EncoderDecoder  

backbone.layer3.0.conv.1.bn.bias - torch.Size([144]): 
The value is the same before and after calling `init_weights` of EncoderDecoder  

backbone.layer3.0.conv.2.conv.weight - torch.Size([32, 144, 1, 1]): 
KaimingInit: a=0, mode=fan_out, nonlinearity=relu, distribution =normal, bias=0 

backbone.layer3.0.conv.2.bn.weight - torch.Size([32]): 
The value is the same before and after calling `init_weights` of EncoderDecoder  

backbone.layer3.0.conv.2.bn.bias - torch.Size([32]): 
The value is the same before and after calling `init_weights` of EncoderDecoder  

backbone.layer3.1.conv.0.conv.weight - torch.Size([192, 32, 1, 1]): 
KaimingInit: a=0, mode=fan_out, nonlinearity=relu, distribution =normal, bias=0 

backbone.layer3.1.conv.0.bn.weight - torch.Size([192]): 
The value is the same before and after calling `init_weights` of EncoderDecoder  

backbone.layer3.1.conv.0.bn.bias - torch.Size([192]): 
The value is the same before and after calling `init_weights` of EncoderDecoder  

backbone.layer3.1.conv.1.conv.weight - torch.Size([192, 1, 3, 3]): 
KaimingInit: a=0, mode=fan_out, nonlinearity=relu, distribution =normal, bias=0 

backbone.layer3.1.conv.1.bn.weight - torch.Size([192]): 
The value is the same before and after calling `init_weights` of EncoderDecoder  

backbone.layer3.1.conv.1.bn.bias - torch.Size([192]): 
The value is the same before and after calling `init_weights` of EncoderDecoder  

backbone.layer3.1.conv.2.conv.weight - torch.Size([32, 192, 1, 1]): 
KaimingInit: a=0, mode=fan_out, nonlinearity=relu, distribution =normal, bias=0 

backbone.layer3.1.conv.2.bn.weight - torch.Size([32]): 
The value is the same before and after calling `init_weights` of EncoderDecoder  

backbone.layer3.1.conv.2.bn.bias - torch.Size([32]): 
The value is the same before and after calling `init_weights` of EncoderDecoder  

backbone.layer3.2.conv.0.conv.weight - torch.Size([192, 32, 1, 1]): 
KaimingInit: a=0, mode=fan_out, nonlinearity=relu, distribution =normal, bias=0 

backbone.layer3.2.conv.0.bn.weight - torch.Size([192]): 
The value is the same before and after calling `init_weights` of EncoderDecoder  

backbone.layer3.2.conv.0.bn.bias - torch.Size([192]): 
The value is the same before and after calling `init_weights` of EncoderDecoder  

backbone.layer3.2.conv.1.conv.weight - torch.Size([192, 1, 3, 3]): 
KaimingInit: a=0, mode=fan_out, nonlinearity=relu, distribution =normal, bias=0 

backbone.layer3.2.conv.1.bn.weight - torch.Size([192]): 
The value is the same before and after calling `init_weights` of EncoderDecoder  

backbone.layer3.2.conv.1.bn.bias - torch.Size([192]): 
The value is the same before and after calling `init_weights` of EncoderDecoder  

backbone.layer3.2.conv.2.conv.weight - torch.Size([32, 192, 1, 1]): 
KaimingInit: a=0, mode=fan_out, nonlinearity=relu, distribution =normal, bias=0 

backbone.layer3.2.conv.2.bn.weight - torch.Size([32]): 
The value is the same before and after calling `init_weights` of EncoderDecoder  

backbone.layer3.2.conv.2.bn.bias - torch.Size([32]): 
The value is the same before and after calling `init_weights` of EncoderDecoder  

backbone.layer4.0.conv.0.conv.weight - torch.Size([192, 32, 1, 1]): 
KaimingInit: a=0, mode=fan_out, nonlinearity=relu, distribution =normal, bias=0 

backbone.layer4.0.conv.0.bn.weight - torch.Size([192]): 
The value is the same before and after calling `init_weights` of EncoderDecoder  

backbone.layer4.0.conv.0.bn.bias - torch.Size([192]): 
The value is the same before and after calling `init_weights` of EncoderDecoder  

backbone.layer4.0.conv.1.conv.weight - torch.Size([192, 1, 3, 3]): 
KaimingInit: a=0, mode=fan_out, nonlinearity=relu, distribution =normal, bias=0 

backbone.layer4.0.conv.1.bn.weight - torch.Size([192]): 
The value is the same before and after calling `init_weights` of EncoderDecoder  

backbone.layer4.0.conv.1.bn.bias - torch.Size([192]): 
The value is the same before and after calling `init_weights` of EncoderDecoder  

backbone.layer4.0.conv.2.conv.weight - torch.Size([64, 192, 1, 1]): 
KaimingInit: a=0, mode=fan_out, nonlinearity=relu, distribution =normal, bias=0 

backbone.layer4.0.conv.2.bn.weight - torch.Size([64]): 
The value is the same before and after calling `init_weights` of EncoderDecoder  

backbone.layer4.0.conv.2.bn.bias - torch.Size([64]): 
The value is the same before and after calling `init_weights` of EncoderDecoder  

backbone.layer4.1.conv.0.conv.weight - torch.Size([384, 64, 1, 1]): 
KaimingInit: a=0, mode=fan_out, nonlinearity=relu, distribution =normal, bias=0 

backbone.layer4.1.conv.0.bn.weight - torch.Size([384]): 
The value is the same before and after calling `init_weights` of EncoderDecoder  

backbone.layer4.1.conv.0.bn.bias - torch.Size([384]): 
The value is the same before and after calling `init_weights` of EncoderDecoder  

backbone.layer4.1.conv.1.conv.weight - torch.Size([384, 1, 3, 3]): 
KaimingInit: a=0, mode=fan_out, nonlinearity=relu, distribution =normal, bias=0 

backbone.layer4.1.conv.1.bn.weight - torch.Size([384]): 
The value is the same before and after calling `init_weights` of EncoderDecoder  

backbone.layer4.1.conv.1.bn.bias - torch.Size([384]): 
The value is the same before and after calling `init_weights` of EncoderDecoder  

backbone.layer4.1.conv.2.conv.weight - torch.Size([64, 384, 1, 1]): 
KaimingInit: a=0, mode=fan_out, nonlinearity=relu, distribution =normal, bias=0 

backbone.layer4.1.conv.2.bn.weight - torch.Size([64]): 
The value is the same before and after calling `init_weights` of EncoderDecoder  

backbone.layer4.1.conv.2.bn.bias - torch.Size([64]): 
The value is the same before and after calling `init_weights` of EncoderDecoder  

backbone.layer4.2.conv.0.conv.weight - torch.Size([384, 64, 1, 1]): 
KaimingInit: a=0, mode=fan_out, nonlinearity=relu, distribution =normal, bias=0 

backbone.layer4.2.conv.0.bn.weight - torch.Size([384]): 
The value is the same before and after calling `init_weights` of EncoderDecoder  

backbone.layer4.2.conv.0.bn.bias - torch.Size([384]): 
The value is the same before and after calling `init_weights` of EncoderDecoder  

backbone.layer4.2.conv.1.conv.weight - torch.Size([384, 1, 3, 3]): 
KaimingInit: a=0, mode=fan_out, nonlinearity=relu, distribution =normal, bias=0 

backbone.layer4.2.conv.1.bn.weight - torch.Size([384]): 
The value is the same before and after calling `init_weights` of EncoderDecoder  

backbone.layer4.2.conv.1.bn.bias - torch.Size([384]): 
The value is the same before and after calling `init_weights` of EncoderDecoder  

backbone.layer4.2.conv.2.conv.weight - torch.Size([64, 384, 1, 1]): 
KaimingInit: a=0, mode=fan_out, nonlinearity=relu, distribution =normal, bias=0 

backbone.layer4.2.conv.2.bn.weight - torch.Size([64]): 
The value is the same before and after calling `init_weights` of EncoderDecoder  

backbone.layer4.2.conv.2.bn.bias - torch.Size([64]): 
The value is the same before and after calling `init_weights` of EncoderDecoder  

backbone.layer4.3.conv.0.conv.weight - torch.Size([384, 64, 1, 1]): 
KaimingInit: a=0, mode=fan_out, nonlinearity=relu, distribution =normal, bias=0 

backbone.layer4.3.conv.0.bn.weight - torch.Size([384]): 
The value is the same before and after calling `init_weights` of EncoderDecoder  

backbone.layer4.3.conv.0.bn.bias - torch.Size([384]): 
The value is the same before and after calling `init_weights` of EncoderDecoder  

backbone.layer4.3.conv.1.conv.weight - torch.Size([384, 1, 3, 3]): 
KaimingInit: a=0, mode=fan_out, nonlinearity=relu, distribution =normal, bias=0 

backbone.layer4.3.conv.1.bn.weight - torch.Size([384]): 
The value is the same before and after calling `init_weights` of EncoderDecoder  

backbone.layer4.3.conv.1.bn.bias - torch.Size([384]): 
The value is the same before and after calling `init_weights` of EncoderDecoder  

backbone.layer4.3.conv.2.conv.weight - torch.Size([64, 384, 1, 1]): 
KaimingInit: a=0, mode=fan_out, nonlinearity=relu, distribution =normal, bias=0 

backbone.layer4.3.conv.2.bn.weight - torch.Size([64]): 
The value is the same before and after calling `init_weights` of EncoderDecoder  

backbone.layer4.3.conv.2.bn.bias - torch.Size([64]): 
The value is the same before and after calling `init_weights` of EncoderDecoder  

backbone.layer5.0.conv.0.conv.weight - torch.Size([384, 64, 1, 1]): 
KaimingInit: a=0, mode=fan_out, nonlinearity=relu, distribution =normal, bias=0 

backbone.layer5.0.conv.0.bn.weight - torch.Size([384]): 
The value is the same before and after calling `init_weights` of EncoderDecoder  

backbone.layer5.0.conv.0.bn.bias - torch.Size([384]): 
The value is the same before and after calling `init_weights` of EncoderDecoder  

backbone.layer5.0.conv.1.conv.weight - torch.Size([384, 1, 3, 3]): 
KaimingInit: a=0, mode=fan_out, nonlinearity=relu, distribution =normal, bias=0 

backbone.layer5.0.conv.1.bn.weight - torch.Size([384]): 
The value is the same before and after calling `init_weights` of EncoderDecoder  

backbone.layer5.0.conv.1.bn.bias - torch.Size([384]): 
The value is the same before and after calling `init_weights` of EncoderDecoder  

backbone.layer5.0.conv.2.conv.weight - torch.Size([96, 384, 1, 1]): 
KaimingInit: a=0, mode=fan_out, nonlinearity=relu, distribution =normal, bias=0 

backbone.layer5.0.conv.2.bn.weight - torch.Size([96]): 
The value is the same before and after calling `init_weights` of EncoderDecoder  

backbone.layer5.0.conv.2.bn.bias - torch.Size([96]): 
The value is the same before and after calling `init_weights` of EncoderDecoder  

backbone.layer5.1.conv.0.conv.weight - torch.Size([576, 96, 1, 1]): 
KaimingInit: a=0, mode=fan_out, nonlinearity=relu, distribution =normal, bias=0 

backbone.layer5.1.conv.0.bn.weight - torch.Size([576]): 
The value is the same before and after calling `init_weights` of EncoderDecoder  

backbone.layer5.1.conv.0.bn.bias - torch.Size([576]): 
The value is the same before and after calling `init_weights` of EncoderDecoder  

backbone.layer5.1.conv.1.conv.weight - torch.Size([576, 1, 3, 3]): 
KaimingInit: a=0, mode=fan_out, nonlinearity=relu, distribution =normal, bias=0 

backbone.layer5.1.conv.1.bn.weight - torch.Size([576]): 
The value is the same before and after calling `init_weights` of EncoderDecoder  

backbone.layer5.1.conv.1.bn.bias - torch.Size([576]): 
The value is the same before and after calling `init_weights` of EncoderDecoder  

backbone.layer5.1.conv.2.conv.weight - torch.Size([96, 576, 1, 1]): 
KaimingInit: a=0, mode=fan_out, nonlinearity=relu, distribution =normal, bias=0 

backbone.layer5.1.conv.2.bn.weight - torch.Size([96]): 
The value is the same before and after calling `init_weights` of EncoderDecoder  

backbone.layer5.1.conv.2.bn.bias - torch.Size([96]): 
The value is the same before and after calling `init_weights` of EncoderDecoder  

backbone.layer5.2.conv.0.conv.weight - torch.Size([576, 96, 1, 1]): 
KaimingInit: a=0, mode=fan_out, nonlinearity=relu, distribution =normal, bias=0 

backbone.layer5.2.conv.0.bn.weight - torch.Size([576]): 
The value is the same before and after calling `init_weights` of EncoderDecoder  

backbone.layer5.2.conv.0.bn.bias - torch.Size([576]): 
The value is the same before and after calling `init_weights` of EncoderDecoder  

backbone.layer5.2.conv.1.conv.weight - torch.Size([576, 1, 3, 3]): 
KaimingInit: a=0, mode=fan_out, nonlinearity=relu, distribution =normal, bias=0 

backbone.layer5.2.conv.1.bn.weight - torch.Size([576]): 
The value is the same before and after calling `init_weights` of EncoderDecoder  

backbone.layer5.2.conv.1.bn.bias - torch.Size([576]): 
The value is the same before and after calling `init_weights` of EncoderDecoder  

backbone.layer5.2.conv.2.conv.weight - torch.Size([96, 576, 1, 1]): 
KaimingInit: a=0, mode=fan_out, nonlinearity=relu, distribution =normal, bias=0 

backbone.layer5.2.conv.2.bn.weight - torch.Size([96]): 
The value is the same before and after calling `init_weights` of EncoderDecoder  

backbone.layer5.2.conv.2.bn.bias - torch.Size([96]): 
The value is the same before and after calling `init_weights` of EncoderDecoder  

backbone.layer6.0.conv.0.conv.weight - torch.Size([576, 96, 1, 1]): 
KaimingInit: a=0, mode=fan_out, nonlinearity=relu, distribution =normal, bias=0 

backbone.layer6.0.conv.0.bn.weight - torch.Size([576]): 
The value is the same before and after calling `init_weights` of EncoderDecoder  

backbone.layer6.0.conv.0.bn.bias - torch.Size([576]): 
The value is the same before and after calling `init_weights` of EncoderDecoder  

backbone.layer6.0.conv.1.conv.weight - torch.Size([576, 1, 3, 3]): 
KaimingInit: a=0, mode=fan_out, nonlinearity=relu, distribution =normal, bias=0 

backbone.layer6.0.conv.1.bn.weight - torch.Size([576]): 
The value is the same before and after calling `init_weights` of EncoderDecoder  

backbone.layer6.0.conv.1.bn.bias - torch.Size([576]): 
The value is the same before and after calling `init_weights` of EncoderDecoder  

backbone.layer6.0.conv.2.conv.weight - torch.Size([160, 576, 1, 1]): 
KaimingInit: a=0, mode=fan_out, nonlinearity=relu, distribution =normal, bias=0 

backbone.layer6.0.conv.2.bn.weight - torch.Size([160]): 
The value is the same before and after calling `init_weights` of EncoderDecoder  

backbone.layer6.0.conv.2.bn.bias - torch.Size([160]): 
The value is the same before and after calling `init_weights` of EncoderDecoder  

backbone.layer6.1.conv.0.conv.weight - torch.Size([960, 160, 1, 1]): 
KaimingInit: a=0, mode=fan_out, nonlinearity=relu, distribution =normal, bias=0 

backbone.layer6.1.conv.0.bn.weight - torch.Size([960]): 
The value is the same before and after calling `init_weights` of EncoderDecoder  

backbone.layer6.1.conv.0.bn.bias - torch.Size([960]): 
The value is the same before and after calling `init_weights` of EncoderDecoder  

backbone.layer6.1.conv.1.conv.weight - torch.Size([960, 1, 3, 3]): 
KaimingInit: a=0, mode=fan_out, nonlinearity=relu, distribution =normal, bias=0 

backbone.layer6.1.conv.1.bn.weight - torch.Size([960]): 
The value is the same before and after calling `init_weights` of EncoderDecoder  

backbone.layer6.1.conv.1.bn.bias - torch.Size([960]): 
The value is the same before and after calling `init_weights` of EncoderDecoder  

backbone.layer6.1.conv.2.conv.weight - torch.Size([160, 960, 1, 1]): 
KaimingInit: a=0, mode=fan_out, nonlinearity=relu, distribution =normal, bias=0 

backbone.layer6.1.conv.2.bn.weight - torch.Size([160]): 
The value is the same before and after calling `init_weights` of EncoderDecoder  

backbone.layer6.1.conv.2.bn.bias - torch.Size([160]): 
The value is the same before and after calling `init_weights` of EncoderDecoder  

backbone.layer6.2.conv.0.conv.weight - torch.Size([960, 160, 1, 1]): 
KaimingInit: a=0, mode=fan_out, nonlinearity=relu, distribution =normal, bias=0 

backbone.layer6.2.conv.0.bn.weight - torch.Size([960]): 
The value is the same before and after calling `init_weights` of EncoderDecoder  

backbone.layer6.2.conv.0.bn.bias - torch.Size([960]): 
The value is the same before and after calling `init_weights` of EncoderDecoder  

backbone.layer6.2.conv.1.conv.weight - torch.Size([960, 1, 3, 3]): 
KaimingInit: a=0, mode=fan_out, nonlinearity=relu, distribution =normal, bias=0 

backbone.layer6.2.conv.1.bn.weight - torch.Size([960]): 
The value is the same before and after calling `init_weights` of EncoderDecoder  

backbone.layer6.2.conv.1.bn.bias - torch.Size([960]): 
The value is the same before and after calling `init_weights` of EncoderDecoder  

backbone.layer6.2.conv.2.conv.weight - torch.Size([160, 960, 1, 1]): 
KaimingInit: a=0, mode=fan_out, nonlinearity=relu, distribution =normal, bias=0 

backbone.layer6.2.conv.2.bn.weight - torch.Size([160]): 
The value is the same before and after calling `init_weights` of EncoderDecoder  

backbone.layer6.2.conv.2.bn.bias - torch.Size([160]): 
The value is the same before and after calling `init_weights` of EncoderDecoder  

backbone.layer7.0.conv.0.conv.weight - torch.Size([960, 160, 1, 1]): 
KaimingInit: a=0, mode=fan_out, nonlinearity=relu, distribution =normal, bias=0 

backbone.layer7.0.conv.0.bn.weight - torch.Size([960]): 
The value is the same before and after calling `init_weights` of EncoderDecoder  

backbone.layer7.0.conv.0.bn.bias - torch.Size([960]): 
The value is the same before and after calling `init_weights` of EncoderDecoder  

backbone.layer7.0.conv.1.conv.weight - torch.Size([960, 1, 3, 3]): 
KaimingInit: a=0, mode=fan_out, nonlinearity=relu, distribution =normal, bias=0 

backbone.layer7.0.conv.1.bn.weight - torch.Size([960]): 
The value is the same before and after calling `init_weights` of EncoderDecoder  

backbone.layer7.0.conv.1.bn.bias - torch.Size([960]): 
The value is the same before and after calling `init_weights` of EncoderDecoder  

backbone.layer7.0.conv.2.conv.weight - torch.Size([320, 960, 1, 1]): 
KaimingInit: a=0, mode=fan_out, nonlinearity=relu, distribution =normal, bias=0 

backbone.layer7.0.conv.2.bn.weight - torch.Size([320]): 
The value is the same before and after calling `init_weights` of EncoderDecoder  

backbone.layer7.0.conv.2.bn.bias - torch.Size([320]): 
The value is the same before and after calling `init_weights` of EncoderDecoder  

decode_head.conv_seg.weight - torch.Size([2, 512, 1, 1]): 
NormalInit: mean=0, std=0.01, bias=0 

decode_head.conv_seg.bias - torch.Size([2]): 
NormalInit: mean=0, std=0.01, bias=0 

decode_head.image_pool.1.conv.weight - torch.Size([512, 320, 1, 1]): 
The value is the same before and after calling `init_weights` of EncoderDecoder  

decode_head.image_pool.1.bn.weight - torch.Size([512]): 
The value is the same before and after calling `init_weights` of EncoderDecoder  

decode_head.image_pool.1.bn.bias - torch.Size([512]): 
The value is the same before and after calling `init_weights` of EncoderDecoder  

decode_head.aspp_modules.0.conv.weight - torch.Size([512, 320, 1, 1]): 
The value is the same before and after calling `init_weights` of EncoderDecoder  

decode_head.aspp_modules.0.bn.weight - torch.Size([512]): 
The value is the same before and after calling `init_weights` of EncoderDecoder  

decode_head.aspp_modules.0.bn.bias - torch.Size([512]): 
The value is the same before and after calling `init_weights` of EncoderDecoder  

decode_head.aspp_modules.1.depthwise_conv.conv.weight - torch.Size([320, 1, 3, 3]): 
The value is the same before and after calling `init_weights` of EncoderDecoder  

decode_head.aspp_modules.1.depthwise_conv.bn.weight - torch.Size([320]): 
The value is the same before and after calling `init_weights` of EncoderDecoder  

decode_head.aspp_modules.1.depthwise_conv.bn.bias - torch.Size([320]): 
The value is the same before and after calling `init_weights` of EncoderDecoder  

decode_head.aspp_modules.1.pointwise_conv.conv.weight - torch.Size([512, 320, 1, 1]): 
The value is the same before and after calling `init_weights` of EncoderDecoder  

decode_head.aspp_modules.1.pointwise_conv.bn.weight - torch.Size([512]): 
The value is the same before and after calling `init_weights` of EncoderDecoder  

decode_head.aspp_modules.1.pointwise_conv.bn.bias - torch.Size([512]): 
The value is the same before and after calling `init_weights` of EncoderDecoder  

decode_head.aspp_modules.2.depthwise_conv.conv.weight - torch.Size([320, 1, 3, 3]): 
The value is the same before and after calling `init_weights` of EncoderDecoder  

decode_head.aspp_modules.2.depthwise_conv.bn.weight - torch.Size([320]): 
The value is the same before and after calling `init_weights` of EncoderDecoder  

decode_head.aspp_modules.2.depthwise_conv.bn.bias - torch.Size([320]): 
The value is the same before and after calling `init_weights` of EncoderDecoder  

decode_head.aspp_modules.2.pointwise_conv.conv.weight - torch.Size([512, 320, 1, 1]): 
The value is the same before and after calling `init_weights` of EncoderDecoder  

decode_head.aspp_modules.2.pointwise_conv.bn.weight - torch.Size([512]): 
The value is the same before and after calling `init_weights` of EncoderDecoder  

decode_head.aspp_modules.2.pointwise_conv.bn.bias - torch.Size([512]): 
The value is the same before and after calling `init_weights` of EncoderDecoder  

decode_head.aspp_modules.3.depthwise_conv.conv.weight - torch.Size([320, 1, 3, 3]): 
The value is the same before and after calling `init_weights` of EncoderDecoder  

decode_head.aspp_modules.3.depthwise_conv.bn.weight - torch.Size([320]): 
The value is the same before and after calling `init_weights` of EncoderDecoder  

decode_head.aspp_modules.3.depthwise_conv.bn.bias - torch.Size([320]): 
The value is the same before and after calling `init_weights` of EncoderDecoder  

decode_head.aspp_modules.3.pointwise_conv.conv.weight - torch.Size([512, 320, 1, 1]): 
The value is the same before and after calling `init_weights` of EncoderDecoder  

decode_head.aspp_modules.3.pointwise_conv.bn.weight - torch.Size([512]): 
The value is the same before and after calling `init_weights` of EncoderDecoder  

decode_head.aspp_modules.3.pointwise_conv.bn.bias - torch.Size([512]): 
The value is the same before and after calling `init_weights` of EncoderDecoder  

decode_head.bottleneck.conv.weight - torch.Size([512, 2560, 3, 3]): 
Initialized by user-defined `init_weights` in ConvModule  

decode_head.bottleneck.bn.weight - torch.Size([512]): 
The value is the same before and after calling `init_weights` of EncoderDecoder  

decode_head.bottleneck.bn.bias - torch.Size([512]): 
The value is the same before and after calling `init_weights` of EncoderDecoder  

decode_head.c1_bottleneck.conv.weight - torch.Size([12, 24, 1, 1]): 
Initialized by user-defined `init_weights` in ConvModule  

decode_head.c1_bottleneck.bn.weight - torch.Size([12]): 
The value is the same before and after calling `init_weights` of EncoderDecoder  

decode_head.c1_bottleneck.bn.bias - torch.Size([12]): 
The value is the same before and after calling `init_weights` of EncoderDecoder  

decode_head.sep_bottleneck.0.depthwise_conv.conv.weight - torch.Size([524, 1, 3, 3]): 
The value is the same before and after calling `init_weights` of EncoderDecoder  

decode_head.sep_bottleneck.0.depthwise_conv.bn.weight - torch.Size([524]): 
The value is the same before and after calling `init_weights` of EncoderDecoder  

decode_head.sep_bottleneck.0.depthwise_conv.bn.bias - torch.Size([524]): 
The value is the same before and after calling `init_weights` of EncoderDecoder  

decode_head.sep_bottleneck.0.pointwise_conv.conv.weight - torch.Size([512, 524, 1, 1]): 
The value is the same before and after calling `init_weights` of EncoderDecoder  

decode_head.sep_bottleneck.0.pointwise_conv.bn.weight - torch.Size([512]): 
The value is the same before and after calling `init_weights` of EncoderDecoder  

decode_head.sep_bottleneck.0.pointwise_conv.bn.bias - torch.Size([512]): 
The value is the same before and after calling `init_weights` of EncoderDecoder  

decode_head.sep_bottleneck.1.depthwise_conv.conv.weight - torch.Size([512, 1, 3, 3]): 
The value is the same before and after calling `init_weights` of EncoderDecoder  

decode_head.sep_bottleneck.1.depthwise_conv.bn.weight - torch.Size([512]): 
The value is the same before and after calling `init_weights` of EncoderDecoder  

decode_head.sep_bottleneck.1.depthwise_conv.bn.bias - torch.Size([512]): 
The value is the same before and after calling `init_weights` of EncoderDecoder  

decode_head.sep_bottleneck.1.pointwise_conv.conv.weight - torch.Size([512, 512, 1, 1]): 
The value is the same before and after calling `init_weights` of EncoderDecoder  

decode_head.sep_bottleneck.1.pointwise_conv.bn.weight - torch.Size([512]): 
The value is the same before and after calling `init_weights` of EncoderDecoder  

decode_head.sep_bottleneck.1.pointwise_conv.bn.bias - torch.Size([512]): 
The value is the same before and after calling `init_weights` of EncoderDecoder  
2026/07/31 01:42:49 - mmengine - WARNING - "FileClient" will be deprecated in future. Please use io functions in https://mmengine.readthedocs.io/en/latest/api/fileio.html#file-io
2026/07/31 01:42:49 - mmengine - WARNING - "HardDiskBackend" is the alias of "LocalBackend" and the former will be deprecated in future.
2026/07/31 01:42:49 - mmengine - INFO - Checkpoints will be saved to D:\Projects_\JiaBi_new\results\official_deeplabv3plus_20260730\work_dirs\seed42_scratch_10k.
2026/07/31 01:43:09 - mmengine - INFO - Iter(train) [  100/10000]  lr: 9.9976e-04  eta: 0:33:33  time: 0.2013  data_time: 0.0342  memory: 1733  loss: 0.4875  decode.loss_ce: 0.2704  decode.loss_dice: 0.2170  decode.acc_seg: 86.2740
2026/07/31 01:43:28 - mmengine - INFO - Iter(train) [  200/10000]  lr: 9.9903e-04  eta: 0:32:17  time: 0.1876  data_time: 0.0290  memory: 1733  loss: 0.4700  decode.loss_ce: 0.2755  decode.loss_dice: 0.1944  decode.acc_seg: 86.8137
2026/07/31 01:43:48 - mmengine - INFO - Iter(train) [  300/10000]  lr: 9.9782e-04  eta: 0:31:46  time: 0.1870  data_time: 0.0289  memory: 1733  loss: 0.3606  decode.loss_ce: 0.2096  decode.loss_dice: 0.1510  decode.acc_seg: 91.9076
2026/07/31 01:44:07 - mmengine - INFO - Iter(train) [  400/10000]  lr: 9.9612e-04  eta: 0:31:10  time: 0.1859  data_time: 0.0309  memory: 1733  loss: 0.3673  decode.loss_ce: 0.2160  decode.loss_dice: 0.1514  decode.acc_seg: 91.4988
2026/07/31 01:44:18 - mmengine - INFO - Exp name: deeplabv3plus_mobilenetv2_official_all_filtered_20260731_014240
2026/07/31 01:44:26 - mmengine - INFO - Iter(train) [  500/10000]  lr: 9.9393e-04  eta: 0:30:44  time: 0.1857  data_time: 0.0279  memory: 1733  loss: 0.3353  decode.loss_ce: 0.1997  decode.loss_dice: 0.1356  decode.acc_seg: 91.9280
2026/07/31 01:44:45 - mmengine - INFO - Iter(train) [  600/10000]  lr: 9.9126e-04  eta: 0:30:19  time: 0.1878  data_time: 0.0288  memory: 1733  loss: 0.3308  decode.loss_ce: 0.1960  decode.loss_dice: 0.1347  decode.acc_seg: 93.5353
2026/07/31 01:45:05 - mmengine - INFO - Iter(train) [  700/10000]  lr: 9.8811e-04  eta: 0:30:10  time: 0.1816  data_time: 0.0283  memory: 1733  loss: 0.3559  decode.loss_ce: 0.2108  decode.loss_dice: 0.1451  decode.acc_seg: 91.5229
2026/07/31 01:45:24 - mmengine - INFO - Iter(train) [  800/10000]  lr: 9.8449e-04  eta: 0:29:40  time: 0.1857  data_time: 0.0269  memory: 1733  loss: 0.3276  decode.loss_ce: 0.1918  decode.loss_dice: 0.1359  decode.acc_seg: 88.3351
2026/07/31 01:45:44 - mmengine - INFO - Iter(train) [  900/10000]  lr: 9.8039e-04  eta: 0:29:28  time: 0.2035  data_time: 0.0309  memory: 1733  loss: 0.3445  decode.loss_ce: 0.2067  decode.loss_dice: 0.1378  decode.acc_seg: 93.2697
2026/07/31 01:46:03 - mmengine - INFO - Exp name: deeplabv3plus_mobilenetv2_official_all_filtered_20260731_014240
2026/07/31 01:46:03 - mmengine - INFO - Iter(train) [ 1000/10000]  lr: 9.7582e-04  eta: 0:29:09  time: 0.2193  data_time: 0.0281  memory: 1733  loss: 0.3274  decode.loss_ce: 0.1954  decode.loss_dice: 0.1320  decode.acc_seg: 92.0196
2026/07/31 01:46:03 - mmengine - INFO - Saving checkpoint at 1000 iterations
