[SKIP COMPLETED] Dual-teacher targets: results\dual_teacher_kd_20260717\soft_targets

============================================================
[START] Train K0_finetune_control_seed42
[LOG]   results\dual_teacher_kd_20260717\logs\K0_finetune_control_train.log
============================================================
[DONE] Train K0_finetune_control_seed42
Epoch 18/30 [Train]:  97%|¨€¨€¨€¨€¨€¨€¨€¨€¨€¨ƒ| 444/460 [01:33<00:03,  4.78it/s]
Epoch 18/30 [Train]:  97%|¨€¨€¨€¨€¨€¨€¨€¨€¨€¨ƒ| 445/460 [01:33<00:03,  4.76it/s]
Epoch 18/30 [Train]:  97%|¨€¨€¨€¨€¨€¨€¨€¨€¨€¨ƒ| 446/460 [01:33<00:02,  4.78it/s]
Epoch 18/30 [Train]:  97%|¨€¨€¨€¨€¨€¨€¨€¨€¨€¨ƒ| 447/460 [01:33<00:02,  4.76it/s]
Epoch 18/30 [Train]:  97%|¨€¨€¨€¨€¨€¨€¨€¨€¨€¨ƒ| 448/460 [01:34<00:02,  4.78it/s]
Epoch 18/30 [Train]:  98%|¨€¨€¨€¨€¨€¨€¨€¨€¨€¨‚| 449/460 [01:34<00:02,  4.74it/s]
Epoch 18/30 [Train]:  98%|¨€¨€¨€¨€¨€¨€¨€¨€¨€¨‚| 450/460 [01:34<00:02,  4.70it/s]
Epoch 18/30 [Train]:  98%|¨€¨€¨€¨€¨€¨€¨€¨€¨€¨‚| 451/460 [01:34<00:01,  4.73it/s]
Epoch 18/30 [Train]:  98%|¨€¨€¨€¨€¨€¨€¨€¨€¨€¨‚| 452/460 [01:34<00:01,  4.70it/s]
Epoch 18/30 [Train]:  98%|¨€¨€¨€¨€¨€¨€¨€¨€¨€¨‚| 453/460 [01:35<00:01,  4.70it/s]
Epoch 18/30 [Train]:  99%|¨€¨€¨€¨€¨€¨€¨€¨€¨€¨‚| 454/460 [01:35<00:01,  4.71it/s]
Epoch 18/30 [Train]:  99%|¨€¨€¨€¨€¨€¨€¨€¨€¨€¨| 455/460 [01:35<00:01,  4.72it/s]
Epoch 18/30 [Train]:  99%|¨€¨€¨€¨€¨€¨€¨€¨€¨€¨| 456/460 [01:35<00:00,  4.67it/s]
Epoch 18/30 [Train]:  99%|¨€¨€¨€¨€¨€¨€¨€¨€¨€¨| 457/460 [01:36<00:00,  4.74it/s]
Epoch 18/30 [Train]: 100%|¨€¨€¨€¨€¨€¨€¨€¨€¨€¨| 458/460 [01:36<00:00,  4.83it/s]
Epoch 18/30 [Train]: 100%|¨€¨€¨€¨€¨€¨€¨€¨€¨€¨| 459/460 [01:36<00:00,  4.89it/s]
Epoch 18/30 [Train]: 100%|¨€¨€¨€¨€¨€¨€¨€¨€¨€¨€| 460/460 [01:36<00:00,  5.51it/s]
                                                                      

============================================================
[START] Train K1_uniform_lambda0p3_seed42
[LOG]   results\dual_teacher_kd_20260717\logs\K1_uniform_lambda0p3_train.log
============================================================
[DONE] Train K1_uniform_lambda0p3_seed42
Epoch 14/30 [Train]:  97%|¨€¨€¨€¨€¨€¨€¨€¨€¨€¨ƒ| 444/460 [01:33<00:03,  4.76it/s]
Epoch 14/30 [Train]:  97%|¨€¨€¨€¨€¨€¨€¨€¨€¨€¨ƒ| 445/460 [01:33<00:03,  4.74it/s]
Epoch 14/30 [Train]:  97%|¨€¨€¨€¨€¨€¨€¨€¨€¨€¨ƒ| 446/460 [01:33<00:02,  4.74it/s]
Epoch 14/30 [Train]:  97%|¨€¨€¨€¨€¨€¨€¨€¨€¨€¨ƒ| 447/460 [01:34<00:02,  4.74it/s]
Epoch 14/30 [Train]:  97%|¨€¨€¨€¨€¨€¨€¨€¨€¨€¨ƒ| 448/460 [01:34<00:02,  4.75it/s]
Epoch 14/30 [Train]:  98%|¨€¨€¨€¨€¨€¨€¨€¨€¨€¨‚| 449/460 [01:34<00:02,  4.74it/s]
Epoch 14/30 [Train]:  98%|¨€¨€¨€¨€¨€¨€¨€¨€¨€¨‚| 450/460 [01:34<00:02,  4.78it/s]
Epoch 14/30 [Train]:  98%|¨€¨€¨€¨€¨€¨€¨€¨€¨€¨‚| 451/460 [01:34<00:01,  4.78it/s]
Epoch 14/30 [Train]:  98%|¨€¨€¨€¨€¨€¨€¨€¨€¨€¨‚| 452/460 [01:35<00:01,  4.76it/s]
Epoch 14/30 [Train]:  98%|¨€¨€¨€¨€¨€¨€¨€¨€¨€¨‚| 453/460 [01:35<00:01,  4.74it/s]
Epoch 14/30 [Train]:  99%|¨€¨€¨€¨€¨€¨€¨€¨€¨€¨‚| 454/460 [01:35<00:01,  4.75it/s]
Epoch 14/30 [Train]:  99%|¨€¨€¨€¨€¨€¨€¨€¨€¨€¨| 455/460 [01:35<00:01,  4.76it/s]
Epoch 14/30 [Train]:  99%|¨€¨€¨€¨€¨€¨€¨€¨€¨€¨| 456/460 [01:36<00:00,  4.77it/s]
Epoch 14/30 [Train]:  99%|¨€¨€¨€¨€¨€¨€¨€¨€¨€¨| 457/460 [01:36<00:00,  4.76it/s]
Epoch 14/30 [Train]: 100%|¨€¨€¨€¨€¨€¨€¨€¨€¨€¨| 458/460 [01:36<00:00,  4.76it/s]
Epoch 14/30 [Train]: 100%|¨€¨€¨€¨€¨€¨€¨€¨€¨€¨| 459/460 [01:36<00:00,  4.75it/s]
Epoch 14/30 [Train]: 100%|¨€¨€¨€¨€¨€¨€¨€¨€¨€¨€| 460/460 [01:36<00:00,  5.33it/s]
                                                                      

============================================================
[START] Train K2_uniform_lambda1p0_seed42
[LOG]   results\dual_teacher_kd_20260717\logs\K2_uniform_lambda1p0_train.log
============================================================
[DONE] Train K2_uniform_lambda1p0_seed42
Epoch 18/30 [Train]:  97%|¨€¨€¨€¨€¨€¨€¨€¨€¨€¨ƒ| 444/460 [01:40<00:03,  4.30it/s]
Epoch 18/30 [Train]:  97%|¨€¨€¨€¨€¨€¨€¨€¨€¨€¨ƒ| 445/460 [01:40<00:03,  4.30it/s]
Epoch 18/30 [Train]:  97%|¨€¨€¨€¨€¨€¨€¨€¨€¨€¨ƒ| 446/460 [01:41<00:03,  4.26it/s]
Epoch 18/30 [Train]:  97%|¨€¨€¨€¨€¨€¨€¨€¨€¨€¨ƒ| 447/460 [01:41<00:03,  4.25it/s]
Epoch 18/30 [Train]:  97%|¨€¨€¨€¨€¨€¨€¨€¨€¨€¨ƒ| 448/460 [01:41<00:02,  4.24it/s]
Epoch 18/30 [Train]:  98%|¨€¨€¨€¨€¨€¨€¨€¨€¨€¨‚| 449/460 [01:41<00:02,  4.26it/s]
Epoch 18/30 [Train]:  98%|¨€¨€¨€¨€¨€¨€¨€¨€¨€¨‚| 450/460 [01:42<00:02,  4.26it/s]
Epoch 18/30 [Train]:  98%|¨€¨€¨€¨€¨€¨€¨€¨€¨€¨‚| 451/460 [01:42<00:02,  4.25it/s]
Epoch 18/30 [Train]:  98%|¨€¨€¨€¨€¨€¨€¨€¨€¨€¨‚| 452/460 [01:42<00:01,  4.27it/s]
Epoch 18/30 [Train]:  98%|¨€¨€¨€¨€¨€¨€¨€¨€¨€¨‚| 453/460 [01:42<00:01,  4.26it/s]
Epoch 18/30 [Train]:  99%|¨€¨€¨€¨€¨€¨€¨€¨€¨€¨‚| 454/460 [01:43<00:01,  4.32it/s]
Epoch 18/30 [Train]:  99%|¨€¨€¨€¨€¨€¨€¨€¨€¨€¨| 455/460 [01:43<00:01,  4.35it/s]
Epoch 18/30 [Train]:  99%|¨€¨€¨€¨€¨€¨€¨€¨€¨€¨| 456/460 [01:43<00:00,  4.32it/s]
Epoch 18/30 [Train]:  99%|¨€¨€¨€¨€¨€¨€¨€¨€¨€¨| 457/460 [01:43<00:00,  4.30it/s]
Epoch 18/30 [Train]: 100%|¨€¨€¨€¨€¨€¨€¨€¨€¨€¨| 458/460 [01:44<00:00,  4.32it/s]
Epoch 18/30 [Train]: 100%|¨€¨€¨€¨€¨€¨€¨€¨€¨€¨| 459/460 [01:44<00:00,  4.34it/s]
Epoch 18/30 [Train]: 100%|¨€¨€¨€¨€¨€¨€¨€¨€¨€¨€| 460/460 [01:44<00:00,  4.35it/s]
                                                                      

============================================================
[START] One development-test evaluation for KD candidates
[LOG]   results\dual_teacher_kd_20260717\logs\development_test_eval.log
============================================================
[DONE] One development-test evaluation for KD candidates
K2_uniform_lambda1p0_seed42:  84%|¨€¨€¨€¨€¨€¨€¨€¨€¨… | 92/109 [00:15<00:02,  6.18it/s]
K2_uniform_lambda1p0_seed42:  85%|¨€¨€¨€¨€¨€¨€¨€¨€¨„ | 93/109 [00:15<00:02,  6.04it/s]
K2_uniform_lambda1p0_seed42:  86%|¨€¨€¨€¨€¨€¨€¨€¨€¨„ | 94/109 [00:15<00:02,  5.99it/s]
K2_uniform_lambda1p0_seed42:  87%|¨€¨€¨€¨€¨€¨€¨€¨€¨ƒ | 95/109 [00:15<00:02,  6.01it/s]
K2_uniform_lambda1p0_seed42:  88%|¨€¨€¨€¨€¨€¨€¨€¨€¨‚ | 96/109 [00:15<00:02,  6.33it/s]
K2_uniform_lambda1p0_seed42:  89%|¨€¨€¨€¨€¨€¨€¨€¨€¨ | 97/109 [00:16<00:01,  6.15it/s]
K2_uniform_lambda1p0_seed42:  90%|¨€¨€¨€¨€¨€¨€¨€¨€¨ | 98/109 [00:16<00:01,  6.13it/s]
K2_uniform_lambda1p0_seed42:  91%|¨€¨€¨€¨€¨€¨€¨€¨€¨€ | 99/109 [00:16<00:01,  6.11it/s]
K2_uniform_lambda1p0_seed42:  92%|¨€¨€¨€¨€¨€¨€¨€¨€¨€¨‡| 100/109 [00:16<00:01,  6.10it/s]
K2_uniform_lambda1p0_seed42:  93%|¨€¨€¨€¨€¨€¨€¨€¨€¨€¨†| 101/109 [00:16<00:01,  5.86it/s]
K2_uniform_lambda1p0_seed42:  94%|¨€¨€¨€¨€¨€¨€¨€¨€¨€¨†| 102/109 [00:16<00:01,  5.84it/s]
K2_uniform_lambda1p0_seed42:  94%|¨€¨€¨€¨€¨€¨€¨€¨€¨€¨…| 103/109 [00:17<00:01,  5.99it/s]
K2_uniform_lambda1p0_seed42:  95%|¨€¨€¨€¨€¨€¨€¨€¨€¨€¨„| 104/109 [00:17<00:00,  6.09it/s]
K2_uniform_lambda1p0_seed42:  97%|¨€¨€¨€¨€¨€¨€¨€¨€¨€¨ƒ| 106/109 [00:17<00:00,  6.86it/s]
K2_uniform_lambda1p0_seed42:  98%|¨€¨€¨€¨€¨€¨€¨€¨€¨€¨‚| 107/109 [00:17<00:00,  6.62it/s]
K2_uniform_lambda1p0_seed42:  99%|¨€¨€¨€¨€¨€¨€¨€¨€¨€¨| 108/109 [00:17<00:00,  6.50it/s]
K2_uniform_lambda1p0_seed42: 100%|¨€¨€¨€¨€¨€¨€¨€¨€¨€¨€| 109/109 [00:18<00:00,  6.43it/s]
K2_uniform_lambda1p0_seed42: 100%|¨€¨€¨€¨€¨€¨€¨€¨€¨€¨€| 109/109 [00:18<00:00,  6.05it/s]

============================================================
[START] Summarize KD deltas and branch decision
[LOG]   results\dual_teacher_kd_20260717\logs\summarize_first_night.log
============================================================
[DONE] Summarize KD deltas and branch decision
===== STDOUT =====
[KD summary complete]
Best candidate: K2_uniform_lambda1p0_seed42
Dice: 0.7609; delta vs K0: +0.0047
Next phase: fallback_k3_k4
===== STDERR =====

============================================================
[ALL DONE]
Targets: results\dual_teacher_kd_20260717\soft_targets
Summary: results\dual_teacher_kd_20260717\run_summary.csv
Metrics: results\dual_teacher_kd_20260717\metrics_summary.csv
Decision: results\dual_teacher_kd_20260717\first_night_decision.json
Logs: results\dual_teacher_kd_20260717\logs
============================================================
