[Setup] device=cuda images=436 models=9

[Predict] TransUNet_scratch_seed42
          results/experiments/all_filtered/baseline_retrain_20260619/0619_0232/best_model.pth
[*] 未加载预训练权重，从头训练

[Predict] Ours_green_MSE_scratch_seed42
          results/experiments/all_filtered/ours_green_only_mse_only_20260620/0620_0616/best_model.pth
[*] 未加载预训练权重，从头训练

[Predict] F3_directional_multiscale_scratch_seed42
          results/experiments/all_filtered/f3_directional_green_multiscale_scratch_seed42_20260715/0715_1556/best_model.pth
[*] 未加载预训练权重，从头训练

[Predict] F0_pretrained_seed42
          results/experiments/all_filtered/f0_transunet_corrected_pretrained_seed42_20260715/0715_1907/best_model.pth
[*] 未加载预训练权重，从头训练

[Predict] K2_dual_teacher_KD_seed42
          results/experiments/all_filtered/K2_uniform_lambda1p0_20260717/0717_0206/best_model.pth
[*] 未加载预训练权重，从头训练

[Predict] S0_structure_control_seed42
          results/experiments/all_filtered/structure_aux_s0_control_20260720/0721_0027/best_model.pth
[*] 未加载预训练权重，从头训练

[Predict] S2_boundary_centerline_seed42
          results/experiments/all_filtered/structure_aux_s2_full_20260720/0721_0318/best_model.pth
[*] 未加载预训练权重，从头训练

[Predict] DecoderDistillV2_seed42
          results/experiments/all_filtered/decoder_distill_v2_direct_green_teacher_pretrained_seed42_20260710/0710_0812/best_model.pth
[*] 未加载预训练权重，从头训练
[*] 未加载预训练权重，从头训练

[Prediction error review complete]
HTML: results\prediction_error_review_20260730\index.html
Summary: results\prediction_error_review_20260730\analysis_summary.md
Predictions: results\prediction_error_review_20260730\predictions
