[*] SMP baseline: fpn, encoder=resnet34, weights=imagenet
[*] dataset: all_filtered (./dataset_all_filtered)
[*] save_path: ./results/experiments\all_filtered/smp_fpn_resnet34_20260623_imagenet\0625_1650
[*] device: cuda, seed=42, seg_loss=bce_dice
Epoch 001 | LR=0.000100 | TrainLoss=0.7011 | ValLoss=0.4295 | Dice=0.7375 | IoU=0.5948 | Recall=0.7389 | Precision=0.7713 | HD95=24.71 | clDice=0.8264 | BoundaryF1=0.5875
[*] Saved best model: val Dice=0.7375
Epoch 002 | LR=0.000100 | TrainLoss=0.5256 | ValLoss=0.4280 | Dice=0.7302 | IoU=0.5861 | Recall=0.6847 | Precision=0.8258 | HD95=24.41 | clDice=0.8273 | BoundaryF1=0.6015
Epoch 003 | LR=0.000099 | TrainLoss=0.4952 | ValLoss=0.3840 | Dice=0.7668 | IoU=0.6297 | Recall=0.7525 | Precision=0.8058 | HD95=21.32 | clDice=0.8586 | BoundaryF1=0.6464
[*] Saved best model: val Dice=0.7668
Epoch 004 | LR=0.000098 | TrainLoss=0.4787 | ValLoss=0.3799 | Dice=0.7679 | IoU=0.6315 | Recall=0.7487 | Precision=0.8129 | HD95=20.50 | clDice=0.8625 | BoundaryF1=0.6547
[*] Saved best model: val Dice=0.7679
Epoch 005 | LR=0.000098 | TrainLoss=0.4618 | ValLoss=0.3743 | Dice=0.7714 | IoU=0.6359 | Recall=0.7558 | Precision=0.8131 | HD95=20.34 | clDice=0.8665 | BoundaryF1=0.6573
[*] Saved best model: val Dice=0.7714
Epoch 006 | LR=0.000097 | TrainLoss=0.4531 | ValLoss=0.3910 | Dice=0.7625 | IoU=0.6270 | Recall=0.7717 | Precision=0.7888 | HD95=23.06 | clDice=0.8550 | BoundaryF1=0.6399
Epoch 007 | LR=0.000095 | TrainLoss=0.4463 | ValLoss=0.3746 | Dice=0.7755 | IoU=0.6422 | Recall=0.7728 | Precision=0.8024 | HD95=20.94 | clDice=0.8665 | BoundaryF1=0.6591
[*] Saved best model: val Dice=0.7755
Epoch 008 | LR=0.000094 | TrainLoss=0.4357 | ValLoss=0.3552 | Dice=0.7862 | IoU=0.6561 | Recall=0.8128 | Precision=0.7821 | HD95=19.35 | clDice=0.8751 | BoundaryF1=0.6663
[*] Saved best model: val Dice=0.7862
Epoch 009 | LR=0.000092 | TrainLoss=0.4231 | ValLoss=0.3561 | Dice=0.7836 | IoU=0.6523 | Recall=0.7722 | Precision=0.8154 | HD95=17.96 | clDice=0.8766 | BoundaryF1=0.6758
Epoch 010 | LR=0.000091 | TrainLoss=0.4178 | ValLoss=0.3670 | Dice=0.7778 | IoU=0.6459 | Recall=0.7703 | Precision=0.8108 | HD95=20.05 | clDice=0.8732 | BoundaryF1=0.6692
Epoch 011 | LR=0.000089 | TrainLoss=0.4102 | ValLoss=0.3902 | Dice=0.7615 | IoU=0.6243 | Recall=0.7161 | Precision=0.8460 | HD95=21.62 | clDice=0.8604 | BoundaryF1=0.6497
Epoch 012 | LR=0.000087 | TrainLoss=0.3986 | ValLoss=0.3686 | Dice=0.7754 | IoU=0.6428 | Recall=0.7697 | Precision=0.8076 | HD95=21.15 | clDice=0.8695 | BoundaryF1=0.6653
Epoch 013 | LR=0.000084 | TrainLoss=0.3967 | ValLoss=0.3588 | Dice=0.7826 | IoU=0.6504 | Recall=0.7819 | Precision=0.8026 | HD95=20.14 | clDice=0.8754 | BoundaryF1=0.6719
Epoch 014 | LR=0.000082 | TrainLoss=0.3852 | ValLoss=0.3744 | Dice=0.7722 | IoU=0.6378 | Recall=0.7532 | Precision=0.8186 | HD95=22.08 | clDice=0.8690 | BoundaryF1=0.6661
Epoch 015 | LR=0.000080 | TrainLoss=0.3796 | ValLoss=0.3649 | Dice=0.7814 | IoU=0.6494 | Recall=0.7785 | Precision=0.8064 | HD95=19.44 | clDice=0.8750 | BoundaryF1=0.6734
Epoch 016 | LR=0.000077 | TrainLoss=0.3697 | ValLoss=0.3616 | Dice=0.7818 | IoU=0.6496 | Recall=0.7850 | Precision=0.7972 | HD95=18.82 | clDice=0.8786 | BoundaryF1=0.6726
Epoch 017 | LR=0.000074 | TrainLoss=0.3618 | ValLoss=0.3672 | Dice=0.7785 | IoU=0.6467 | Recall=0.7649 | Precision=0.8160 | HD95=20.59 | clDice=0.8737 | BoundaryF1=0.6731
Epoch 018 | LR=0.000072 | TrainLoss=0.3584 | ValLoss=0.3766 | Dice=0.7711 | IoU=0.6358 | Recall=0.7443 | Precision=0.8245 | HD95=20.72 | clDice=0.8704 | BoundaryF1=0.6630
Epoch 019 | LR=0.000069 | TrainLoss=0.3503 | ValLoss=0.3781 | Dice=0.7753 | IoU=0.6418 | Recall=0.7516 | Precision=0.8257 | HD95=20.02 | clDice=0.8737 | BoundaryF1=0.6681
Epoch 020 | LR=0.000066 | TrainLoss=0.3404 | ValLoss=0.3687 | Dice=0.7787 | IoU=0.6459 | Recall=0.7682 | Precision=0.8107 | HD95=21.08 | clDice=0.8766 | BoundaryF1=0.6724
Epoch 021 | LR=0.000063 | TrainLoss=0.3363 | ValLoss=0.3725 | Dice=0.7784 | IoU=0.6456 | Recall=0.7790 | Precision=0.7992 | HD95=18.96 | clDice=0.8765 | BoundaryF1=0.6684
Epoch 022 | LR=0.000060 | TrainLoss=0.3317 | ValLoss=0.3719 | Dice=0.7774 | IoU=0.6428 | Recall=0.7529 | Precision=0.8244 | HD95=19.68 | clDice=0.8757 | BoundaryF1=0.6693
Epoch 023 | LR=0.000057 | TrainLoss=0.3217 | ValLoss=0.3713 | Dice=0.7783 | IoU=0.6444 | Recall=0.7656 | Precision=0.8136 | HD95=19.95 | clDice=0.8752 | BoundaryF1=0.6694
Epoch 024 | LR=0.000054 | TrainLoss=0.3169 | ValLoss=0.3681 | Dice=0.7789 | IoU=0.6455 | Recall=0.7718 | Precision=0.8076 | HD95=21.16 | clDice=0.8748 | BoundaryF1=0.6701
Epoch 025 | LR=0.000050 | TrainLoss=0.3122 | ValLoss=0.3743 | Dice=0.7778 | IoU=0.6441 | Recall=0.7733 | Precision=0.8032 | HD95=20.62 | clDice=0.8737 | BoundaryF1=0.6692
Epoch 026 | LR=0.000047 | TrainLoss=0.3091 | ValLoss=0.3822 | Dice=0.7724 | IoU=0.6372 | Recall=0.7451 | Precision=0.8231 | HD95=19.44 | clDice=0.8726 | BoundaryF1=0.6605
Epoch 027 | LR=0.000044 | TrainLoss=0.2998 | ValLoss=0.3783 | Dice=0.7739 | IoU=0.6386 | Recall=0.7539 | Precision=0.8153 | HD95=19.44 | clDice=0.8736 | BoundaryF1=0.6652
Epoch 028 | LR=0.000041 | TrainLoss=0.2953 | ValLoss=0.3771 | Dice=0.7770 | IoU=0.6425 | Recall=0.7582 | Precision=0.8164 | HD95=19.48 | clDice=0.8759 | BoundaryF1=0.6665
[*] Early stopping at epoch 28

[SMP Evaluation Complete]
Aggregate CSV: ./results/experiments\all_filtered/smp_fpn_resnet34_20260623_imagenet\0625_1650\aggregate_results.csv
all_filtered/smp_fpn_resnet34_20260623_imagenet: Dice=0.7446, IoU=0.6045, Recall=0.7911, Precision=0.7243, HD95=25.69, clDice=0.8301, BoundaryF1=0.6131
