[*] SMP baseline: deeplabv3plus, encoder=resnet34, weights=none
[*] dataset: all_filtered (./dataset_all_filtered)
[*] save_path: ./results/experiments\all_filtered/smp_deeplabv3plus_resnet34_20260623_scratch\0624_1022
[*] device: cuda, seed=42, seg_loss=bce_dice
Epoch 001 | LR=0.000100 | TrainLoss=0.8791 | ValLoss=0.5822 | Dice=0.6518 | IoU=0.5040 | Recall=0.5853 | Precision=0.8087 | HD95=33.10 | clDice=0.7443 | BoundaryF1=0.5138
[*] Saved best model: val Dice=0.6518
Epoch 002 | LR=0.000100 | TrainLoss=0.6016 | ValLoss=0.4939 | Dice=0.6905 | IoU=0.5455 | Recall=0.6378 | Precision=0.8141 | HD95=28.22 | clDice=0.7881 | BoundaryF1=0.5582
[*] Saved best model: val Dice=0.6905
Epoch 003 | LR=0.000099 | TrainLoss=0.5663 | ValLoss=0.4530 | Dice=0.7324 | IoU=0.5889 | Recall=0.7324 | Precision=0.7694 | HD95=26.02 | clDice=0.8242 | BoundaryF1=0.5918
[*] Saved best model: val Dice=0.7324
Epoch 004 | LR=0.000098 | TrainLoss=0.5492 | ValLoss=0.4641 | Dice=0.7111 | IoU=0.5642 | Recall=0.6668 | Precision=0.8096 | HD95=25.91 | clDice=0.8130 | BoundaryF1=0.5755
Epoch 005 | LR=0.000098 | TrainLoss=0.5316 | ValLoss=0.4348 | Dice=0.7303 | IoU=0.5879 | Recall=0.6817 | Precision=0.8255 | HD95=24.20 | clDice=0.8278 | BoundaryF1=0.6122
Epoch 006 | LR=0.000097 | TrainLoss=0.5202 | ValLoss=0.4339 | Dice=0.7262 | IoU=0.5847 | Recall=0.6679 | Precision=0.8407 | HD95=24.51 | clDice=0.8236 | BoundaryF1=0.6099
Epoch 007 | LR=0.000095 | TrainLoss=0.5087 | ValLoss=0.4000 | Dice=0.7548 | IoU=0.6161 | Recall=0.7446 | Precision=0.7988 | HD95=23.33 | clDice=0.8478 | BoundaryF1=0.6358
[*] Saved best model: val Dice=0.7548
Epoch 008 | LR=0.000094 | TrainLoss=0.5024 | ValLoss=0.4273 | Dice=0.7380 | IoU=0.5963 | Recall=0.6966 | Precision=0.8175 | HD95=25.93 | clDice=0.8312 | BoundaryF1=0.6161
Epoch 009 | LR=0.000092 | TrainLoss=0.4982 | ValLoss=0.4015 | Dice=0.7539 | IoU=0.6150 | Recall=0.7296 | Precision=0.8110 | HD95=22.75 | clDice=0.8473 | BoundaryF1=0.6366
Epoch 010 | LR=0.000091 | TrainLoss=0.4918 | ValLoss=0.3949 | Dice=0.7607 | IoU=0.6238 | Recall=0.7629 | Precision=0.7882 | HD95=21.92 | clDice=0.8505 | BoundaryF1=0.6378
[*] Saved best model: val Dice=0.7607
Epoch 011 | LR=0.000089 | TrainLoss=0.4847 | ValLoss=0.3868 | Dice=0.7631 | IoU=0.6261 | Recall=0.7372 | Precision=0.8178 | HD95=21.68 | clDice=0.8607 | BoundaryF1=0.6520
[*] Saved best model: val Dice=0.7631
Epoch 012 | LR=0.000087 | TrainLoss=0.4824 | ValLoss=0.3946 | Dice=0.7638 | IoU=0.6286 | Recall=0.7669 | Precision=0.7900 | HD95=22.88 | clDice=0.8539 | BoundaryF1=0.6472
[*] Saved best model: val Dice=0.7638
Epoch 013 | LR=0.000084 | TrainLoss=0.4747 | ValLoss=0.3883 | Dice=0.7637 | IoU=0.6256 | Recall=0.7440 | Precision=0.8097 | HD95=21.29 | clDice=0.8571 | BoundaryF1=0.6464
Epoch 014 | LR=0.000082 | TrainLoss=0.4724 | ValLoss=0.3861 | Dice=0.7645 | IoU=0.6280 | Recall=0.7609 | Precision=0.7989 | HD95=21.13 | clDice=0.8573 | BoundaryF1=0.6481
[*] Saved best model: val Dice=0.7645
Epoch 015 | LR=0.000080 | TrainLoss=0.4663 | ValLoss=0.3970 | Dice=0.7535 | IoU=0.6134 | Recall=0.7035 | Precision=0.8418 | HD95=21.08 | clDice=0.8531 | BoundaryF1=0.6428
Epoch 016 | LR=0.000077 | TrainLoss=0.4651 | ValLoss=0.3765 | Dice=0.7699 | IoU=0.6339 | Recall=0.7530 | Precision=0.8146 | HD95=21.05 | clDice=0.8656 | BoundaryF1=0.6610
[*] Saved best model: val Dice=0.7699
Epoch 017 | LR=0.000074 | TrainLoss=0.4595 | ValLoss=0.3829 | Dice=0.7689 | IoU=0.6334 | Recall=0.7676 | Precision=0.7958 | HD95=22.53 | clDice=0.8612 | BoundaryF1=0.6550
Epoch 018 | LR=0.000072 | TrainLoss=0.4532 | ValLoss=0.3928 | Dice=0.7592 | IoU=0.6208 | Recall=0.7253 | Precision=0.8267 | HD95=22.25 | clDice=0.8569 | BoundaryF1=0.6468
Epoch 019 | LR=0.000069 | TrainLoss=0.4452 | ValLoss=0.3763 | Dice=0.7721 | IoU=0.6375 | Recall=0.7845 | Precision=0.7863 | HD95=21.02 | clDice=0.8651 | BoundaryF1=0.6538
[*] Saved best model: val Dice=0.7721
Epoch 020 | LR=0.000066 | TrainLoss=0.4439 | ValLoss=0.3762 | Dice=0.7699 | IoU=0.6341 | Recall=0.7482 | Precision=0.8170 | HD95=18.80 | clDice=0.8668 | BoundaryF1=0.6633
Epoch 021 | LR=0.000063 | TrainLoss=0.4377 | ValLoss=0.3728 | Dice=0.7727 | IoU=0.6395 | Recall=0.7731 | Precision=0.7991 | HD95=22.23 | clDice=0.8652 | BoundaryF1=0.6639
[*] Saved best model: val Dice=0.7727
Epoch 022 | LR=0.000060 | TrainLoss=0.4324 | ValLoss=0.3900 | Dice=0.7591 | IoU=0.6212 | Recall=0.7160 | Precision=0.8336 | HD95=20.77 | clDice=0.8592 | BoundaryF1=0.6480
Epoch 023 | LR=0.000057 | TrainLoss=0.4299 | ValLoss=0.3757 | Dice=0.7699 | IoU=0.6338 | Recall=0.7422 | Precision=0.8249 | HD95=20.00 | clDice=0.8673 | BoundaryF1=0.6586
Epoch 024 | LR=0.000054 | TrainLoss=0.4210 | ValLoss=0.3659 | Dice=0.7772 | IoU=0.6432 | Recall=0.7676 | Precision=0.8099 | HD95=18.35 | clDice=0.8731 | BoundaryF1=0.6688
[*] Saved best model: val Dice=0.7772
Epoch 025 | LR=0.000050 | TrainLoss=0.4157 | ValLoss=0.3751 | Dice=0.7716 | IoU=0.6368 | Recall=0.7614 | Precision=0.8085 | HD95=20.23 | clDice=0.8670 | BoundaryF1=0.6618
Epoch 026 | LR=0.000047 | TrainLoss=0.4105 | ValLoss=0.3711 | Dice=0.7759 | IoU=0.6425 | Recall=0.7681 | Precision=0.8061 | HD95=19.13 | clDice=0.8719 | BoundaryF1=0.6669
Epoch 027 | LR=0.000044 | TrainLoss=0.4085 | ValLoss=0.3687 | Dice=0.7770 | IoU=0.6435 | Recall=0.7894 | Precision=0.7863 | HD95=20.09 | clDice=0.8699 | BoundaryF1=0.6643
Epoch 028 | LR=0.000041 | TrainLoss=0.4014 | ValLoss=0.3769 | Dice=0.7696 | IoU=0.6340 | Recall=0.7465 | Precision=0.8211 | HD95=20.05 | clDice=0.8675 | BoundaryF1=0.6621
Epoch 029 | LR=0.000038 | TrainLoss=0.3959 | ValLoss=0.3732 | Dice=0.7728 | IoU=0.6376 | Recall=0.7522 | Precision=0.8199 | HD95=19.96 | clDice=0.8712 | BoundaryF1=0.6650
Epoch 030 | LR=0.000035 | TrainLoss=0.3923 | ValLoss=0.3710 | Dice=0.7748 | IoU=0.6406 | Recall=0.7589 | Precision=0.8156 | HD95=20.47 | clDice=0.8708 | BoundaryF1=0.6687
Epoch 031 | LR=0.000032 | TrainLoss=0.3859 | ValLoss=0.3671 | Dice=0.7765 | IoU=0.6427 | Recall=0.7573 | Precision=0.8199 | HD95=20.10 | clDice=0.8733 | BoundaryF1=0.6709
Epoch 032 | LR=0.000029 | TrainLoss=0.3828 | ValLoss=0.3875 | Dice=0.7636 | IoU=0.6259 | Recall=0.7226 | Precision=0.8378 | HD95=21.30 | clDice=0.8651 | BoundaryF1=0.6548
Epoch 033 | LR=0.000027 | TrainLoss=0.3788 | ValLoss=0.3774 | Dice=0.7706 | IoU=0.6345 | Recall=0.7437 | Precision=0.8242 | HD95=20.09 | clDice=0.8709 | BoundaryF1=0.6631
Epoch 034 | LR=0.000024 | TrainLoss=0.3765 | ValLoss=0.3685 | Dice=0.7777 | IoU=0.6445 | Recall=0.7857 | Precision=0.7921 | HD95=19.84 | clDice=0.8731 | BoundaryF1=0.6677
[*] Saved best model: val Dice=0.7777
Epoch 035 | LR=0.000021 | TrainLoss=0.3700 | ValLoss=0.3792 | Dice=0.7683 | IoU=0.6320 | Recall=0.7342 | Precision=0.8308 | HD95=20.32 | clDice=0.8682 | BoundaryF1=0.6609
Epoch 036 | LR=0.000019 | TrainLoss=0.3654 | ValLoss=0.3701 | Dice=0.7759 | IoU=0.6422 | Recall=0.7677 | Precision=0.8071 | HD95=19.82 | clDice=0.8727 | BoundaryF1=0.6692
Epoch 037 | LR=0.000017 | TrainLoss=0.3629 | ValLoss=0.3721 | Dice=0.7745 | IoU=0.6400 | Recall=0.7589 | Precision=0.8145 | HD95=20.03 | clDice=0.8726 | BoundaryF1=0.6675
Epoch 038 | LR=0.000014 | TrainLoss=0.3586 | ValLoss=0.3764 | Dice=0.7724 | IoU=0.6377 | Recall=0.7518 | Precision=0.8179 | HD95=19.85 | clDice=0.8708 | BoundaryF1=0.6670
Epoch 039 | LR=0.000012 | TrainLoss=0.3565 | ValLoss=0.3812 | Dice=0.7694 | IoU=0.6335 | Recall=0.7456 | Precision=0.8193 | HD95=20.13 | clDice=0.8691 | BoundaryF1=0.6607
Epoch 040 | LR=0.000010 | TrainLoss=0.3528 | ValLoss=0.3751 | Dice=0.7729 | IoU=0.6382 | Recall=0.7595 | Precision=0.8114 | HD95=20.13 | clDice=0.8720 | BoundaryF1=0.6647
Epoch 041 | LR=0.000009 | TrainLoss=0.3507 | ValLoss=0.3767 | Dice=0.7709 | IoU=0.6354 | Recall=0.7485 | Precision=0.8192 | HD95=19.87 | clDice=0.8712 | BoundaryF1=0.6642
Epoch 042 | LR=0.000007 | TrainLoss=0.3484 | ValLoss=0.3764 | Dice=0.7719 | IoU=0.6370 | Recall=0.7578 | Precision=0.8114 | HD95=19.64 | clDice=0.8706 | BoundaryF1=0.6653
Epoch 043 | LR=0.000006 | TrainLoss=0.3443 | ValLoss=0.3754 | Dice=0.7730 | IoU=0.6383 | Recall=0.7602 | Precision=0.8107 | HD95=19.35 | clDice=0.8714 | BoundaryF1=0.6654
Epoch 044 | LR=0.000004 | TrainLoss=0.3455 | ValLoss=0.3741 | Dice=0.7739 | IoU=0.6393 | Recall=0.7607 | Precision=0.8111 | HD95=19.04 | clDice=0.8729 | BoundaryF1=0.6661
Epoch 045 | LR=0.000003 | TrainLoss=0.3436 | ValLoss=0.3764 | Dice=0.7722 | IoU=0.6373 | Recall=0.7520 | Precision=0.8174 | HD95=19.45 | clDice=0.8720 | BoundaryF1=0.6669
Epoch 046 | LR=0.000003 | TrainLoss=0.3420 | ValLoss=0.3743 | Dice=0.7738 | IoU=0.6393 | Recall=0.7609 | Precision=0.8113 | HD95=19.80 | clDice=0.8725 | BoundaryF1=0.6669
Epoch 047 | LR=0.000002 | TrainLoss=0.3444 | ValLoss=0.3774 | Dice=0.7718 | IoU=0.6369 | Recall=0.7525 | Precision=0.8166 | HD95=19.39 | clDice=0.8708 | BoundaryF1=0.6652
Epoch 048 | LR=0.000001 | TrainLoss=0.3388 | ValLoss=0.3781 | Dice=0.7709 | IoU=0.6354 | Recall=0.7490 | Precision=0.8185 | HD95=19.81 | clDice=0.8717 | BoundaryF1=0.6650
Epoch 049 | LR=0.000001 | TrainLoss=0.3382 | ValLoss=0.3746 | Dice=0.7746 | IoU=0.6407 | Recall=0.7642 | Precision=0.8088 | HD95=19.31 | clDice=0.8722 | BoundaryF1=0.6675
Epoch 050 | LR=0.000001 | TrainLoss=0.3404 | ValLoss=0.3752 | Dice=0.7732 | IoU=0.6386 | Recall=0.7586 | Precision=0.8121 | HD95=19.73 | clDice=0.8716 | BoundaryF1=0.6662

[SMP Evaluation Complete]
Aggregate CSV: ./results/experiments\all_filtered/smp_deeplabv3plus_resnet34_20260623_scratch\0624_1022\aggregate_results.csv
all_filtered/smp_deeplabv3plus_resnet34_20260623_scratch: Dice=0.7438, IoU=0.6033, Recall=0.7744, Precision=0.7369, HD95=24.47, clDice=0.8304, BoundaryF1=0.6243
