[*] mode: BASELINE
[*] dataset: all_filtered (./dataset_all_filtered)
[*] save_path: ./results/experiments\all_filtered/f0_transunet_corrected_pretrained_seed42_20260715\0715_1907
[*] device: cuda
[*] seed: 42
[*] seg_loss: bce_dice
[*] pretrained: model\vit_checkpoint\imagenet21k\R50+ViT-B_16.npz
load_pretrained: grid-size from 14 to 16
[*] 已加载预训练权重: model\vit_checkpoint\imagenet21k\R50+ViT-B_16.npz
Ep 001 | Loss: 0.9021 | Dice: 0.7531 | HD95: 28.43
[*] Update best model: Dice = 0.7531
Ep 002 | Loss: 0.5753 | Dice: 0.7630 | HD95: 22.23
[*] Update best model: Dice = 0.7630
Ep 003 | Loss: 0.5034 | Dice: 0.7784 | HD95: 20.12
[*] Update best model: Dice = 0.7784
Ep 004 | Loss: 0.4802 | Dice: 0.7686 | HD95: 20.81
Ep 005 | Loss: 0.4652 | Dice: 0.7666 | HD95: 22.16
Ep 006 | Loss: 0.4517 | Dice: 0.7814 | HD95: 21.50
[*] Update best model: Dice = 0.7814
Ep 007 | Loss: 0.4403 | Dice: 0.7705 | HD95: 21.72
Ep 008 | Loss: 0.4295 | Dice: 0.7905 | HD95: 19.77
[*] Update best model: Dice = 0.7905
Ep 009 | Loss: 0.4229 | Dice: 0.7844 | HD95: 19.60
Ep 010 | Loss: 0.4152 | Dice: 0.7866 | HD95: 19.85
Ep 011 | Loss: 0.4083 | Dice: 0.7878 | HD95: 19.40
Ep 012 | Loss: 0.4017 | Dice: 0.7895 | HD95: 18.28
Ep 013 | Loss: 0.3899 | Dice: 0.7884 | HD95: 19.04
Ep 014 | Loss: 0.3904 | Dice: 0.7907 | HD95: 18.91
[*] Update best model: Dice = 0.7907
Ep 015 | Loss: 0.3846 | Dice: 0.7809 | HD95: 18.64
Ep 016 | Loss: 0.3763 | Dice: 0.7895 | HD95: 18.60
Ep 017 | Loss: 0.3677 | Dice: 0.7932 | HD95: 18.81
[*] Update best model: Dice = 0.7932
Ep 018 | Loss: 0.3624 | Dice: 0.7822 | HD95: 17.86
Ep 019 | Loss: 0.3615 | Dice: 0.7891 | HD95: 18.73
Ep 020 | Loss: 0.3501 | Dice: 0.7900 | HD95: 18.25
Ep 021 | Loss: 0.3468 | Dice: 0.7893 | HD95: 18.99
Ep 022 | Loss: 0.3388 | Dice: 0.7929 | HD95: 18.72
Ep 023 | Loss: 0.3356 | Dice: 0.7845 | HD95: 19.03
Ep 024 | Loss: 0.3291 | Dice: 0.7827 | HD95: 18.37
Ep 025 | Loss: 0.3216 | Dice: 0.7881 | HD95: 17.80
Ep 026 | Loss: 0.3176 | Dice: 0.7899 | HD95: 18.10
Ep 027 | Loss: 0.3112 | Dice: 0.7885 | HD95: 18.24
Ep 028 | Loss: 0.3035 | Dice: 0.7857 | HD95: 18.46
Ep 029 | Loss: 0.2985 | Dice: 0.7866 | HD95: 18.92
Ep 030 | Loss: 0.2960 | Dice: 0.7843 | HD95: 18.26
Ep 031 | Loss: 0.2868 | Dice: 0.7846 | HD95: 18.43
Ep 032 | Loss: 0.2851 | Dice: 0.7900 | HD95: 18.14
Ep 033 | Loss: 0.2800 | Dice: 0.7850 | HD95: 18.60
Ep 034 | Loss: 0.2772 | Dice: 0.7818 | HD95: 18.59
Ep 035 | Loss: 0.2704 | Dice: 0.7822 | HD95: 17.91
Ep 036 | Loss: 0.2653 | Dice: 0.7817 | HD95: 17.27
Ep 037 | Loss: 0.2610 | Dice: 0.7836 | HD95: 18.01
[*] Early stopping after 20 epochs without improvement

[*] Training complete. Results saved to: ./results/experiments\all_filtered/f0_transunet_corrected_pretrained_seed42_20260715\0715_1907
