[*] mode: PRIOR_FUSION
[*] dataset: all_filtered (./dataset_all_filtered)
[*] save_path: ./results/experiments\all_filtered/f3_directional_green_multiscale_pretrained_seed42_20260715\0715_2024
[*] device: cuda
[*] seed: 42
[*] seg_loss: bce_dice
[*] pretrained: model\vit_checkpoint\imagenet21k\R50+ViT-B_16.npz
[*] prior_fusion_variant: directional_multiscale
load_pretrained: grid-size from 14 to 16
[*] 已加载预训练权重: model\vit_checkpoint\imagenet21k\R50+ViT-B_16.npz
Ep 001 | Loss: 0.8136 | Dice: 0.7595 | HD95: 24.60 | Prior(direction_weight_horizontal21:0.336 direction_weight_horizontal7:0.386 direction_weight_local3:0.061 direction_weight_vertical21:0.100 direction_weight_vertical7:0.117 fusion_1_alpha:-0.000 fusion_1_gate_mean:0.264 fusion_2_alpha:-0.026 fusion_2_gate_mean:0.965 fusion_3_alpha:0.064 fusion_3_gate_mean:0.823)
[*] Update best model: Dice = 0.7595
Ep 002 | Loss: 0.5057 | Dice: 0.7749 | HD95: 22.75 | Prior(direction_weight_horizontal21:0.317 direction_weight_horizontal7:0.435 direction_weight_local3:0.054 direction_weight_vertical21:0.087 direction_weight_vertical7:0.108 fusion_1_alpha:0.000 fusion_1_gate_mean:0.162 fusion_2_alpha:-0.029 fusion_2_gate_mean:0.973 fusion_3_alpha:0.068 fusion_3_gate_mean:0.855)
[*] Update best model: Dice = 0.7749
Ep 003 | Loss: 0.4799 | Dice: 0.7757 | HD95: 23.46 | Prior(direction_weight_horizontal21:0.283 direction_weight_horizontal7:0.483 direction_weight_local3:0.052 direction_weight_vertical21:0.075 direction_weight_vertical7:0.107 fusion_1_alpha:0.000 fusion_1_gate_mean:0.105 fusion_2_alpha:-0.029 fusion_2_gate_mean:0.966 fusion_3_alpha:0.068 fusion_3_gate_mean:0.857)
[*] Update best model: Dice = 0.7757
Ep 004 | Loss: 0.4657 | Dice: 0.7713 | HD95: 20.64 | Prior(direction_weight_horizontal21:0.274 direction_weight_horizontal7:0.498 direction_weight_local3:0.050 direction_weight_vertical21:0.072 direction_weight_vertical7:0.105 fusion_1_alpha:-0.000 fusion_1_gate_mean:0.078 fusion_2_alpha:-0.030 fusion_2_gate_mean:0.975 fusion_3_alpha:0.069 fusion_3_gate_mean:0.858)
Ep 005 | Loss: 0.4558 | Dice: 0.7732 | HD95: 20.75 | Prior(direction_weight_horizontal21:0.257 direction_weight_horizontal7:0.519 direction_weight_local3:0.050 direction_weight_vertical21:0.067 direction_weight_vertical7:0.107 fusion_1_alpha:-0.000 fusion_1_gate_mean:0.062 fusion_2_alpha:-0.030 fusion_2_gate_mean:0.958 fusion_3_alpha:0.070 fusion_3_gate_mean:0.858)
Ep 006 | Loss: 0.4455 | Dice: 0.7768 | HD95: 20.01 | Prior(direction_weight_horizontal21:0.240 direction_weight_horizontal7:0.545 direction_weight_local3:0.049 direction_weight_vertical21:0.062 direction_weight_vertical7:0.105 fusion_1_alpha:0.000 fusion_1_gate_mean:0.055 fusion_2_alpha:-0.030 fusion_2_gate_mean:0.953 fusion_3_alpha:0.070 fusion_3_gate_mean:0.856)
[*] Update best model: Dice = 0.7768
Ep 007 | Loss: 0.4345 | Dice: 0.7815 | HD95: 20.50 | Prior(direction_weight_horizontal21:0.229 direction_weight_horizontal7:0.560 direction_weight_local3:0.048 direction_weight_vertical21:0.059 direction_weight_vertical7:0.104 fusion_1_alpha:0.000 fusion_1_gate_mean:0.046 fusion_2_alpha:-0.030 fusion_2_gate_mean:0.946 fusion_3_alpha:0.071 fusion_3_gate_mean:0.854)
[*] Update best model: Dice = 0.7815
Ep 008 | Loss: 0.4301 | Dice: 0.7863 | HD95: 20.41 | Prior(direction_weight_horizontal21:0.217 direction_weight_horizontal7:0.580 direction_weight_local3:0.046 direction_weight_vertical21:0.055 direction_weight_vertical7:0.102 fusion_1_alpha:0.000 fusion_1_gate_mean:0.032 fusion_2_alpha:-0.031 fusion_2_gate_mean:0.942 fusion_3_alpha:0.071 fusion_3_gate_mean:0.846)
[*] Update best model: Dice = 0.7863
Ep 009 | Loss: 0.4189 | Dice: 0.7811 | HD95: 20.08 | Prior(direction_weight_horizontal21:0.205 direction_weight_horizontal7:0.597 direction_weight_local3:0.045 direction_weight_vertical21:0.052 direction_weight_vertical7:0.101 fusion_1_alpha:0.000 fusion_1_gate_mean:0.020 fusion_2_alpha:-0.031 fusion_2_gate_mean:0.959 fusion_3_alpha:0.071 fusion_3_gate_mean:0.861)
Ep 010 | Loss: 0.4113 | Dice: 0.7753 | HD95: 21.59 | Prior(direction_weight_horizontal21:0.197 direction_weight_horizontal7:0.610 direction_weight_local3:0.043 direction_weight_vertical21:0.050 direction_weight_vertical7:0.100 fusion_1_alpha:0.001 fusion_1_gate_mean:0.014 fusion_2_alpha:-0.031 fusion_2_gate_mean:0.947 fusion_3_alpha:0.071 fusion_3_gate_mean:0.844)
Ep 011 | Loss: 0.4089 | Dice: 0.7898 | HD95: 19.69 | Prior(direction_weight_horizontal21:0.187 direction_weight_horizontal7:0.628 direction_weight_local3:0.041 direction_weight_vertical21:0.047 direction_weight_vertical7:0.097 fusion_1_alpha:0.001 fusion_1_gate_mean:0.016 fusion_2_alpha:-0.032 fusion_2_gate_mean:0.954 fusion_3_alpha:0.071 fusion_3_gate_mean:0.847)
[*] Update best model: Dice = 0.7898
Ep 012 | Loss: 0.3987 | Dice: 0.7768 | HD95: 20.14 | Prior(direction_weight_horizontal21:0.183 direction_weight_horizontal7:0.635 direction_weight_local3:0.040 direction_weight_vertical21:0.045 direction_weight_vertical7:0.096 fusion_1_alpha:0.002 fusion_1_gate_mean:0.017 fusion_2_alpha:-0.031 fusion_2_gate_mean:0.968 fusion_3_alpha:0.072 fusion_3_gate_mean:0.861)
Ep 013 | Loss: 0.3927 | Dice: 0.7920 | HD95: 19.14 | Prior(direction_weight_horizontal21:0.179 direction_weight_horizontal7:0.641 direction_weight_local3:0.040 direction_weight_vertical21:0.044 direction_weight_vertical7:0.096 fusion_1_alpha:0.002 fusion_1_gate_mean:0.015 fusion_2_alpha:-0.032 fusion_2_gate_mean:0.964 fusion_3_alpha:0.072 fusion_3_gate_mean:0.853)
[*] Update best model: Dice = 0.7920
Ep 014 | Loss: 0.3886 | Dice: 0.7871 | HD95: 18.15 | Prior(direction_weight_horizontal21:0.172 direction_weight_horizontal7:0.653 direction_weight_local3:0.038 direction_weight_vertical21:0.043 direction_weight_vertical7:0.094 fusion_1_alpha:0.004 fusion_1_gate_mean:0.018 fusion_2_alpha:-0.031 fusion_2_gate_mean:0.958 fusion_3_alpha:0.072 fusion_3_gate_mean:0.863)
Ep 015 | Loss: 0.3808 | Dice: 0.7845 | HD95: 20.75 | Prior(direction_weight_horizontal21:0.164 direction_weight_horizontal7:0.666 direction_weight_local3:0.037 direction_weight_vertical21:0.041 direction_weight_vertical7:0.093 fusion_1_alpha:0.003 fusion_1_gate_mean:0.011 fusion_2_alpha:-0.032 fusion_2_gate_mean:0.961 fusion_3_alpha:0.072 fusion_3_gate_mean:0.862)
Ep 016 | Loss: 0.3745 | Dice: 0.7887 | HD95: 20.23 | Prior(direction_weight_horizontal21:0.160 direction_weight_horizontal7:0.672 direction_weight_local3:0.036 direction_weight_vertical21:0.040 direction_weight_vertical7:0.092 fusion_1_alpha:0.005 fusion_1_gate_mean:0.020 fusion_2_alpha:-0.033 fusion_2_gate_mean:0.957 fusion_3_alpha:0.072 fusion_3_gate_mean:0.854)
Ep 017 | Loss: 0.3649 | Dice: 0.7919 | HD95: 18.70 | Prior(direction_weight_horizontal21:0.158 direction_weight_horizontal7:0.678 direction_weight_local3:0.035 direction_weight_vertical21:0.039 direction_weight_vertical7:0.091 fusion_1_alpha:0.006 fusion_1_gate_mean:0.018 fusion_2_alpha:-0.032 fusion_2_gate_mean:0.959 fusion_3_alpha:0.073 fusion_3_gate_mean:0.849)
Ep 018 | Loss: 0.3632 | Dice: 0.7862 | HD95: 18.97 | Prior(direction_weight_horizontal21:0.153 direction_weight_horizontal7:0.686 direction_weight_local3:0.033 direction_weight_vertical21:0.038 direction_weight_vertical7:0.089 fusion_1_alpha:0.006 fusion_1_gate_mean:0.016 fusion_2_alpha:-0.032 fusion_2_gate_mean:0.956 fusion_3_alpha:0.073 fusion_3_gate_mean:0.852)
Ep 019 | Loss: 0.3565 | Dice: 0.7879 | HD95: 20.09 | Prior(direction_weight_horizontal21:0.147 direction_weight_horizontal7:0.698 direction_weight_local3:0.032 direction_weight_vertical21:0.036 direction_weight_vertical7:0.087 fusion_1_alpha:0.010 fusion_1_gate_mean:0.034 fusion_2_alpha:-0.033 fusion_2_gate_mean:0.954 fusion_3_alpha:0.073 fusion_3_gate_mean:0.855)
Ep 020 | Loss: 0.3514 | Dice: 0.7901 | HD95: 18.30 | Prior(direction_weight_horizontal21:0.145 direction_weight_horizontal7:0.702 direction_weight_local3:0.031 direction_weight_vertical21:0.036 direction_weight_vertical7:0.087 fusion_1_alpha:0.010 fusion_1_gate_mean:0.024 fusion_2_alpha:-0.033 fusion_2_gate_mean:0.960 fusion_3_alpha:0.073 fusion_3_gate_mean:0.858)
Ep 021 | Loss: 0.3463 | Dice: 0.7834 | HD95: 18.64 | Prior(direction_weight_horizontal21:0.140 direction_weight_horizontal7:0.711 direction_weight_local3:0.029 direction_weight_vertical21:0.034 direction_weight_vertical7:0.085 fusion_1_alpha:0.012 fusion_1_gate_mean:0.033 fusion_2_alpha:-0.034 fusion_2_gate_mean:0.962 fusion_3_alpha:0.073 fusion_3_gate_mean:0.854)
Ep 022 | Loss: 0.3379 | Dice: 0.7841 | HD95: 19.63 | Prior(direction_weight_horizontal21:0.136 direction_weight_horizontal7:0.719 direction_weight_local3:0.028 direction_weight_vertical21:0.033 direction_weight_vertical7:0.084 fusion_1_alpha:0.015 fusion_1_gate_mean:0.045 fusion_2_alpha:-0.034 fusion_2_gate_mean:0.962 fusion_3_alpha:0.073 fusion_3_gate_mean:0.854)
Ep 023 | Loss: 0.3340 | Dice: 0.7866 | HD95: 18.81 | Prior(direction_weight_horizontal21:0.135 direction_weight_horizontal7:0.722 direction_weight_local3:0.027 direction_weight_vertical21:0.033 direction_weight_vertical7:0.083 fusion_1_alpha:0.016 fusion_1_gate_mean:0.044 fusion_2_alpha:-0.034 fusion_2_gate_mean:0.964 fusion_3_alpha:0.073 fusion_3_gate_mean:0.855)
Ep 024 | Loss: 0.3278 | Dice: 0.7833 | HD95: 18.96 | Prior(direction_weight_horizontal21:0.132 direction_weight_horizontal7:0.727 direction_weight_local3:0.026 direction_weight_vertical21:0.032 direction_weight_vertical7:0.082 fusion_1_alpha:0.018 fusion_1_gate_mean:0.055 fusion_2_alpha:-0.035 fusion_2_gate_mean:0.965 fusion_3_alpha:0.073 fusion_3_gate_mean:0.865)
Ep 025 | Loss: 0.3205 | Dice: 0.7860 | HD95: 19.57 | Prior(direction_weight_horizontal21:0.132 direction_weight_horizontal7:0.727 direction_weight_local3:0.026 direction_weight_vertical21:0.032 direction_weight_vertical7:0.082 fusion_1_alpha:0.018 fusion_1_gate_mean:0.034 fusion_2_alpha:-0.034 fusion_2_gate_mean:0.967 fusion_3_alpha:0.074 fusion_3_gate_mean:0.865)
Ep 026 | Loss: 0.3163 | Dice: 0.7803 | HD95: 19.63 | Prior(direction_weight_horizontal21:0.130 direction_weight_horizontal7:0.731 direction_weight_local3:0.026 direction_weight_vertical21:0.032 direction_weight_vertical7:0.081 fusion_1_alpha:0.019 fusion_1_gate_mean:0.051 fusion_2_alpha:-0.034 fusion_2_gate_mean:0.961 fusion_3_alpha:0.074 fusion_3_gate_mean:0.860)
Ep 027 | Loss: 0.3118 | Dice: 0.7897 | HD95: 19.71 | Prior(direction_weight_horizontal21:0.128 direction_weight_horizontal7:0.735 direction_weight_local3:0.025 direction_weight_vertical21:0.031 direction_weight_vertical7:0.081 fusion_1_alpha:0.021 fusion_1_gate_mean:0.052 fusion_2_alpha:-0.035 fusion_2_gate_mean:0.963 fusion_3_alpha:0.073 fusion_3_gate_mean:0.860)
Ep 028 | Loss: 0.3044 | Dice: 0.7894 | HD95: 19.78 | Prior(direction_weight_horizontal21:0.125 direction_weight_horizontal7:0.740 direction_weight_local3:0.024 direction_weight_vertical21:0.031 direction_weight_vertical7:0.080 fusion_1_alpha:0.023 fusion_1_gate_mean:0.075 fusion_2_alpha:-0.035 fusion_2_gate_mean:0.960 fusion_3_alpha:0.074 fusion_3_gate_mean:0.847)
Ep 029 | Loss: 0.3005 | Dice: 0.7845 | HD95: 19.15 | Prior(direction_weight_horizontal21:0.125 direction_weight_horizontal7:0.741 direction_weight_local3:0.024 direction_weight_vertical21:0.031 direction_weight_vertical7:0.080 fusion_1_alpha:0.024 fusion_1_gate_mean:0.065 fusion_2_alpha:-0.035 fusion_2_gate_mean:0.963 fusion_3_alpha:0.074 fusion_3_gate_mean:0.859)
Ep 030 | Loss: 0.2954 | Dice: 0.7856 | HD95: 19.14 | Prior(direction_weight_horizontal21:0.122 direction_weight_horizontal7:0.746 direction_weight_local3:0.023 direction_weight_vertical21:0.030 direction_weight_vertical7:0.078 fusion_1_alpha:0.024 fusion_1_gate_mean:0.074 fusion_2_alpha:-0.035 fusion_2_gate_mean:0.960 fusion_3_alpha:0.074 fusion_3_gate_mean:0.858)
Ep 031 | Loss: 0.2905 | Dice: 0.7801 | HD95: 18.06 | Prior(direction_weight_horizontal21:0.121 direction_weight_horizontal7:0.748 direction_weight_local3:0.023 direction_weight_vertical21:0.030 direction_weight_vertical7:0.078 fusion_1_alpha:0.026 fusion_1_gate_mean:0.083 fusion_2_alpha:-0.036 fusion_2_gate_mean:0.955 fusion_3_alpha:0.074 fusion_3_gate_mean:0.854)
Ep 032 | Loss: 0.2835 | Dice: 0.7849 | HD95: 19.51 | Prior(direction_weight_horizontal21:0.121 direction_weight_horizontal7:0.749 direction_weight_local3:0.023 direction_weight_vertical21:0.030 direction_weight_vertical7:0.078 fusion_1_alpha:0.027 fusion_1_gate_mean:0.091 fusion_2_alpha:-0.035 fusion_2_gate_mean:0.958 fusion_3_alpha:0.074 fusion_3_gate_mean:0.858)
Ep 033 | Loss: 0.2803 | Dice: 0.7798 | HD95: 19.22 | Prior(direction_weight_horizontal21:0.120 direction_weight_horizontal7:0.751 direction_weight_local3:0.023 direction_weight_vertical21:0.029 direction_weight_vertical7:0.077 fusion_1_alpha:0.028 fusion_1_gate_mean:0.103 fusion_2_alpha:-0.036 fusion_2_gate_mean:0.957 fusion_3_alpha:0.074 fusion_3_gate_mean:0.857)
[*] Early stopping after 20 epochs without improvement

[*] Training complete. Results saved to: ./results/experiments\all_filtered/f3_directional_green_multiscale_pretrained_seed42_20260715\0715_2024
