===== STDOUT =====
[green_clahe_blackhat] Generate teacher priors: 1838 files
[green_clahe_blackhat] Generate teacher priors: 449 files
[green_clahe_blackhat] Generate teacher priors: 436 files
===== STDERR =====

  0%|          | 0/1838 [00:00<?, ?it/s]
  1%|▏         | 23/1838 [00:00<00:08, 223.21it/s]
  3%|▎         | 46/1838 [00:00<00:07, 225.05it/s]
  4%|▍         | 70/1838 [00:00<00:07, 227.85it/s]
  5%|▌         | 93/1838 [00:00<00:07, 221.33it/s]
  6%|▋         | 116/1838 [00:00<00:08, 206.23it/s]
  7%|▋         | 137/1838 [00:00<00:08, 205.94it/s]
  9%|▊         | 159/1838 [00:00<00:08, 209.38it/s]
 10%|▉         | 182/1838 [00:00<00:07, 214.39it/s]
 11%|█         | 205/1838 [00:00<00:07, 216.51it/s]
 12%|█▏        | 229/1838 [00:01<00:07, 220.56it/s]
 14%|█▎        | 252/1838 [00:01<00:07, 220.32it/s]
 15%|█▍        | 275/1838 [00:01<00:07, 222.28it/s]
 16%|█▋        | 299/1838 [00:01<00:06, 226.73it/s]
 18%|█▊        | 323/1838 [00:01<00:06, 228.88it/s]
 19%|█▉        | 347/1838 [00:01<00:06, 229.78it/s]
 20%|██        | 370/1838 [00:01<00:06, 229.66it/s]
 21%|██▏       | 393/1838 [00:01<00:06, 229.31it/s]
 23%|██▎       | 417/1838 [00:01<00:06, 231.45it/s]
 24%|██▍       | 441/1838 [00:01<00:06, 231.92it/s]
 25%|██▌       | 466/1838 [00:02<00:05, 233.81it/s]
 27%|██▋       | 490/1838 [00:02<00:05, 235.46it/s]
 28%|██▊       | 514/1838 [00:02<00:05, 230.93it/s]
 29%|██▉       | 538/1838 [00:02<00:05, 220.96it/s]
 31%|███       | 561/1838 [00:02<00:05, 219.71it/s]
 32%|███▏      | 584/1838 [00:02<00:05, 217.68it/s]
 33%|███▎      | 606/1838 [00:02<00:05, 217.11it/s]
 34%|███▍      | 628/1838 [00:02<00:05, 216.94it/s]
 35%|███▌      | 651/1838 [00:02<00:05, 217.57it/s]
 37%|███▋      | 674/1838 [00:03<00:05, 218.02it/s]
 38%|███▊      | 697/1838 [00:03<00:05, 218.51it/s]
 39%|███▉      | 719/1838 [00:03<00:05, 215.98it/s]
 40%|████      | 741/1838 [00:03<00:05, 216.59it/s]
 42%|████▏     | 763/1838 [00:03<00:04, 216.87it/s]
 43%|████▎     | 785/1838 [00:03<00:04, 217.78it/s]
 44%|████▍     | 807/1838 [00:03<00:04, 217.94it/s]
 45%|████▌     | 829/1838 [00:03<00:04, 217.88it/s]
 46%|████▋     | 852/1838 [00:03<00:04, 219.40it/s]
 48%|████▊     | 874/1838 [00:03<00:04, 219.20it/s]
 49%|████▉     | 897/1838 [00:04<00:04, 219.16it/s]
 50%|█████     | 920/1838 [00:04<00:04, 220.07it/s]
 51%|█████▏    | 943/1838 [00:04<00:04, 217.76it/s]
 53%|█████▎    | 965/1838 [00:04<00:04, 218.07it/s]
 54%|█████▎    | 987/1838 [00:04<00:03, 216.48it/s]
 55%|█████▍    | 1010/1838 [00:04<00:03, 217.89it/s]
 56%|█████▌    | 1032/1838 [00:04<00:03, 217.87it/s]
 57%|█████▋    | 1054/1838 [00:04<00:03, 215.93it/s]
 59%|█████▊    | 1077/1838 [00:04<00:03, 217.15it/s]
 60%|█████▉    | 1099/1838 [00:04<00:03, 214.82it/s]
 61%|██████    | 1122/1838 [00:05<00:03, 216.15it/s]
 62%|██████▏   | 1144/1838 [00:05<00:03, 215.53it/s]
 63%|██████▎   | 1166/1838 [00:05<00:03, 213.76it/s]
 65%|██████▍   | 1189/1838 [00:05<00:03, 215.45it/s]
 66%|██████▌   | 1211/1838 [00:05<00:02, 216.55it/s]
 67%|██████▋   | 1234/1838 [00:05<00:02, 218.18it/s]
 68%|██████▊   | 1257/1838 [00:05<00:02, 219.66it/s]
 70%|██████▉   | 1280/1838 [00:05<00:02, 220.07it/s]
 71%|███████   | 1303/1838 [00:05<00:02, 222.67it/s]
 72%|███████▏  | 1326/1838 [00:06<00:02, 222.00it/s]
 73%|███████▎  | 1349/1838 [00:06<00:02, 222.00it/s]
 75%|███████▍  | 1372/1838 [00:06<00:02, 220.08it/s]
 76%|███████▌  | 1395/1838 [00:06<00:01, 221.71it/s]
 77%|███████▋  | 1418/1838 [00:06<00:01, 221.54it/s]
 78%|███████▊  | 1441/1838 [00:06<00:01, 220.98it/s]
 80%|███████▉  | 1464/1838 [00:06<00:01, 221.03it/s]
 81%|████████  | 1487/1838 [00:06<00:01, 215.93it/s]
 82%|████████▏ | 1509/1838 [00:06<00:01, 214.45it/s]
 83%|████████▎ | 1531/1838 [00:06<00:01, 214.71it/s]
 85%|████████▍ | 1554/1838 [00:07<00:01, 217.89it/s]
 86%|████████▌ | 1577/1838 [00:07<00:01, 219.02it/s]
 87%|████████▋ | 1599/1838 [00:07<00:01, 216.52it/s]
 88%|████████▊ | 1622/1838 [00:07<00:00, 217.56it/s]
 89%|████████▉ | 1644/1838 [00:07<00:00, 211.78it/s]
 91%|█████████ | 1666/1838 [00:07<00:00, 214.15it/s]
 92%|█████████▏| 1689/1838 [00:07<00:00, 216.87it/s]
 93%|█████████▎| 1712/1838 [00:07<00:00, 219.01it/s]
 94%|█████████▍| 1734/1838 [00:07<00:00, 210.41it/s]
 96%|█████████▌| 1756/1838 [00:08<00:00, 208.34it/s]
 97%|█████████▋| 1777/1838 [00:08<00:00, 206.80it/s]
 98%|█████████▊| 1798/1838 [00:08<00:00, 206.10it/s]
 99%|█████████▉| 1819/1838 [00:08<00:00, 205.31it/s]
100%|██████████| 1838/1838 [00:08<00:00, 218.13it/s]

  0%|          | 0/449 [00:00<?, ?it/s]
  4%|▍         | 19/449 [00:00<00:02, 189.02it/s]
  9%|▊         | 39/449 [00:00<00:02, 189.90it/s]
 13%|█▎        | 58/449 [00:00<00:02, 186.59it/s]
 18%|█▊        | 79/449 [00:00<00:01, 194.09it/s]
 22%|██▏       | 100/449 [00:00<00:01, 199.72it/s]
 27%|██▋       | 120/449 [00:00<00:01, 197.84it/s]
 31%|███▏      | 141/449 [00:00<00:01, 199.82it/s]
 36%|███▌      | 161/449 [00:00<00:01, 197.28it/s]
 40%|████      | 181/449 [00:00<00:01, 197.12it/s]
 45%|████▍     | 202/449 [00:01<00:01, 199.72it/s]
 50%|████▉     | 223/449 [00:01<00:01, 202.04it/s]
 55%|█████▍    | 245/449 [00:01<00:00, 207.00it/s]
 59%|█████▉    | 266/449 [00:01<00:00, 207.53it/s]
 64%|██████▍   | 287/449 [00:01<00:00, 207.65it/s]
 69%|██████▉   | 309/449 [00:01<00:00, 210.66it/s]
 74%|███████▍  | 332/449 [00:01<00:00, 214.52it/s]
 79%|███████▉  | 354/449 [00:01<00:00, 216.14it/s]
 84%|████████▎ | 376/449 [00:01<00:00, 213.99it/s]
 89%|████████▉ | 399/449 [00:01<00:00, 216.46it/s]
 94%|█████████▍| 422/449 [00:02<00:00, 217.54it/s]
 99%|█████████▉| 444/449 [00:02<00:00, 213.53it/s]
100%|██████████| 449/449 [00:02<00:00, 206.25it/s]

  0%|          | 0/436 [00:00<?, ?it/s]
  5%|▌         | 22/436 [00:00<00:01, 215.07it/s]
 10%|█         | 44/436 [00:00<00:01, 208.74it/s]
 15%|█▌        | 66/436 [00:00<00:01, 210.25it/s]
 20%|██        | 88/436 [00:00<00:01, 207.62it/s]
 25%|██▌       | 110/436 [00:00<00:01, 208.98it/s]
 30%|███       | 131/436 [00:00<00:01, 209.28it/s]
 35%|███▍      | 152/436 [00:00<00:01, 205.44it/s]
 40%|███▉      | 174/436 [00:00<00:01, 207.01it/s]
 45%|████▍     | 195/436 [00:00<00:01, 206.08it/s]
 50%|████▉     | 217/436 [00:01<00:01, 209.27it/s]
 55%|█████▍    | 238/436 [00:01<00:00, 208.13it/s]
 59%|█████▉    | 259/436 [00:01<00:00, 207.77it/s]
 64%|██████▍   | 281/436 [00:01<00:00, 211.34it/s]
 69%|██████▉   | 303/436 [00:01<00:00, 209.55it/s]
 74%|███████▍  | 324/436 [00:01<00:00, 208.41it/s]
 79%|███████▉  | 346/436 [00:01<00:00, 211.35it/s]
 84%|████████▍ | 368/436 [00:01<00:00, 212.32it/s]
 89%|████████▉ | 390/436 [00:01<00:00, 211.76it/s]
 94%|█████████▍| 412/436 [00:01<00:00, 207.47it/s]
100%|██████████| 436/436 [00:02<00:00, 215.63it/s]
100%|██████████| 436/436 [00:02<00:00, 210.05it/s]
