===== STDOUT =====
[green_blackhat] Generate teacher priors: 1838 files
[green_blackhat] Generate teacher priors: 449 files
[green_blackhat] Generate teacher priors: 436 files
===== STDERR =====

  0%|          | 0/1838 [00:00<?, ?it/s]
  1%|          | 18/1838 [00:00<00:10, 174.82it/s]
  2%|▏         | 43/1838 [00:00<00:08, 218.50it/s]
  4%|▎         | 68/1838 [00:00<00:07, 231.55it/s]
  5%|▌         | 94/1838 [00:00<00:07, 239.90it/s]
  6%|▋         | 119/1838 [00:00<00:07, 240.76it/s]
  8%|▊         | 144/1838 [00:00<00:07, 241.63it/s]
  9%|▉         | 169/1838 [00:00<00:06, 241.22it/s]
 11%|█         | 194/1838 [00:00<00:06, 243.54it/s]
 12%|█▏        | 220/1838 [00:00<00:06, 246.34it/s]
 13%|█▎        | 245/1838 [00:01<00:06, 247.30it/s]
 15%|█▍        | 270/1838 [00:01<00:06, 247.23it/s]
 16%|█▌        | 295/1838 [00:01<00:06, 246.25it/s]
 17%|█▋        | 321/1838 [00:01<00:06, 247.98it/s]
 19%|█▉        | 347/1838 [00:01<00:05, 249.63it/s]
 20%|██        | 372/1838 [00:01<00:05, 245.03it/s]
 22%|██▏       | 398/1838 [00:01<00:05, 246.88it/s]
 23%|██▎       | 424/1838 [00:01<00:05, 249.27it/s]
 24%|██▍       | 449/1838 [00:01<00:05, 246.60it/s]
 26%|██▌       | 474/1838 [00:01<00:05, 246.88it/s]
 27%|██▋       | 500/1838 [00:02<00:05, 249.04it/s]
 29%|██▊       | 525/1838 [00:02<00:05, 248.62it/s]
 30%|██▉       | 550/1838 [00:02<00:05, 244.78it/s]
 31%|███▏      | 575/1838 [00:02<00:05, 242.50it/s]
 33%|███▎      | 600/1838 [00:02<00:05, 241.91it/s]
 34%|███▍      | 625/1838 [00:02<00:05, 238.75it/s]
 35%|███▌      | 649/1838 [00:02<00:05, 221.69it/s]
 37%|███▋      | 673/1838 [00:02<00:05, 224.49it/s]
 38%|███▊      | 697/1838 [00:02<00:05, 225.79it/s]
 39%|███▉      | 721/1838 [00:03<00:04, 227.86it/s]
 41%|████      | 745/1838 [00:03<00:04, 229.60it/s]
 42%|████▏     | 769/1838 [00:03<00:04, 223.06it/s]
 43%|████▎     | 792/1838 [00:03<00:04, 224.65it/s]
 44%|████▍     | 815/1838 [00:03<00:04, 224.88it/s]
 46%|████▌     | 839/1838 [00:03<00:04, 228.89it/s]
 47%|████▋     | 862/1838 [00:03<00:04, 226.04it/s]
 48%|████▊     | 885/1838 [00:03<00:04, 223.38it/s]
 49%|████▉     | 909/1838 [00:03<00:04, 226.31it/s]
 51%|█████     | 933/1838 [00:03<00:03, 229.81it/s]
 52%|█████▏    | 959/1838 [00:04<00:03, 235.68it/s]
 54%|█████▎    | 984/1838 [00:04<00:03, 238.48it/s]
 55%|█████▍    | 1009/1838 [00:04<00:03, 239.16it/s]
 56%|█████▌    | 1033/1838 [00:04<00:03, 238.55it/s]
 58%|█████▊    | 1057/1838 [00:04<00:03, 237.62it/s]
 59%|█████▉    | 1082/1838 [00:04<00:03, 239.16it/s]
 60%|██████    | 1107/1838 [00:04<00:03, 241.64it/s]
 62%|██████▏   | 1132/1838 [00:04<00:02, 240.87it/s]
 63%|██████▎   | 1157/1838 [00:04<00:02, 241.40it/s]
 64%|██████▍   | 1182/1838 [00:04<00:02, 235.30it/s]
 66%|██████▌   | 1206/1838 [00:05<00:02, 235.45it/s]
 67%|██████▋   | 1230/1838 [00:05<00:02, 232.68it/s]
 68%|██████▊   | 1254/1838 [00:05<00:02, 226.34it/s]
 70%|██████▉   | 1279/1838 [00:05<00:02, 231.11it/s]
 71%|███████   | 1303/1838 [00:05<00:02, 233.33it/s]
 72%|███████▏  | 1327/1838 [00:05<00:02, 233.91it/s]
 74%|███████▎  | 1352/1838 [00:05<00:02, 235.17it/s]
 75%|███████▍  | 1376/1838 [00:05<00:01, 236.46it/s]
 76%|███████▌  | 1401/1838 [00:05<00:01, 237.64it/s]
 78%|███████▊  | 1425/1838 [00:06<00:01, 232.21it/s]
 79%|███████▉  | 1450/1838 [00:06<00:01, 234.64it/s]
 80%|████████  | 1474/1838 [00:06<00:01, 233.55it/s]
 82%|████████▏ | 1498/1838 [00:06<00:01, 234.70it/s]
 83%|████████▎ | 1522/1838 [00:06<00:01, 231.49it/s]
 84%|████████▍ | 1546/1838 [00:06<00:01, 233.38it/s]
 85%|████████▌ | 1570/1838 [00:06<00:01, 230.31it/s]
 87%|████████▋ | 1594/1838 [00:06<00:01, 228.60it/s]
 88%|████████▊ | 1619/1838 [00:06<00:00, 233.89it/s]
 89%|████████▉ | 1645/1838 [00:06<00:00, 238.89it/s]
 91%|█████████ | 1670/1838 [00:07<00:00, 240.73it/s]
 92%|█████████▏| 1696/1838 [00:07<00:00, 244.43it/s]
 94%|█████████▎| 1722/1838 [00:07<00:00, 247.54it/s]
 95%|█████████▌| 1748/1838 [00:07<00:00, 251.14it/s]
 97%|█████████▋| 1774/1838 [00:07<00:00, 248.48it/s]
 98%|█████████▊| 1799/1838 [00:07<00:00, 239.43it/s]
 99%|█████████▉| 1824/1838 [00:07<00:00, 235.70it/s]
100%|██████████| 1838/1838 [00:07<00:00, 236.66it/s]

  0%|          | 0/449 [00:00<?, ?it/s]
  5%|▌         | 24/449 [00:00<00:01, 233.58it/s]
 11%|█         | 49/449 [00:00<00:01, 241.58it/s]
 16%|█▋        | 74/449 [00:00<00:01, 242.11it/s]
 22%|██▏       | 99/449 [00:00<00:01, 244.98it/s]
 28%|██▊       | 124/449 [00:00<00:01, 244.54it/s]
 33%|███▎      | 149/449 [00:00<00:01, 245.57it/s]
 39%|███▉      | 174/449 [00:00<00:01, 246.90it/s]
 44%|████▍     | 199/449 [00:00<00:01, 244.02it/s]
 50%|████▉     | 224/449 [00:00<00:00, 238.87it/s]
 55%|█████▌    | 248/449 [00:01<00:00, 225.30it/s]
 60%|██████    | 271/449 [00:01<00:00, 224.94it/s]
 65%|██████▌   | 294/449 [00:01<00:00, 224.46it/s]
 71%|███████   | 317/449 [00:01<00:00, 222.19it/s]
 76%|███████▌  | 340/449 [00:01<00:00, 221.01it/s]
 81%|████████  | 364/449 [00:01<00:00, 225.23it/s]
 86%|████████▌ | 387/449 [00:01<00:00, 225.02it/s]
 91%|█████████▏| 410/449 [00:01<00:00, 220.61it/s]
 96%|█████████▋| 433/449 [00:01<00:00, 220.56it/s]
100%|██████████| 449/449 [00:01<00:00, 229.23it/s]

  0%|          | 0/436 [00:00<?, ?it/s]
  5%|▍         | 21/436 [00:00<00:02, 204.47it/s]
 10%|▉         | 43/436 [00:00<00:01, 211.25it/s]
 15%|█▍        | 65/436 [00:00<00:01, 214.04it/s]
 20%|██        | 89/436 [00:00<00:01, 220.86it/s]
 26%|██▌       | 112/436 [00:00<00:01, 224.08it/s]
 31%|███       | 135/436 [00:00<00:01, 221.69it/s]
 36%|███▌      | 158/436 [00:00<00:01, 222.24it/s]
 42%|████▏     | 181/436 [00:00<00:01, 220.12it/s]
 47%|████▋     | 205/436 [00:00<00:01, 224.75it/s]
 52%|█████▏    | 228/436 [00:01<00:00, 221.95it/s]
 58%|█████▊    | 252/436 [00:01<00:00, 225.00it/s]
 63%|██████▎   | 275/436 [00:01<00:00, 224.49it/s]
 69%|██████▉   | 300/436 [00:01<00:00, 228.64it/s]
 74%|███████▍  | 324/436 [00:01<00:00, 230.16it/s]
 80%|███████▉  | 348/436 [00:01<00:00, 228.53it/s]
 85%|████████▌ | 371/436 [00:01<00:00, 226.92it/s]
 90%|█████████ | 394/436 [00:01<00:00, 224.49it/s]
 96%|█████████▌| 419/436 [00:01<00:00, 230.52it/s]
100%|██████████| 436/436 [00:01<00:00, 226.05it/s]
