[*] mode: OURS
[*] dataset: all_filtered (./dataset_all_filtered)
[*] save_path: ./results/experiments\all_filtered/ours_green_blackhat_mse10_grad0_cbdice_boundary_20260622_pretrained\0623_2123
[*] device: cuda
[*] seed: 42
[*] seg_loss: bce_dice_cbdice_boundary
[*] pretrained: model\vit_checkpoint\imagenet21k\R50+ViT-B_16.npz
[*] teacher_mode: green_blackhat
[*] teacher_dir: ./dataset_all_filtered\train\teacher_priors_green_blackhat
load_pretrained: grid-size from 14 to 16
[*] 已加载预训练权重: model\vit_checkpoint\imagenet21k\R50+ViT-B_16.npz
Ep 001 | Loss(Tot:1.761 Seg:1.371 MSE:0.039 Grad:0.670 Bnd:0.000) | W(MSE:10.00 Grad:0.00) | Dice: 0.7491 | HD95: 21.19
[*] Update best model: Dice = 0.7491
Ep 002 | Loss(Tot:1.241 Seg:1.002 MSE:0.024 Grad:0.368 Bnd:0.000) | W(MSE:10.00 Grad:0.00) | Dice: 0.7584 | HD95: 23.03
[*] Update best model: Dice = 0.7584
Ep 003 | Loss(Tot:1.140 Seg:0.931 MSE:0.021 Grad:0.298 Bnd:0.000) | W(MSE:10.00 Grad:0.00) | Dice: 0.7602 | HD95: 22.51
[*] Update best model: Dice = 0.7602
Ep 004 | Loss(Tot:1.094 Seg:0.896 MSE:0.020 Grad:0.279 Bnd:0.000) | W(MSE:10.00 Grad:0.00) | Dice: 0.7590 | HD95: 23.95
Ep 005 | Loss(Tot:1.069 Seg:0.877 MSE:0.019 Grad:0.270 Bnd:0.000) | W(MSE:10.00 Grad:0.00) | Dice: 0.7812 | HD95: 19.59
[*] Update best model: Dice = 0.7812
Ep 006 | Loss(Tot:1.050 Seg:0.864 MSE:0.019 Grad:0.267 Bnd:0.000) | W(MSE:10.00 Grad:0.00) | Dice: 0.7457 | HD95: 20.88
Ep 007 | Loss(Tot:1.032 Seg:0.849 MSE:0.018 Grad:0.260 Bnd:0.000) | W(MSE:10.00 Grad:0.00) | Dice: 0.7745 | HD95: 20.41
Ep 008 | Loss(Tot:1.027 Seg:0.844 MSE:0.018 Grad:0.257 Bnd:0.000) | W(MSE:10.00 Grad:0.00) | Dice: 0.7844 | HD95: 20.70
[*] Update best model: Dice = 0.7844
Ep 009 | Loss(Tot:1.006 Seg:0.834 MSE:0.017 Grad:0.249 Bnd:0.000) | W(MSE:10.00 Grad:0.00) | Dice: 0.7681 | HD95: 21.61
Ep 010 | Loss(Tot:0.994 Seg:0.824 MSE:0.017 Grad:0.246 Bnd:0.000) | W(MSE:10.00 Grad:0.00) | Dice: 0.7796 | HD95: 20.52
Ep 011 | Loss(Tot:0.990 Seg:0.818 MSE:0.017 Grad:0.241 Bnd:0.000) | W(MSE:10.00 Grad:0.00) | Dice: 0.7721 | HD95: 23.70
Ep 012 | Loss(Tot:0.985 Seg:0.813 MSE:0.017 Grad:0.246 Bnd:0.000) | W(MSE:10.00 Grad:0.00) | Dice: 0.7804 | HD95: 20.65
Ep 013 | Loss(Tot:0.974 Seg:0.804 MSE:0.017 Grad:0.241 Bnd:0.000) | W(MSE:10.00 Grad:0.00) | Dice: 0.7811 | HD95: 20.27
Ep 014 | Loss(Tot:0.967 Seg:0.801 MSE:0.017 Grad:0.240 Bnd:0.000) | W(MSE:10.00 Grad:0.00) | Dice: 0.7865 | HD95: 20.53
[*] Update best model: Dice = 0.7865
Ep 015 | Loss(Tot:0.960 Seg:0.793 MSE:0.017 Grad:0.241 Bnd:0.000) | W(MSE:10.00 Grad:0.00) | Dice: 0.7752 | HD95: 20.14
Ep 016 | Loss(Tot:0.950 Seg:0.782 MSE:0.017 Grad:0.238 Bnd:0.000) | W(MSE:10.00 Grad:0.00) | Dice: 0.7879 | HD95: 20.73
[*] Update best model: Dice = 0.7879
Ep 017 | Loss(Tot:0.938 Seg:0.774 MSE:0.016 Grad:0.233 Bnd:0.000) | W(MSE:10.00 Grad:0.00) | Dice: 0.7688 | HD95: 21.44
Ep 018 | Loss(Tot:0.932 Seg:0.772 MSE:0.016 Grad:0.233 Bnd:0.000) | W(MSE:10.00 Grad:0.00) | Dice: 0.7735 | HD95: 22.57
Ep 019 | Loss(Tot:0.929 Seg:0.769 MSE:0.016 Grad:0.231 Bnd:0.000) | W(MSE:10.00 Grad:0.00) | Dice: 0.7835 | HD95: 18.57
Ep 020 | Loss(Tot:0.927 Seg:0.766 MSE:0.016 Grad:0.228 Bnd:0.000) | W(MSE:10.00 Grad:0.00) | Dice: 0.7840 | HD95: 19.00
Ep 021 | Loss(Tot:0.916 Seg:0.754 MSE:0.016 Grad:0.227 Bnd:0.000) | W(MSE:10.00 Grad:0.00) | Dice: 0.7796 | HD95: 20.27
Ep 022 | Loss(Tot:0.907 Seg:0.748 MSE:0.016 Grad:0.228 Bnd:0.000) | W(MSE:10.00 Grad:0.00) | Dice: 0.7823 | HD95: 19.22
Ep 023 | Loss(Tot:0.894 Seg:0.739 MSE:0.016 Grad:0.225 Bnd:0.000) | W(MSE:10.00 Grad:0.00) | Dice: 0.7828 | HD95: 18.31
Ep 024 | Loss(Tot:0.888 Seg:0.732 MSE:0.016 Grad:0.225 Bnd:0.000) | W(MSE:10.00 Grad:0.00) | Dice: 0.7904 | HD95: 18.27
[*] Update best model: Dice = 0.7904
Ep 025 | Loss(Tot:0.876 Seg:0.724 MSE:0.015 Grad:0.222 Bnd:0.000) | W(MSE:10.00 Grad:0.00) | Dice: 0.7881 | HD95: 18.93
Ep 026 | Loss(Tot:0.876 Seg:0.722 MSE:0.015 Grad:0.220 Bnd:0.000) | W(MSE:10.00 Grad:0.00) | Dice: 0.7817 | HD95: 18.78
Ep 027 | Loss(Tot:0.877 Seg:0.717 MSE:0.016 Grad:0.223 Bnd:0.000) | W(MSE:10.00 Grad:0.00) | Dice: 0.7836 | HD95: 19.80
Ep 028 | Loss(Tot:0.866 Seg:0.709 MSE:0.016 Grad:0.224 Bnd:0.000) | W(MSE:10.00 Grad:0.00) | Dice: 0.7886 | HD95: 19.26
Ep 029 | Loss(Tot:0.854 Seg:0.702 MSE:0.015 Grad:0.221 Bnd:0.000) | W(MSE:10.00 Grad:0.00) | Dice: 0.7878 | HD95: 18.99
Ep 030 | Loss(Tot:0.851 Seg:0.697 MSE:0.015 Grad:0.219 Bnd:0.000) | W(MSE:10.00 Grad:0.00) | Dice: 0.7919 | HD95: 18.49
[*] Update best model: Dice = 0.7919
Ep 031 | Loss(Tot:0.839 Seg:0.688 MSE:0.015 Grad:0.218 Bnd:0.000) | W(MSE:10.00 Grad:0.00) | Dice: 0.7859 | HD95: 18.02
Ep 032 | Loss(Tot:0.841 Seg:0.686 MSE:0.015 Grad:0.220 Bnd:0.000) | W(MSE:10.00 Grad:0.00) | Dice: 0.7778 | HD95: 18.97
Ep 033 | Loss(Tot:0.833 Seg:0.680 MSE:0.015 Grad:0.219 Bnd:0.000) | W(MSE:10.00 Grad:0.00) | Dice: 0.7829 | HD95: 18.41
Ep 034 | Loss(Tot:0.830 Seg:0.675 MSE:0.015 Grad:0.221 Bnd:0.000) | W(MSE:10.00 Grad:0.00) | Dice: 0.7843 | HD95: 19.09
Ep 035 | Loss(Tot:0.821 Seg:0.668 MSE:0.015 Grad:0.219 Bnd:0.000) | W(MSE:10.00 Grad:0.00) | Dice: 0.7865 | HD95: 18.96
Ep 036 | Loss(Tot:0.815 Seg:0.663 MSE:0.015 Grad:0.217 Bnd:0.000) | W(MSE:10.00 Grad:0.00) | Dice: 0.7824 | HD95: 19.20
Ep 037 | Loss(Tot:0.810 Seg:0.661 MSE:0.015 Grad:0.217 Bnd:0.000) | W(MSE:10.00 Grad:0.00) | Dice: 0.7868 | HD95: 18.61
Ep 038 | Loss(Tot:0.806 Seg:0.654 MSE:0.015 Grad:0.215 Bnd:0.000) | W(MSE:10.00 Grad:0.00) | Dice: 0.7879 | HD95: 18.23
Ep 039 | Loss(Tot:0.797 Seg:0.649 MSE:0.015 Grad:0.214 Bnd:0.000) | W(MSE:10.00 Grad:0.00) | Dice: 0.7852 | HD95: 18.52
Ep 040 | Loss(Tot:0.796 Seg:0.647 MSE:0.015 Grad:0.215 Bnd:0.000) | W(MSE:10.00 Grad:0.00) | Dice: 0.7836 | HD95: 19.06
Ep 041 | Loss(Tot:0.797 Seg:0.644 MSE:0.015 Grad:0.215 Bnd:0.000) | W(MSE:10.00 Grad:0.00) | Dice: 0.7841 | HD95: 18.67
Ep 042 | Loss(Tot:0.787 Seg:0.637 MSE:0.015 Grad:0.217 Bnd:0.000) | W(MSE:10.00 Grad:0.00) | Dice: 0.7859 | HD95: 17.57
Ep 043 | Loss(Tot:0.783 Seg:0.635 MSE:0.015 Grad:0.214 Bnd:0.000) | W(MSE:10.00 Grad:0.00) | Dice: 0.7844 | HD95: 18.27
Ep 044 | Loss(Tot:0.784 Seg:0.633 MSE:0.015 Grad:0.214 Bnd:0.000) | W(MSE:10.00 Grad:0.00) | Dice: 0.7836 | HD95: 18.51
Ep 045 | Loss(Tot:0.779 Seg:0.629 MSE:0.015 Grad:0.216 Bnd:0.000) | W(MSE:10.00 Grad:0.00) | Dice: 0.7832 | HD95: 18.66
Ep 046 | Loss(Tot:0.782 Seg:0.629 MSE:0.015 Grad:0.215 Bnd:0.000) | W(MSE:10.00 Grad:0.00) | Dice: 0.7842 | HD95: 18.45
Ep 047 | Loss(Tot:0.779 Seg:0.630 MSE:0.015 Grad:0.214 Bnd:0.000) | W(MSE:10.00 Grad:0.00) | Dice: 0.7846 | HD95: 18.16
Ep 048 | Loss(Tot:0.776 Seg:0.628 MSE:0.015 Grad:0.215 Bnd:0.000) | W(MSE:10.00 Grad:0.00) | Dice: 0.7831 | HD95: 18.20
Ep 049 | Loss(Tot:0.775 Seg:0.626 MSE:0.015 Grad:0.215 Bnd:0.000) | W(MSE:10.00 Grad:0.00) | Dice: 0.7850 | HD95: 18.39
Ep 050 | Loss(Tot:0.773 Seg:0.624 MSE:0.015 Grad:0.216 Bnd:0.000) | W(MSE:10.00 Grad:0.00) | Dice: 0.7839 | HD95: 18.57
[*] Early stopping after 20 epochs without improvement
[FINAL DISTILL WEIGHTS] MSE: 10.0000, Grad: 0.0000

==================================================
[*] Load best model for test evaluation...

[FINAL TEST RESULTS] OURS
--------------------------------------------------
Dice:  0.7559
IoU:   0.6175
HD95:  22.61
Sens:  0.8016
Spec:  0.9646
Acc:   0.9479
Prec:  0.7332
--------------------------------------------------

[*] Training complete. Results saved to: ./results/experiments\all_filtered/ours_green_blackhat_mse10_grad0_cbdice_boundary_20260622_pretrained\0623_2123
