[*] mode: OURS
[*] dataset: all_filtered (./dataset_all_filtered)
[*] save_path: ./results/experiments\all_filtered/anisotropic_no_bn_no_intensity_pretrained_20260710\0708_1052
[*] device: cuda
[*] seed: 42
[*] seg_loss: bce_dice
[*] pretrained: model\vit_checkpoint\imagenet21k\R50+ViT-B_16.npz
[*] teacher_mode: green_only
[*] teacher_dir: ./dataset_all_filtered\train\teacher_priors_green_only
load_pretrained: grid-size from 14 to 16
[*] 已加载预训练权重: model\vit_checkpoint\imagenet21k\R50+ViT-B_16.npz
Ep 001 | Loss(Tot:0.939 Seg:0.905 MSE:0.003 Grad:0.000 Bnd:0.000 Dec:0.000) | W(MSE:10.00 Grad:0.00) | Dice: 0.7482 | HD95: 24.02
[*] Update best model: Dice = 0.7482
Ep 002 | Loss(Tot:0.589 Seg:0.579 MSE:0.001 Grad:0.000 Bnd:0.000 Dec:0.000) | W(MSE:10.00 Grad:0.00) | Dice: 0.7757 | HD95: 23.31
[*] Update best model: Dice = 0.7757
Ep 003 | Loss(Tot:0.505 Seg:0.501 MSE:0.000 Grad:0.000 Bnd:0.000 Dec:0.000) | W(MSE:10.00 Grad:0.00) | Dice: 0.7743 | HD95: 22.08
Ep 004 | Loss(Tot:0.475 Seg:0.472 MSE:0.000 Grad:0.000 Bnd:0.000 Dec:0.000) | W(MSE:10.00 Grad:0.00) | Dice: 0.7799 | HD95: 20.71
[*] Update best model: Dice = 0.7799
Ep 005 | Loss(Tot:0.461 Seg:0.458 MSE:0.000 Grad:0.000 Bnd:0.000 Dec:0.000) | W(MSE:10.00 Grad:0.00) | Dice: 0.7871 | HD95: 20.59
[*] Update best model: Dice = 0.7871
Ep 006 | Loss(Tot:0.448 Seg:0.445 MSE:0.000 Grad:0.000 Bnd:0.000 Dec:0.000) | W(MSE:10.00 Grad:0.00) | Dice: 0.7751 | HD95: 22.97
Ep 007 | Loss(Tot:0.442 Seg:0.439 MSE:0.000 Grad:0.000 Bnd:0.000 Dec:0.000) | W(MSE:10.00 Grad:0.00) | Dice: 0.7751 | HD95: 21.21
Ep 008 | Loss(Tot:0.434 Seg:0.431 MSE:0.000 Grad:0.000 Bnd:0.000 Dec:0.000) | W(MSE:10.00 Grad:0.00) | Dice: 0.7835 | HD95: 21.15
Ep 009 | Loss(Tot:0.420 Seg:0.418 MSE:0.000 Grad:0.000 Bnd:0.000 Dec:0.000) | W(MSE:10.00 Grad:0.00) | Dice: 0.7830 | HD95: 20.89
Ep 010 | Loss(Tot:0.414 Seg:0.412 MSE:0.000 Grad:0.000 Bnd:0.000 Dec:0.000) | W(MSE:10.00 Grad:0.00) | Dice: 0.7900 | HD95: 19.80
[*] Update best model: Dice = 0.7900
Ep 011 | Loss(Tot:0.414 Seg:0.411 MSE:0.000 Grad:0.000 Bnd:0.000 Dec:0.000) | W(MSE:10.00 Grad:0.00) | Dice: 0.7896 | HD95: 18.85
Ep 012 | Loss(Tot:0.404 Seg:0.402 MSE:0.000 Grad:0.000 Bnd:0.000 Dec:0.000) | W(MSE:10.00 Grad:0.00) | Dice: 0.7751 | HD95: 20.55
Ep 013 | Loss(Tot:0.396 Seg:0.394 MSE:0.000 Grad:0.000 Bnd:0.000 Dec:0.000) | W(MSE:10.00 Grad:0.00) | Dice: 0.7707 | HD95: 18.83
Ep 014 | Loss(Tot:0.387 Seg:0.385 MSE:0.000 Grad:0.000 Bnd:0.000 Dec:0.000) | W(MSE:10.00 Grad:0.00) | Dice: 0.7886 | HD95: 18.74
Ep 015 | Loss(Tot:0.388 Seg:0.386 MSE:0.000 Grad:0.000 Bnd:0.000 Dec:0.000) | W(MSE:10.00 Grad:0.00) | Dice: 0.7832 | HD95: 18.63
Ep 016 | Loss(Tot:0.379 Seg:0.376 MSE:0.000 Grad:0.000 Bnd:0.000 Dec:0.000) | W(MSE:10.00 Grad:0.00) | Dice: 0.7848 | HD95: 19.70
Ep 017 | Loss(Tot:0.374 Seg:0.372 MSE:0.000 Grad:0.000 Bnd:0.000 Dec:0.000) | W(MSE:10.00 Grad:0.00) | Dice: 0.7858 | HD95: 19.68
Ep 018 | Loss(Tot:0.372 Seg:0.369 MSE:0.000 Grad:0.000 Bnd:0.000 Dec:0.000) | W(MSE:10.00 Grad:0.00) | Dice: 0.7912 | HD95: 18.83
[*] Update best model: Dice = 0.7912
Ep 019 | Loss(Tot:0.362 Seg:0.360 MSE:0.000 Grad:0.000 Bnd:0.000 Dec:0.000) | W(MSE:10.00 Grad:0.00) | Dice: 0.7819 | HD95: 19.41
Ep 020 | Loss(Tot:0.358 Seg:0.356 MSE:0.000 Grad:0.000 Bnd:0.000 Dec:0.000) | W(MSE:10.00 Grad:0.00) | Dice: 0.7911 | HD95: 18.72
Ep 021 | Loss(Tot:0.356 Seg:0.354 MSE:0.000 Grad:0.000 Bnd:0.000 Dec:0.000) | W(MSE:10.00 Grad:0.00) | Dice: 0.7920 | HD95: 18.70
[*] Update best model: Dice = 0.7920
Ep 022 | Loss(Tot:0.343 Seg:0.341 MSE:0.000 Grad:0.000 Bnd:0.000 Dec:0.000) | W(MSE:10.00 Grad:0.00) | Dice: 0.7894 | HD95: 18.82
Ep 023 | Loss(Tot:0.342 Seg:0.340 MSE:0.000 Grad:0.000 Bnd:0.000 Dec:0.000) | W(MSE:10.00 Grad:0.00) | Dice: 0.7939 | HD95: 18.08
[*] Update best model: Dice = 0.7939
Ep 024 | Loss(Tot:0.337 Seg:0.335 MSE:0.000 Grad:0.000 Bnd:0.000 Dec:0.000) | W(MSE:10.00 Grad:0.00) | Dice: 0.7900 | HD95: 18.59
Ep 025 | Loss(Tot:0.333 Seg:0.331 MSE:0.000 Grad:0.000 Bnd:0.000 Dec:0.000) | W(MSE:10.00 Grad:0.00) | Dice: 0.7870 | HD95: 17.40
Ep 026 | Loss(Tot:0.326 Seg:0.324 MSE:0.000 Grad:0.000 Bnd:0.000 Dec:0.000) | W(MSE:10.00 Grad:0.00) | Dice: 0.7887 | HD95: 19.45
Ep 027 | Loss(Tot:0.317 Seg:0.316 MSE:0.000 Grad:0.000 Bnd:0.000 Dec:0.000) | W(MSE:10.00 Grad:0.00) | Dice: 0.7837 | HD95: 18.04
Ep 028 | Loss(Tot:0.313 Seg:0.311 MSE:0.000 Grad:0.000 Bnd:0.000 Dec:0.000) | W(MSE:10.00 Grad:0.00) | Dice: 0.7902 | HD95: 18.17
Ep 029 | Loss(Tot:0.309 Seg:0.307 MSE:0.000 Grad:0.000 Bnd:0.000 Dec:0.000) | W(MSE:10.00 Grad:0.00) | Dice: 0.7887 | HD95: 18.74
Ep 030 | Loss(Tot:0.302 Seg:0.301 MSE:0.000 Grad:0.000 Bnd:0.000 Dec:0.000) | W(MSE:10.00 Grad:0.00) | Dice: 0.7844 | HD95: 18.86
Ep 031 | Loss(Tot:0.297 Seg:0.296 MSE:0.000 Grad:0.000 Bnd:0.000 Dec:0.000) | W(MSE:10.00 Grad:0.00) | Dice: 0.7858 | HD95: 19.19
Ep 032 | Loss(Tot:0.294 Seg:0.292 MSE:0.000 Grad:0.000 Bnd:0.000 Dec:0.000) | W(MSE:10.00 Grad:0.00) | Dice: 0.7835 | HD95: 18.28
Ep 033 | Loss(Tot:0.290 Seg:0.288 MSE:0.000 Grad:0.000 Bnd:0.000 Dec:0.000) | W(MSE:10.00 Grad:0.00) | Dice: 0.7899 | HD95: 18.13
Ep 034 | Loss(Tot:0.287 Seg:0.285 MSE:0.000 Grad:0.000 Bnd:0.000 Dec:0.000) | W(MSE:10.00 Grad:0.00) | Dice: 0.7850 | HD95: 19.09
Ep 035 | Loss(Tot:0.279 Seg:0.277 MSE:0.000 Grad:0.000 Bnd:0.000 Dec:0.000) | W(MSE:10.00 Grad:0.00) | Dice: 0.7900 | HD95: 18.14
Ep 036 | Loss(Tot:0.277 Seg:0.275 MSE:0.000 Grad:0.000 Bnd:0.000 Dec:0.000) | W(MSE:10.00 Grad:0.00) | Dice: 0.7847 | HD95: 18.91
Ep 037 | Loss(Tot:0.271 Seg:0.270 MSE:0.000 Grad:0.000 Bnd:0.000 Dec:0.000) | W(MSE:10.00 Grad:0.00) | Dice: 0.7847 | HD95: 18.16
Ep 038 | Loss(Tot:0.266 Seg:0.265 MSE:0.000 Grad:0.000 Bnd:0.000 Dec:0.000) | W(MSE:10.00 Grad:0.00) | Dice: 0.7844 | HD95: 18.21
Ep 039 | Loss(Tot:0.265 Seg:0.264 MSE:0.000 Grad:0.000 Bnd:0.000 Dec:0.000) | W(MSE:10.00 Grad:0.00) | Dice: 0.7850 | HD95: 18.20
Ep 040 | Loss(Tot:0.261 Seg:0.260 MSE:0.000 Grad:0.000 Bnd:0.000 Dec:0.000) | W(MSE:10.00 Grad:0.00) | Dice: 0.7846 | HD95: 18.15
Ep 041 | Loss(Tot:0.257 Seg:0.256 MSE:0.000 Grad:0.000 Bnd:0.000 Dec:0.000) | W(MSE:10.00 Grad:0.00) | Dice: 0.7851 | HD95: 18.34
Ep 042 | Loss(Tot:0.256 Seg:0.255 MSE:0.000 Grad:0.000 Bnd:0.000 Dec:0.000) | W(MSE:10.00 Grad:0.00) | Dice: 0.7843 | HD95: 18.08
Ep 043 | Loss(Tot:0.252 Seg:0.251 MSE:0.000 Grad:0.000 Bnd:0.000 Dec:0.000) | W(MSE:10.00 Grad:0.00) | Dice: 0.7818 | HD95: 18.83
[*] Early stopping after 20 epochs without improvement
[FINAL DISTILL WEIGHTS] MSE: 10.0000, Grad: 0.0000

==================================================
[*] Load best model for test evaluation...

[FINAL TEST RESULTS] OURS
--------------------------------------------------
Dice:  0.7606
IoU:   0.6241
HD95:  22.31
Sens:  0.7872
Spec:  0.9681
Acc:   0.9498
Prec:  0.7544
--------------------------------------------------

[*] Training complete. Results saved to: ./results/experiments\all_filtered/anisotropic_no_bn_no_intensity_pretrained_20260710\0708_1052
