[*] mode: OURS
[*] dataset: all_filtered (./dataset_all_filtered)
[*] save_path: ./results/experiments\all_filtered/anisotropic_no_intensity_scratch_20260710\0708_1411
[*] device: cuda
[*] seed: 42
[*] seg_loss: bce_dice
[*] teacher_mode: green_only
[*] teacher_dir: ./dataset_all_filtered\train\teacher_priors_green_only
[*] 未加载预训练权重，从头训练
Ep 001 | Loss(Tot:1.104 Seg:0.959 MSE:0.015 Grad:0.205 Bnd:0.000 Dec:0.000) | W(MSE:10.00 Grad:0.00) | Dice: 0.7398 | HD95: 26.59
[*] Update best model: Dice = 0.7398
Ep 002 | Loss(Tot:0.635 Seg:0.602 MSE:0.003 Grad:0.030 Bnd:0.000 Dec:0.000) | W(MSE:10.00 Grad:0.00) | Dice: 0.7582 | HD95: 24.02
[*] Update best model: Dice = 0.7582
Ep 003 | Loss(Tot:0.562 Seg:0.534 MSE:0.003 Grad:0.017 Bnd:0.000 Dec:0.000) | W(MSE:10.00 Grad:0.00) | Dice: 0.7376 | HD95: 21.78
Ep 004 | Loss(Tot:0.536 Seg:0.511 MSE:0.002 Grad:0.012 Bnd:0.000 Dec:0.000) | W(MSE:10.00 Grad:0.00) | Dice: 0.7589 | HD95: 28.52
[*] Update best model: Dice = 0.7589
Ep 005 | Loss(Tot:0.521 Seg:0.498 MSE:0.002 Grad:0.009 Bnd:0.000 Dec:0.000) | W(MSE:10.00 Grad:0.00) | Dice: 0.7776 | HD95: 20.77
[*] Update best model: Dice = 0.7776
Ep 006 | Loss(Tot:0.509 Seg:0.488 MSE:0.002 Grad:0.007 Bnd:0.000 Dec:0.000) | W(MSE:10.00 Grad:0.00) | Dice: 0.7683 | HD95: 19.81
Ep 007 | Loss(Tot:0.500 Seg:0.480 MSE:0.002 Grad:0.006 Bnd:0.000 Dec:0.000) | W(MSE:10.00 Grad:0.00) | Dice: 0.7754 | HD95: 21.02
Ep 008 | Loss(Tot:0.493 Seg:0.472 MSE:0.002 Grad:0.005 Bnd:0.000 Dec:0.000) | W(MSE:10.00 Grad:0.00) | Dice: 0.7574 | HD95: 21.29
Ep 009 | Loss(Tot:0.487 Seg:0.468 MSE:0.002 Grad:0.005 Bnd:0.000 Dec:0.000) | W(MSE:10.00 Grad:0.00) | Dice: 0.7769 | HD95: 22.27
Ep 010 | Loss(Tot:0.485 Seg:0.465 MSE:0.002 Grad:0.004 Bnd:0.000 Dec:0.000) | W(MSE:10.00 Grad:0.00) | Dice: 0.7756 | HD95: 20.70
Ep 011 | Loss(Tot:0.481 Seg:0.462 MSE:0.002 Grad:0.004 Bnd:0.000 Dec:0.000) | W(MSE:10.00 Grad:0.00) | Dice: 0.7755 | HD95: 19.78
Ep 012 | Loss(Tot:0.475 Seg:0.457 MSE:0.002 Grad:0.004 Bnd:0.000 Dec:0.000) | W(MSE:10.00 Grad:0.00) | Dice: 0.7659 | HD95: 20.90
Ep 013 | Loss(Tot:0.470 Seg:0.452 MSE:0.002 Grad:0.003 Bnd:0.000 Dec:0.000) | W(MSE:10.00 Grad:0.00) | Dice: 0.7466 | HD95: 21.32
Ep 014 | Loss(Tot:0.468 Seg:0.449 MSE:0.002 Grad:0.003 Bnd:0.000 Dec:0.000) | W(MSE:10.00 Grad:0.00) | Dice: 0.7790 | HD95: 19.85
[*] Update best model: Dice = 0.7790
Ep 015 | Loss(Tot:0.462 Seg:0.444 MSE:0.002 Grad:0.003 Bnd:0.000 Dec:0.000) | W(MSE:10.00 Grad:0.00) | Dice: 0.7794 | HD95: 19.33
[*] Update best model: Dice = 0.7794
Ep 016 | Loss(Tot:0.457 Seg:0.439 MSE:0.002 Grad:0.003 Bnd:0.000 Dec:0.000) | W(MSE:10.00 Grad:0.00) | Dice: 0.7790 | HD95: 20.46
Ep 017 | Loss(Tot:0.457 Seg:0.439 MSE:0.002 Grad:0.002 Bnd:0.000 Dec:0.000) | W(MSE:10.00 Grad:0.00) | Dice: 0.7831 | HD95: 21.01
[*] Update best model: Dice = 0.7831
Ep 018 | Loss(Tot:0.451 Seg:0.434 MSE:0.002 Grad:0.002 Bnd:0.000 Dec:0.000) | W(MSE:10.00 Grad:0.00) | Dice: 0.7783 | HD95: 20.59
Ep 019 | Loss(Tot:0.448 Seg:0.429 MSE:0.002 Grad:0.002 Bnd:0.000 Dec:0.000) | W(MSE:10.00 Grad:0.00) | Dice: 0.7837 | HD95: 19.64
[*] Update best model: Dice = 0.7837
Ep 020 | Loss(Tot:0.444 Seg:0.426 MSE:0.002 Grad:0.002 Bnd:0.000 Dec:0.000) | W(MSE:10.00 Grad:0.00) | Dice: 0.7799 | HD95: 20.21
Ep 021 | Loss(Tot:0.440 Seg:0.424 MSE:0.002 Grad:0.002 Bnd:0.000 Dec:0.000) | W(MSE:10.00 Grad:0.00) | Dice: 0.7798 | HD95: 20.36
Ep 022 | Loss(Tot:0.433 Seg:0.416 MSE:0.002 Grad:0.002 Bnd:0.000 Dec:0.000) | W(MSE:10.00 Grad:0.00) | Dice: 0.7855 | HD95: 20.67
[*] Update best model: Dice = 0.7855
Ep 023 | Loss(Tot:0.432 Seg:0.414 MSE:0.002 Grad:0.002 Bnd:0.000 Dec:0.000) | W(MSE:10.00 Grad:0.00) | Dice: 0.7906 | HD95: 19.55
[*] Update best model: Dice = 0.7906
Ep 024 | Loss(Tot:0.428 Seg:0.411 MSE:0.002 Grad:0.002 Bnd:0.000 Dec:0.000) | W(MSE:10.00 Grad:0.00) | Dice: 0.7812 | HD95: 19.70
Ep 025 | Loss(Tot:0.423 Seg:0.406 MSE:0.002 Grad:0.002 Bnd:0.000 Dec:0.000) | W(MSE:10.00 Grad:0.00) | Dice: 0.7785 | HD95: 19.42
Ep 026 | Loss(Tot:0.422 Seg:0.405 MSE:0.002 Grad:0.002 Bnd:0.000 Dec:0.000) | W(MSE:10.00 Grad:0.00) | Dice: 0.7824 | HD95: 20.61
Ep 027 | Loss(Tot:0.413 Seg:0.396 MSE:0.002 Grad:0.002 Bnd:0.000 Dec:0.000) | W(MSE:10.00 Grad:0.00) | Dice: 0.7756 | HD95: 21.42
Ep 028 | Loss(Tot:0.412 Seg:0.395 MSE:0.002 Grad:0.002 Bnd:0.000 Dec:0.000) | W(MSE:10.00 Grad:0.00) | Dice: 0.7862 | HD95: 19.33
Ep 029 | Loss(Tot:0.406 Seg:0.390 MSE:0.002 Grad:0.002 Bnd:0.000 Dec:0.000) | W(MSE:10.00 Grad:0.00) | Dice: 0.7893 | HD95: 18.70
Ep 030 | Loss(Tot:0.403 Seg:0.387 MSE:0.002 Grad:0.002 Bnd:0.000 Dec:0.000) | W(MSE:10.00 Grad:0.00) | Dice: 0.7835 | HD95: 20.38
Ep 031 | Loss(Tot:0.401 Seg:0.384 MSE:0.002 Grad:0.002 Bnd:0.000 Dec:0.000) | W(MSE:10.00 Grad:0.00) | Dice: 0.7854 | HD95: 19.69
Ep 032 | Loss(Tot:0.396 Seg:0.380 MSE:0.002 Grad:0.002 Bnd:0.000 Dec:0.000) | W(MSE:10.00 Grad:0.00) | Dice: 0.7856 | HD95: 19.88
Ep 033 | Loss(Tot:0.393 Seg:0.376 MSE:0.002 Grad:0.002 Bnd:0.000 Dec:0.000) | W(MSE:10.00 Grad:0.00) | Dice: 0.7822 | HD95: 19.57
Ep 034 | Loss(Tot:0.392 Seg:0.375 MSE:0.002 Grad:0.002 Bnd:0.000 Dec:0.000) | W(MSE:10.00 Grad:0.00) | Dice: 0.7882 | HD95: 19.73
Ep 035 | Loss(Tot:0.388 Seg:0.371 MSE:0.002 Grad:0.001 Bnd:0.000 Dec:0.000) | W(MSE:10.00 Grad:0.00) | Dice: 0.7871 | HD95: 19.35
Ep 036 | Loss(Tot:0.381 Seg:0.365 MSE:0.002 Grad:0.002 Bnd:0.000 Dec:0.000) | W(MSE:10.00 Grad:0.00) | Dice: 0.7856 | HD95: 18.88
Ep 037 | Loss(Tot:0.380 Seg:0.364 MSE:0.002 Grad:0.002 Bnd:0.000 Dec:0.000) | W(MSE:10.00 Grad:0.00) | Dice: 0.7851 | HD95: 19.20
Ep 038 | Loss(Tot:0.376 Seg:0.360 MSE:0.002 Grad:0.001 Bnd:0.000 Dec:0.000) | W(MSE:10.00 Grad:0.00) | Dice: 0.7853 | HD95: 19.01
Ep 039 | Loss(Tot:0.375 Seg:0.358 MSE:0.002 Grad:0.001 Bnd:0.000 Dec:0.000) | W(MSE:10.00 Grad:0.00) | Dice: 0.7866 | HD95: 19.89
Ep 040 | Loss(Tot:0.372 Seg:0.355 MSE:0.002 Grad:0.001 Bnd:0.000 Dec:0.000) | W(MSE:10.00 Grad:0.00) | Dice: 0.7855 | HD95: 19.90
Ep 041 | Loss(Tot:0.371 Seg:0.355 MSE:0.002 Grad:0.001 Bnd:0.000 Dec:0.000) | W(MSE:10.00 Grad:0.00) | Dice: 0.7839 | HD95: 19.70
Ep 042 | Loss(Tot:0.369 Seg:0.352 MSE:0.002 Grad:0.001 Bnd:0.000 Dec:0.000) | W(MSE:10.00 Grad:0.00) | Dice: 0.7860 | HD95: 19.71
Ep 043 | Loss(Tot:0.365 Seg:0.349 MSE:0.002 Grad:0.001 Bnd:0.000 Dec:0.000) | W(MSE:10.00 Grad:0.00) | Dice: 0.7851 | HD95: 19.25
[*] Early stopping after 20 epochs without improvement
[FINAL DISTILL WEIGHTS] MSE: 10.0000, Grad: 0.0000

==================================================
[*] Load best model for test evaluation...

[FINAL TEST RESULTS] OURS
--------------------------------------------------
Dice:  0.7561
IoU:   0.6179
HD95:  24.26
Sens:  0.8003
Spec:  0.9651
Acc:   0.9481
Prec:  0.7347
--------------------------------------------------

[*] Training complete. Results saved to: ./results/experiments\all_filtered/anisotropic_no_intensity_scratch_20260710\0708_1411
