[*] mode: OURS
[*] dataset: all_filtered (./dataset_all_filtered)
[*] save_path: ./results/experiments\all_filtered/no_bn_no_intensity_scratch_20260710\0708_1539
[*] device: cuda
[*] seed: 42
[*] seg_loss: bce_dice
[*] teacher_mode: green_only
[*] teacher_dir: ./dataset_all_filtered\train\teacher_priors_green_only
[*] 未加载预训练权重，从头训练
Ep 001 | Loss(Tot:0.953 Seg:0.912 MSE:0.004 Grad:0.000 Bnd:0.000 Dec:0.000) | W(MSE:10.00 Grad:0.00) | Dice: 0.7502 | HD95: 25.59
[*] Update best model: Dice = 0.7502
Ep 002 | Loss(Tot:0.602 Seg:0.586 MSE:0.002 Grad:0.000 Bnd:0.000 Dec:0.000) | W(MSE:10.00 Grad:0.00) | Dice: 0.7426 | HD95: 22.03
Ep 003 | Loss(Tot:0.534 Seg:0.523 MSE:0.001 Grad:0.000 Bnd:0.000 Dec:0.000) | W(MSE:10.00 Grad:0.00) | Dice: 0.7540 | HD95: 22.17
[*] Update best model: Dice = 0.7540
Ep 004 | Loss(Tot:0.508 Seg:0.499 MSE:0.001 Grad:0.000 Bnd:0.000 Dec:0.000) | W(MSE:10.00 Grad:0.00) | Dice: 0.7674 | HD95: 22.17
[*] Update best model: Dice = 0.7674
Ep 005 | Loss(Tot:0.493 Seg:0.487 MSE:0.001 Grad:0.000 Bnd:0.000 Dec:0.000) | W(MSE:10.00 Grad:0.00) | Dice: 0.7759 | HD95: 20.99
[*] Update best model: Dice = 0.7759
Ep 006 | Loss(Tot:0.483 Seg:0.479 MSE:0.000 Grad:0.000 Bnd:0.000 Dec:0.000) | W(MSE:10.00 Grad:0.00) | Dice: 0.7661 | HD95: 25.75
Ep 007 | Loss(Tot:0.473 Seg:0.469 MSE:0.000 Grad:0.000 Bnd:0.000 Dec:0.000) | W(MSE:10.00 Grad:0.00) | Dice: 0.7758 | HD95: 20.62
Ep 008 | Loss(Tot:0.466 Seg:0.463 MSE:0.000 Grad:0.000 Bnd:0.000 Dec:0.000) | W(MSE:10.00 Grad:0.00) | Dice: 0.7655 | HD95: 20.77
Ep 009 | Loss(Tot:0.463 Seg:0.460 MSE:0.000 Grad:0.000 Bnd:0.000 Dec:0.000) | W(MSE:10.00 Grad:0.00) | Dice: 0.7708 | HD95: 20.86
Ep 010 | Loss(Tot:0.457 Seg:0.454 MSE:0.000 Grad:0.000 Bnd:0.000 Dec:0.000) | W(MSE:10.00 Grad:0.00) | Dice: 0.7804 | HD95: 19.19
[*] Update best model: Dice = 0.7804
Ep 011 | Loss(Tot:0.455 Seg:0.453 MSE:0.000 Grad:0.000 Bnd:0.000 Dec:0.000) | W(MSE:10.00 Grad:0.00) | Dice: 0.7837 | HD95: 20.23
[*] Update best model: Dice = 0.7837
Ep 012 | Loss(Tot:0.446 Seg:0.444 MSE:0.000 Grad:0.000 Bnd:0.000 Dec:0.000) | W(MSE:10.00 Grad:0.00) | Dice: 0.7795 | HD95: 19.66
Ep 013 | Loss(Tot:0.443 Seg:0.440 MSE:0.000 Grad:0.000 Bnd:0.000 Dec:0.000) | W(MSE:10.00 Grad:0.00) | Dice: 0.7786 | HD95: 18.97
Ep 014 | Loss(Tot:0.442 Seg:0.440 MSE:0.000 Grad:0.000 Bnd:0.000 Dec:0.000) | W(MSE:10.00 Grad:0.00) | Dice: 0.7814 | HD95: 19.81
Ep 015 | Loss(Tot:0.434 Seg:0.431 MSE:0.000 Grad:0.000 Bnd:0.000 Dec:0.000) | W(MSE:10.00 Grad:0.00) | Dice: 0.7712 | HD95: 19.41
Ep 016 | Loss(Tot:0.432 Seg:0.429 MSE:0.000 Grad:0.000 Bnd:0.000 Dec:0.000) | W(MSE:10.00 Grad:0.00) | Dice: 0.7878 | HD95: 20.88
[*] Update best model: Dice = 0.7878
Ep 017 | Loss(Tot:0.426 Seg:0.423 MSE:0.000 Grad:0.000 Bnd:0.000 Dec:0.000) | W(MSE:10.00 Grad:0.00) | Dice: 0.7872 | HD95: 19.97
Ep 018 | Loss(Tot:0.424 Seg:0.421 MSE:0.000 Grad:0.000 Bnd:0.000 Dec:0.000) | W(MSE:10.00 Grad:0.00) | Dice: 0.7825 | HD95: 18.65
Ep 019 | Loss(Tot:0.420 Seg:0.418 MSE:0.000 Grad:0.000 Bnd:0.000 Dec:0.000) | W(MSE:10.00 Grad:0.00) | Dice: 0.7851 | HD95: 20.04
Ep 020 | Loss(Tot:0.417 Seg:0.414 MSE:0.000 Grad:0.000 Bnd:0.000 Dec:0.000) | W(MSE:10.00 Grad:0.00) | Dice: 0.7818 | HD95: 18.24
Ep 021 | Loss(Tot:0.411 Seg:0.409 MSE:0.000 Grad:0.000 Bnd:0.000 Dec:0.000) | W(MSE:10.00 Grad:0.00) | Dice: 0.7831 | HD95: 19.34
Ep 022 | Loss(Tot:0.406 Seg:0.404 MSE:0.000 Grad:0.000 Bnd:0.000 Dec:0.000) | W(MSE:10.00 Grad:0.00) | Dice: 0.7831 | HD95: 19.17
Ep 023 | Loss(Tot:0.404 Seg:0.402 MSE:0.000 Grad:0.000 Bnd:0.000 Dec:0.000) | W(MSE:10.00 Grad:0.00) | Dice: 0.7870 | HD95: 18.89
Ep 024 | Loss(Tot:0.397 Seg:0.395 MSE:0.000 Grad:0.000 Bnd:0.000 Dec:0.000) | W(MSE:10.00 Grad:0.00) | Dice: 0.7894 | HD95: 19.27
[*] Update best model: Dice = 0.7894
Ep 025 | Loss(Tot:0.393 Seg:0.391 MSE:0.000 Grad:0.000 Bnd:0.000 Dec:0.000) | W(MSE:10.00 Grad:0.00) | Dice: 0.7892 | HD95: 19.21
Ep 026 | Loss(Tot:0.391 Seg:0.389 MSE:0.000 Grad:0.000 Bnd:0.000 Dec:0.000) | W(MSE:10.00 Grad:0.00) | Dice: 0.7751 | HD95: 19.80
Ep 027 | Loss(Tot:0.387 Seg:0.385 MSE:0.000 Grad:0.000 Bnd:0.000 Dec:0.000) | W(MSE:10.00 Grad:0.00) | Dice: 0.7894 | HD95: 18.89
[*] Update best model: Dice = 0.7894
Ep 028 | Loss(Tot:0.381 Seg:0.380 MSE:0.000 Grad:0.000 Bnd:0.000 Dec:0.000) | W(MSE:10.00 Grad:0.00) | Dice: 0.7890 | HD95: 19.23
Ep 029 | Loss(Tot:0.378 Seg:0.376 MSE:0.000 Grad:0.000 Bnd:0.000 Dec:0.000) | W(MSE:10.00 Grad:0.00) | Dice: 0.7878 | HD95: 18.50
Ep 030 | Loss(Tot:0.375 Seg:0.373 MSE:0.000 Grad:0.000 Bnd:0.000 Dec:0.000) | W(MSE:10.00 Grad:0.00) | Dice: 0.7876 | HD95: 18.45
Ep 031 | Loss(Tot:0.369 Seg:0.367 MSE:0.000 Grad:0.000 Bnd:0.000 Dec:0.000) | W(MSE:10.00 Grad:0.00) | Dice: 0.7822 | HD95: 19.05
Ep 032 | Loss(Tot:0.368 Seg:0.366 MSE:0.000 Grad:0.000 Bnd:0.000 Dec:0.000) | W(MSE:10.00 Grad:0.00) | Dice: 0.7821 | HD95: 18.60
Ep 033 | Loss(Tot:0.364 Seg:0.363 MSE:0.000 Grad:0.000 Bnd:0.000 Dec:0.000) | W(MSE:10.00 Grad:0.00) | Dice: 0.7756 | HD95: 19.53
Ep 034 | Loss(Tot:0.360 Seg:0.359 MSE:0.000 Grad:0.000 Bnd:0.000 Dec:0.000) | W(MSE:10.00 Grad:0.00) | Dice: 0.7872 | HD95: 19.30
Ep 035 | Loss(Tot:0.357 Seg:0.355 MSE:0.000 Grad:0.000 Bnd:0.000 Dec:0.000) | W(MSE:10.00 Grad:0.00) | Dice: 0.7859 | HD95: 18.36
Ep 036 | Loss(Tot:0.354 Seg:0.352 MSE:0.000 Grad:0.000 Bnd:0.000 Dec:0.000) | W(MSE:10.00 Grad:0.00) | Dice: 0.7832 | HD95: 18.77
Ep 037 | Loss(Tot:0.350 Seg:0.348 MSE:0.000 Grad:0.000 Bnd:0.000 Dec:0.000) | W(MSE:10.00 Grad:0.00) | Dice: 0.7891 | HD95: 18.68
Ep 038 | Loss(Tot:0.347 Seg:0.346 MSE:0.000 Grad:0.000 Bnd:0.000 Dec:0.000) | W(MSE:10.00 Grad:0.00) | Dice: 0.7862 | HD95: 19.05
Ep 039 | Loss(Tot:0.346 Seg:0.345 MSE:0.000 Grad:0.000 Bnd:0.000 Dec:0.000) | W(MSE:10.00 Grad:0.00) | Dice: 0.7869 | HD95: 18.78
Ep 040 | Loss(Tot:0.344 Seg:0.342 MSE:0.000 Grad:0.000 Bnd:0.000 Dec:0.000) | W(MSE:10.00 Grad:0.00) | Dice: 0.7822 | HD95: 18.96
Ep 041 | Loss(Tot:0.340 Seg:0.339 MSE:0.000 Grad:0.000 Bnd:0.000 Dec:0.000) | W(MSE:10.00 Grad:0.00) | Dice: 0.7850 | HD95: 18.82
Ep 042 | Loss(Tot:0.340 Seg:0.338 MSE:0.000 Grad:0.000 Bnd:0.000 Dec:0.000) | W(MSE:10.00 Grad:0.00) | Dice: 0.7839 | HD95: 18.25
Ep 043 | Loss(Tot:0.338 Seg:0.336 MSE:0.000 Grad:0.000 Bnd:0.000 Dec:0.000) | W(MSE:10.00 Grad:0.00) | Dice: 0.7846 | HD95: 18.24
Ep 044 | Loss(Tot:0.336 Seg:0.334 MSE:0.000 Grad:0.000 Bnd:0.000 Dec:0.000) | W(MSE:10.00 Grad:0.00) | Dice: 0.7828 | HD95: 18.63
Ep 045 | Loss(Tot:0.332 Seg:0.330 MSE:0.000 Grad:0.000 Bnd:0.000 Dec:0.000) | W(MSE:10.00 Grad:0.00) | Dice: 0.7851 | HD95: 18.38
Ep 046 | Loss(Tot:0.333 Seg:0.331 MSE:0.000 Grad:0.000 Bnd:0.000 Dec:0.000) | W(MSE:10.00 Grad:0.00) | Dice: 0.7849 | HD95: 18.77
Ep 047 | Loss(Tot:0.333 Seg:0.332 MSE:0.000 Grad:0.000 Bnd:0.000 Dec:0.000) | W(MSE:10.00 Grad:0.00) | Dice: 0.7854 | HD95: 18.59
[*] Early stopping after 20 epochs without improvement
[FINAL DISTILL WEIGHTS] MSE: 10.0000, Grad: 0.0000

==================================================
[*] Load best model for test evaluation...

[FINAL TEST RESULTS] OURS
--------------------------------------------------
Dice:  0.7573
IoU:   0.6193
HD95:  23.99
Sens:  0.7720
Spec:  0.9713
Acc:   0.9503
Prec:  0.7621
--------------------------------------------------

[*] Training complete. Results saved to: ./results/experiments\all_filtered/no_bn_no_intensity_scratch_20260710\0708_1539
